Copyright 1986-2020 Xilinx, Inc. All Rights Reserved.
------------------------------------------------------------------------------------
| Tool Version : Vivado v.2020.2 (win64) Build 3064766 Wed Nov 18 09:12:45 MST 2020
| Date         : Wed May 21 23:01:44 2025
| Host         : DESKTOP-5KDKKP9 running 64-bit major release  (build 9200)
| Command      : report_control_sets -verbose -file spi_control_sets_placed.rpt
| Design       : spi
| Device       : xc7a35t
------------------------------------------------------------------------------------

Control Set Information

Table of Contents
-----------------
1. Summary
2. Histogram
3. Flip-Flop Distribution
4. Detailed Control Set Information

1. Summary
----------

+----------------------------------------------------------+-------+
|                          Status                          | Count |
+----------------------------------------------------------+-------+
| Total control sets                                       |     8 |
|    Minimum number of control sets                        |     8 |
|    Addition due to synthesis replication                 |     0 |
|    Addition due to physical synthesis replication        |     0 |
| Unused register locations in slices containing registers |    12 |
+----------------------------------------------------------+-------+
* Control sets can be merged at opt_design using control_set_merge or merge_equivalent_drivers
** Run report_qor_suggestions for automated merging and remapping suggestions


2. Histogram
------------

+--------------------+-------+
|       Fanout       | Count |
+--------------------+-------+
| Total control sets |     8 |
| >= 0 to < 4        |     0 |
| >= 4 to < 6        |     1 |
| >= 6 to < 8        |     1 |
| >= 8 to < 10       |     5 |
| >= 10 to < 12      |     0 |
| >= 12 to < 14      |     0 |
| >= 14 to < 16      |     0 |
| >= 16              |     1 |
+--------------------+-------+
* Control sets can be remapped at either synth_design or opt_design


3. Flip-Flop Distribution
-------------------------

+--------------+-----------------------+------------------------+-----------------+--------------+
| Clock Enable | Synchronous Set/Reset | Asynchronous Set/Reset | Total Registers | Total Slices |
+--------------+-----------------------+------------------------+-----------------+--------------+
| No           | No                    | No                     |              16 |            7 |
| No           | No                    | Yes                    |              49 |           19 |
| No           | Yes                   | No                     |               0 |            0 |
| Yes          | No                    | No                     |               0 |            0 |
| Yes          | No                    | Yes                    |              27 |            6 |
| Yes          | Yes                   | No                     |               0 |            0 |
+--------------+-----------------------+------------------------+-----------------+--------------+


4. Detailed Control Set Information
-----------------------------------

+--------------------------------+--------------------------------------------------+------------------+------------------+----------------+--------------+
|          Clock Signal          |                   Enable Signal                  | Set/Reset Signal | Slice Load Count | Bel Load Count | Bels / Slice |
+--------------------------------+--------------------------------------------------+------------------+------------------+----------------+--------------+
|  clk_IBUF_BUFG                 | dutt/U_SPI_Slave_Reg/FSM_onehot_state[4]_i_1_n_0 | reset_IBUF       |                1 |              5 |         5.00 |
|  clk_IBUF_BUFG                 | dut/sclk_counter_next                            | reset_IBUF       |                2 |              6 |         3.00 |
|  dutt/U_SPI_Slave_Reg/slv_reg1 |                                                  |                  |                3 |              8 |         2.67 |
|  dutt/U_SPI_Slave_Reg/slv_reg0 |                                                  |                  |                4 |              8 |         2.00 |
|  U_btn/r_1khz                  |                                                  | reset_IBUF       |                2 |              8 |         4.00 |
|  clk_IBUF_BUFG                 | dutt/U_SPI_Slave_Intf/si_data_reg[7]_i_1_n_0     | reset_IBUF       |                1 |              8 |         8.00 |
|  clk_IBUF_BUFG                 | dut/temp_tx_data_next_0                          | reset_IBUF       |                2 |              8 |         4.00 |
|  clk_IBUF_BUFG                 |                                                  | reset_IBUF       |               17 |             41 |         2.41 |
+--------------------------------+--------------------------------------------------+------------------+------------------+----------------+--------------+


