Copyright 1986-2020 Xilinx, Inc. All Rights Reserved.
---------------------------------------------------------------------------------------------------
| Tool Version : Vivado v.2020.2 (win64) Build 3064766 Wed Nov 18 09:12:45 MST 2020
| Date         : Wed May 21 23:01:58 2025
| Host         : DESKTOP-5KDKKP9 running 64-bit major release  (build 9200)
| Command      : report_drc -file spi_drc_routed.rpt -pb spi_drc_routed.pb -rpx spi_drc_routed.rpx
| Design       : spi
| Device       : xc7a35tcpg236-1
| Speed File   : -1
| Design State : Fully Routed
---------------------------------------------------------------------------------------------------

Report DRC

Table of Contents
-----------------
1. REPORT SUMMARY
2. REPORT DETAILS

1. REPORT SUMMARY
-----------------
            Netlist: netlist
          Floorplan: design_1
      Design limits: <entire design considered>
           Ruledeck: default
             Max violations: <unlimited>
             Violations found: 2
+----------+----------+-------------------+------------+
| Rule     | Severity | Description       | Violations |
+----------+----------+-------------------+------------+
| PDRC-153 | Warning  | Gated clock check | 2          |
+----------+----------+-------------------+------------+

2. REPORT DETAILS
-----------------
PDRC-153#1 Warning
Gated clock check  
Net dutt/U_SPI_Slave_Reg/slv_reg0 is a gated clock net sourced by a combinational pin dutt/U_SPI_Slave_Reg/slv_reg0_reg[7]_i_1/O, cell dutt/U_SPI_Slave_Reg/slv_reg0_reg[7]_i_1. This is not good design practice and will likely impact performance. For SLICE registers, for example, use the CE pin to control the loading of data.
Related violations: <none>

PDRC-153#2 Warning
Gated clock check  
Net dutt/U_SPI_Slave_Reg/slv_reg1 is a gated clock net sourced by a combinational pin dutt/U_SPI_Slave_Reg/slv_reg1_reg[7]_i_1/O, cell dutt/U_SPI_Slave_Reg/slv_reg1_reg[7]_i_1. This is not good design practice and will likely impact performance. For SLICE registers, for example, use the CE pin to control the loading of data.
Related violations: <none>


