Copyright 1986-2020 Xilinx, Inc. All Rights Reserved.
--------------------------------------------------------------------------------------------------------------------------------------------------------------------------------------------------
| Tool Version : Vivado v.2020.2 (win64) Build 3064766 Wed Nov 18 09:12:45 MST 2020
| Date         : Thu May 22 18:46:47 2025
| Host         : DESKTOP-7CFQ9ND running 64-bit major release  (build 9200)
| Command      : report_timing_summary -max_paths 10 -file SPI_Slave_timing_summary_routed.rpt -pb SPI_Slave_timing_summary_routed.pb -rpx SPI_Slave_timing_summary_routed.rpx -warn_on_violation
| Design       : SPI_Slave
| Device       : 7a35t-cpg236
| Speed File   : -1  PRODUCTION 1.23 2018-06-13
--------------------------------------------------------------------------------------------------------------------------------------------------------------------------------------------------

Timing Summary Report

------------------------------------------------------------------------------------------------
| Timer Settings
| --------------
------------------------------------------------------------------------------------------------

  Enable Multi Corner Analysis               :  Yes
  Enable Pessimism Removal                   :  Yes
  Pessimism Removal Resolution               :  Nearest Common Node
  Enable Input Delay Default Clock           :  No
  Enable Preset / Clear Arcs                 :  No
  Disable Flight Delays                      :  No
  Ignore I/O Paths                           :  No
  Timing Early Launch at Borrowing Latches   :  No
  Borrow Time for Max Delay Exceptions       :  Yes
  Merge Timing Exceptions                    :  Yes

  Corner  Analyze    Analyze    
  Name    Max Paths  Min Paths  
  ------  ---------  ---------  
  Slow    Yes        Yes        
  Fast    Yes        Yes        



check_timing report

Table of Contents
-----------------
1. checking no_clock (160)
2. checking constant_clock (0)
3. checking pulse_width_clock (0)
4. checking unconstrained_internal_endpoints (32)
5. checking no_input_delay (4)
6. checking no_output_delay (13)
7. checking multiple_clock (0)
8. checking generated_clocks (0)
9. checking loops (0)
10. checking partial_input_delay (0)
11. checking partial_output_delay (0)
12. checking latch_loops (0)

1. checking no_clock (160)
--------------------------
 There are 32 register/latch pins with no clock driven by root clock pin: SS (HIGH)

 There are 32 register/latch pins with no clock driven by root clock pin: U_SPI_Slave_Intf/si_done_reg_reg/Q (HIGH)

 There are 32 register/latch pins with no clock driven by root clock pin: U_SPI_Slave_Reg/FSM_onehot_state_reg[2]/Q (HIGH)

 There are 32 register/latch pins with no clock driven by root clock pin: U_SPI_Slave_Reg/addr_reg_reg[0]/Q (HIGH)

 There are 32 register/latch pins with no clock driven by root clock pin: U_SPI_Slave_Reg/addr_reg_reg[1]/Q (HIGH)


2. checking constant_clock (0)
------------------------------
 There are 0 register/latch pins with constant_clock.


3. checking pulse_width_clock (0)
---------------------------------
 There are 0 register/latch pins which need pulse_width check


4. checking unconstrained_internal_endpoints (32)
-------------------------------------------------
 There are 32 pins that are not constrained for maximum delay. (HIGH)

 There are 0 pins that are not constrained for maximum delay due to constant clock.


5. checking no_input_delay (4)
------------------------------
 There are 4 input ports with no input delay specified. (HIGH)

 There are 0 input ports with no input delay but user has a false path constraint.


6. checking no_output_delay (13)
--------------------------------
 There are 13 ports with no output delay specified. (HIGH)

 There are 0 ports with no output delay but user has a false path constraint

 There are 0 ports with no output delay but with a timing clock defined on it or propagating through it


7. checking multiple_clock (0)
------------------------------
 There are 0 register/latch pins with multiple clocks.


8. checking generated_clocks (0)
--------------------------------
 There are 0 generated clocks that are not connected to a clock source.


9. checking loops (0)
---------------------
 There are 0 combinational loops in the design.


10. checking partial_input_delay (0)
------------------------------------
 There are 0 input ports with partial input delay specified.


11. checking partial_output_delay (0)
-------------------------------------
 There are 0 ports with partial output delay specified.


12. checking latch_loops (0)
----------------------------
 There are 0 combinational latch loops in the design through latch input



------------------------------------------------------------------------------------------------
| Design Timing Summary
| ---------------------
------------------------------------------------------------------------------------------------

    WNS(ns)      TNS(ns)  TNS Failing Endpoints  TNS Total Endpoints      WHS(ns)      THS(ns)  THS Failing Endpoints  THS Total Endpoints     WPWS(ns)     TPWS(ns)  TPWS Failing Endpoints  TPWS Total Endpoints  
    -------      -------  ---------------------  -------------------      -------      -------  ---------------------  -------------------     --------     --------  ----------------------  --------------------  
      6.939        0.000                      0                   73        0.151        0.000                      0                   73        4.500        0.000                       0                    52  


All user specified timing constraints are met.


------------------------------------------------------------------------------------------------
| Clock Summary
| -------------
------------------------------------------------------------------------------------------------

Clock        Waveform(ns)       Period(ns)      Frequency(MHz)
-----        ------------       ----------      --------------
sys_clk_pin  {0.000 5.000}      10.000          100.000         


------------------------------------------------------------------------------------------------
| Intra Clock Table
| -----------------
------------------------------------------------------------------------------------------------

Clock             WNS(ns)      TNS(ns)  TNS Failing Endpoints  TNS Total Endpoints      WHS(ns)      THS(ns)  THS Failing Endpoints  THS Total Endpoints     WPWS(ns)     TPWS(ns)  TPWS Failing Endpoints  TPWS Total Endpoints  
-----             -------      -------  ---------------------  -------------------      -------      -------  ---------------------  -------------------     --------     --------  ----------------------  --------------------  
sys_clk_pin         6.939        0.000                      0                   73        0.151        0.000                      0                   73        4.500        0.000                       0                    52  


------------------------------------------------------------------------------------------------
| Inter Clock Table
| -----------------
------------------------------------------------------------------------------------------------

From Clock    To Clock          WNS(ns)      TNS(ns)  TNS Failing Endpoints  TNS Total Endpoints      WHS(ns)      THS(ns)  THS Failing Endpoints  THS Total Endpoints  
----------    --------          -------      -------  ---------------------  -------------------      -------      -------  ---------------------  -------------------  


------------------------------------------------------------------------------------------------
| Other Path Groups Table
| -----------------------
------------------------------------------------------------------------------------------------

Path Group    From Clock    To Clock          WNS(ns)      TNS(ns)  TNS Failing Endpoints  TNS Total Endpoints      WHS(ns)      THS(ns)  THS Failing Endpoints  THS Total Endpoints  
----------    ----------    --------          -------      -------  ---------------------  -------------------      -------      -------  ---------------------  -------------------  


------------------------------------------------------------------------------------------------
| Timing Details
| --------------
------------------------------------------------------------------------------------------------


---------------------------------------------------------------------------------------------------
From Clock:  sys_clk_pin
  To Clock:  sys_clk_pin

Setup :            0  Failing Endpoints,  Worst Slack        6.939ns,  Total Violation        0.000ns
Hold  :            0  Failing Endpoints,  Worst Slack        0.151ns,  Total Violation        0.000ns
PW    :            0  Failing Endpoints,  Worst Slack        4.500ns,  Total Violation        0.000ns
---------------------------------------------------------------------------------------------------


Max Delay Paths
--------------------------------------------------------------------------------------
Slack (MET) :             6.939ns  (required time - arrival time)
  Source:                 U_fnd/U_clk_div_1khz/div_counter_reg[8]/C
                            (rising edge-triggered cell FDCE clocked by sys_clk_pin  {rise@0.000ns fall@5.000ns period=10.000ns})
  Destination:            U_fnd/U_clk_div_1khz/div_counter_reg[7]/D
                            (rising edge-triggered cell FDCE clocked by sys_clk_pin  {rise@0.000ns fall@5.000ns period=10.000ns})
  Path Group:             sys_clk_pin
  Path Type:              Setup (Max at Slow Process Corner)
  Requirement:            10.000ns  (sys_clk_pin rise@10.000ns - sys_clk_pin rise@0.000ns)
  Data Path Delay:        3.080ns  (logic 0.937ns (30.420%)  route 2.143ns (69.580%))
  Logic Levels:           2  (LUT4=1 LUT6=1)
  Clock Path Skew:        -0.024ns (DCD - SCD + CPR)
    Destination Clock Delay (DCD):    4.842ns = ( 14.842 - 10.000 ) 
    Source Clock Delay      (SCD):    5.140ns
    Clock Pessimism Removal (CPR):    0.274ns
  Clock Uncertainty:      0.035ns  ((TSJ^2 + TIJ^2)^1/2 + DJ) / 2 + PE
    Total System Jitter     (TSJ):    0.071ns
    Total Input Jitter      (TIJ):    0.000ns
    Discrete Jitter          (DJ):    0.000ns
    Phase Error              (PE):    0.000ns

    Location             Delay type                Incr(ns)  Path(ns)    Netlist Resource(s)
  -------------------------------------------------------------------    -------------------
                         (clock sys_clk_pin rise edge)
                                                      0.000     0.000 r  
    W5                                                0.000     0.000 r  clk (IN)
                         net (fo=0)                   0.000     0.000    clk
    W5                   IBUF (Prop_ibuf_I_O)         1.458     1.458 r  clk_IBUF_inst/O
                         net (fo=1, routed)           1.967     3.425    clk_IBUF
    BUFGCTRL_X0Y0        BUFG (Prop_bufg_I_O)         0.096     3.521 r  clk_IBUF_BUFG_inst/O
                         net (fo=51, routed)          1.619     5.140    U_fnd/U_clk_div_1khz/clk_IBUF_BUFG
    SLICE_X61Y26         FDCE                                         r  U_fnd/U_clk_div_1khz/div_counter_reg[8]/C
  -------------------------------------------------------------------    -------------------
    SLICE_X61Y26         FDCE (Prop_fdce_C_Q)         0.456     5.596 f  U_fnd/U_clk_div_1khz/div_counter_reg[8]/Q
                         net (fo=5, routed)           1.311     6.907    U_fnd/U_clk_div_1khz/div_counter[8]
    SLICE_X61Y26         LUT4 (Prop_lut4_I0_O)        0.154     7.061 r  U_fnd/U_clk_div_1khz/div_counter[7]_i_2/O
                         net (fo=3, routed)           0.833     7.893    U_fnd/U_clk_div_1khz/div_counter[7]_i_2_n_0
    SLICE_X60Y25         LUT6 (Prop_lut6_I4_O)        0.327     8.220 r  U_fnd/U_clk_div_1khz/div_counter[7]_i_1/O
                         net (fo=1, routed)           0.000     8.220    U_fnd/U_clk_div_1khz/div_counter_0[7]
    SLICE_X60Y25         FDCE                                         r  U_fnd/U_clk_div_1khz/div_counter_reg[7]/D
  -------------------------------------------------------------------    -------------------

                         (clock sys_clk_pin rise edge)
                                                     10.000    10.000 r  
    W5                                                0.000    10.000 r  clk (IN)
                         net (fo=0)                   0.000    10.000    clk
    W5                   IBUF (Prop_ibuf_I_O)         1.388    11.388 r  clk_IBUF_inst/O
                         net (fo=1, routed)           1.862    13.250    clk_IBUF
    BUFGCTRL_X0Y0        BUFG (Prop_bufg_I_O)         0.091    13.341 r  clk_IBUF_BUFG_inst/O
                         net (fo=51, routed)          1.501    14.842    U_fnd/U_clk_div_1khz/clk_IBUF_BUFG
    SLICE_X60Y25         FDCE                                         r  U_fnd/U_clk_div_1khz/div_counter_reg[7]/C
                         clock pessimism              0.274    15.116    
                         clock uncertainty           -0.035    15.081    
    SLICE_X60Y25         FDCE (Setup_fdce_C_D)        0.079    15.160    U_fnd/U_clk_div_1khz/div_counter_reg[7]
  -------------------------------------------------------------------
                         required time                         15.160    
                         arrival time                          -8.220    
  -------------------------------------------------------------------
                         slack                                  6.939    

Slack (MET) :             7.086ns  (required time - arrival time)
  Source:                 U_fnd/U_clk_div_1khz/div_counter_reg[8]/C
                            (rising edge-triggered cell FDCE clocked by sys_clk_pin  {rise@0.000ns fall@5.000ns period=10.000ns})
  Destination:            U_fnd/U_clk_div_1khz/div_counter_reg[5]/D
                            (rising edge-triggered cell FDCE clocked by sys_clk_pin  {rise@0.000ns fall@5.000ns period=10.000ns})
  Path Group:             sys_clk_pin
  Path Type:              Setup (Max at Slow Process Corner)
  Requirement:            10.000ns  (sys_clk_pin rise@10.000ns - sys_clk_pin rise@0.000ns)
  Data Path Delay:        2.931ns  (logic 0.937ns (31.967%)  route 1.994ns (68.033%))
  Logic Levels:           2  (LUT4=1 LUT6=1)
  Clock Path Skew:        -0.024ns (DCD - SCD + CPR)
    Destination Clock Delay (DCD):    4.842ns = ( 14.842 - 10.000 ) 
    Source Clock Delay      (SCD):    5.140ns
    Clock Pessimism Removal (CPR):    0.274ns
  Clock Uncertainty:      0.035ns  ((TSJ^2 + TIJ^2)^1/2 + DJ) / 2 + PE
    Total System Jitter     (TSJ):    0.071ns
    Total Input Jitter      (TIJ):    0.000ns
    Discrete Jitter          (DJ):    0.000ns
    Phase Error              (PE):    0.000ns

    Location             Delay type                Incr(ns)  Path(ns)    Netlist Resource(s)
  -------------------------------------------------------------------    -------------------
                         (clock sys_clk_pin rise edge)
                                                      0.000     0.000 r  
    W5                                                0.000     0.000 r  clk (IN)
                         net (fo=0)                   0.000     0.000    clk
    W5                   IBUF (Prop_ibuf_I_O)         1.458     1.458 r  clk_IBUF_inst/O
                         net (fo=1, routed)           1.967     3.425    clk_IBUF
    BUFGCTRL_X0Y0        BUFG (Prop_bufg_I_O)         0.096     3.521 r  clk_IBUF_BUFG_inst/O
                         net (fo=51, routed)          1.619     5.140    U_fnd/U_clk_div_1khz/clk_IBUF_BUFG
    SLICE_X61Y26         FDCE                                         r  U_fnd/U_clk_div_1khz/div_counter_reg[8]/C
  -------------------------------------------------------------------    -------------------
    SLICE_X61Y26         FDCE (Prop_fdce_C_Q)         0.456     5.596 f  U_fnd/U_clk_div_1khz/div_counter_reg[8]/Q
                         net (fo=5, routed)           1.311     6.907    U_fnd/U_clk_div_1khz/div_counter[8]
    SLICE_X61Y26         LUT4 (Prop_lut4_I0_O)        0.154     7.061 r  U_fnd/U_clk_div_1khz/div_counter[7]_i_2/O
                         net (fo=3, routed)           0.684     7.744    U_fnd/U_clk_div_1khz/div_counter[7]_i_2_n_0
    SLICE_X60Y25         LUT6 (Prop_lut6_I0_O)        0.327     8.071 r  U_fnd/U_clk_div_1khz/div_counter[5]_i_1/O
                         net (fo=1, routed)           0.000     8.071    U_fnd/U_clk_div_1khz/div_counter_0[5]
    SLICE_X60Y25         FDCE                                         r  U_fnd/U_clk_div_1khz/div_counter_reg[5]/D
  -------------------------------------------------------------------    -------------------

                         (clock sys_clk_pin rise edge)
                                                     10.000    10.000 r  
    W5                                                0.000    10.000 r  clk (IN)
                         net (fo=0)                   0.000    10.000    clk
    W5                   IBUF (Prop_ibuf_I_O)         1.388    11.388 r  clk_IBUF_inst/O
                         net (fo=1, routed)           1.862    13.250    clk_IBUF
    BUFGCTRL_X0Y0        BUFG (Prop_bufg_I_O)         0.091    13.341 r  clk_IBUF_BUFG_inst/O
                         net (fo=51, routed)          1.501    14.842    U_fnd/U_clk_div_1khz/clk_IBUF_BUFG
    SLICE_X60Y25         FDCE                                         r  U_fnd/U_clk_div_1khz/div_counter_reg[5]/C
                         clock pessimism              0.274    15.116    
                         clock uncertainty           -0.035    15.081    
    SLICE_X60Y25         FDCE (Setup_fdce_C_D)        0.077    15.158    U_fnd/U_clk_div_1khz/div_counter_reg[5]
  -------------------------------------------------------------------
                         required time                         15.158    
                         arrival time                          -8.071    
  -------------------------------------------------------------------
                         slack                                  7.086    

Slack (MET) :             7.106ns  (required time - arrival time)
  Source:                 U_fnd/U_clk_div_1khz/div_counter_reg[1]/C
                            (rising edge-triggered cell FDCE clocked by sys_clk_pin  {rise@0.000ns fall@5.000ns period=10.000ns})
  Destination:            U_fnd/U_clk_div_1khz/div_counter_reg[3]/D
                            (rising edge-triggered cell FDCE clocked by sys_clk_pin  {rise@0.000ns fall@5.000ns period=10.000ns})
  Path Group:             sys_clk_pin
  Path Type:              Setup (Max at Slow Process Corner)
  Requirement:            10.000ns  (sys_clk_pin rise@10.000ns - sys_clk_pin rise@0.000ns)
  Data Path Delay:        2.914ns  (logic 1.094ns (37.547%)  route 1.820ns (62.453%))
  Logic Levels:           2  (LUT3=1 LUT6=1)
  Clock Path Skew:        -0.022ns (DCD - SCD + CPR)
    Destination Clock Delay (DCD):    4.844ns = ( 14.844 - 10.000 ) 
    Source Clock Delay      (SCD):    5.140ns
    Clock Pessimism Removal (CPR):    0.274ns
  Clock Uncertainty:      0.035ns  ((TSJ^2 + TIJ^2)^1/2 + DJ) / 2 + PE
    Total System Jitter     (TSJ):    0.071ns
    Total Input Jitter      (TIJ):    0.000ns
    Discrete Jitter          (DJ):    0.000ns
    Phase Error              (PE):    0.000ns

    Location             Delay type                Incr(ns)  Path(ns)    Netlist Resource(s)
  -------------------------------------------------------------------    -------------------
                         (clock sys_clk_pin rise edge)
                                                      0.000     0.000 r  
    W5                                                0.000     0.000 r  clk (IN)
                         net (fo=0)                   0.000     0.000    clk
    W5                   IBUF (Prop_ibuf_I_O)         1.458     1.458 r  clk_IBUF_inst/O
                         net (fo=1, routed)           1.967     3.425    clk_IBUF
    BUFGCTRL_X0Y0        BUFG (Prop_bufg_I_O)         0.096     3.521 r  clk_IBUF_BUFG_inst/O
                         net (fo=51, routed)          1.619     5.140    U_fnd/U_clk_div_1khz/clk_IBUF_BUFG
    SLICE_X61Y26         FDCE                                         r  U_fnd/U_clk_div_1khz/div_counter_reg[1]/C
  -------------------------------------------------------------------    -------------------
    SLICE_X61Y26         FDCE (Prop_fdce_C_Q)         0.419     5.559 f  U_fnd/U_clk_div_1khz/div_counter_reg[1]/Q
                         net (fo=6, routed)           1.120     6.679    U_fnd/U_clk_div_1khz/div_counter[1]
    SLICE_X60Y26         LUT3 (Prop_lut3_I0_O)        0.327     7.006 r  U_fnd/U_clk_div_1khz/div_counter[5]_i_3/O
                         net (fo=2, routed)           0.700     7.706    U_fnd/U_clk_div_1khz/div_counter[5]_i_3_n_0
    SLICE_X60Y26         LUT6 (Prop_lut6_I4_O)        0.348     8.054 r  U_fnd/U_clk_div_1khz/div_counter[3]_i_1/O
                         net (fo=1, routed)           0.000     8.054    U_fnd/U_clk_div_1khz/div_counter_0[3]
    SLICE_X60Y26         FDCE                                         r  U_fnd/U_clk_div_1khz/div_counter_reg[3]/D
  -------------------------------------------------------------------    -------------------

                         (clock sys_clk_pin rise edge)
                                                     10.000    10.000 r  
    W5                                                0.000    10.000 r  clk (IN)
                         net (fo=0)                   0.000    10.000    clk
    W5                   IBUF (Prop_ibuf_I_O)         1.388    11.388 r  clk_IBUF_inst/O
                         net (fo=1, routed)           1.862    13.250    clk_IBUF
    BUFGCTRL_X0Y0        BUFG (Prop_bufg_I_O)         0.091    13.341 r  clk_IBUF_BUFG_inst/O
                         net (fo=51, routed)          1.503    14.844    U_fnd/U_clk_div_1khz/clk_IBUF_BUFG
    SLICE_X60Y26         FDCE                                         r  U_fnd/U_clk_div_1khz/div_counter_reg[3]/C
                         clock pessimism              0.274    15.118    
                         clock uncertainty           -0.035    15.083    
    SLICE_X60Y26         FDCE (Setup_fdce_C_D)        0.077    15.160    U_fnd/U_clk_div_1khz/div_counter_reg[3]
  -------------------------------------------------------------------
                         required time                         15.160    
                         arrival time                          -8.054    
  -------------------------------------------------------------------
                         slack                                  7.106    

Slack (MET) :             7.152ns  (required time - arrival time)
  Source:                 U_SPI_Slave_Reg/addr_reg_reg[0]/C
                            (rising edge-triggered cell FDCE clocked by sys_clk_pin  {rise@0.000ns fall@5.000ns period=10.000ns})
  Destination:            U_SPI_Slave_Intf/so_data_reg_reg[0]/D
                            (rising edge-triggered cell FDCE clocked by sys_clk_pin  {rise@0.000ns fall@5.000ns period=10.000ns})
  Path Group:             sys_clk_pin
  Path Type:              Setup (Max at Slow Process Corner)
  Requirement:            10.000ns  (sys_clk_pin rise@10.000ns - sys_clk_pin rise@0.000ns)
  Data Path Delay:        2.824ns  (logic 0.704ns (24.933%)  route 2.120ns (75.067%))
  Logic Levels:           2  (LUT3=1 LUT6=1)
  Clock Path Skew:        -0.020ns (DCD - SCD + CPR)
    Destination Clock Delay (DCD):    4.845ns = ( 14.845 - 10.000 ) 
    Source Clock Delay      (SCD):    5.139ns
    Clock Pessimism Removal (CPR):    0.274ns
  Clock Uncertainty:      0.035ns  ((TSJ^2 + TIJ^2)^1/2 + DJ) / 2 + PE
    Total System Jitter     (TSJ):    0.071ns
    Total Input Jitter      (TIJ):    0.000ns
    Discrete Jitter          (DJ):    0.000ns
    Phase Error              (PE):    0.000ns

    Location             Delay type                Incr(ns)  Path(ns)    Netlist Resource(s)
  -------------------------------------------------------------------    -------------------
                         (clock sys_clk_pin rise edge)
                                                      0.000     0.000 r  
    W5                                                0.000     0.000 r  clk (IN)
                         net (fo=0)                   0.000     0.000    clk
    W5                   IBUF (Prop_ibuf_I_O)         1.458     1.458 r  clk_IBUF_inst/O
                         net (fo=1, routed)           1.967     3.425    clk_IBUF
    BUFGCTRL_X0Y0        BUFG (Prop_bufg_I_O)         0.096     3.521 r  clk_IBUF_BUFG_inst/O
                         net (fo=51, routed)          1.618     5.139    U_SPI_Slave_Reg/clk_IBUF_BUFG
    SLICE_X63Y25         FDCE                                         r  U_SPI_Slave_Reg/addr_reg_reg[0]/C
  -------------------------------------------------------------------    -------------------
    SLICE_X63Y25         FDCE (Prop_fdce_C_Q)         0.456     5.595 r  U_SPI_Slave_Reg/addr_reg_reg[0]/Q
                         net (fo=15, routed)          1.305     6.901    U_SPI_Slave_Reg/addr_reg[0]
    SLICE_X65Y27         LUT6 (Prop_lut6_I4_O)        0.124     7.025 r  U_SPI_Slave_Reg/so_data_reg[0]_i_2/O
                         net (fo=1, routed)           0.814     7.839    U_SPI_Slave_Reg/so_data[0]
    SLICE_X62Y26         LUT3 (Prop_lut3_I0_O)        0.124     7.963 r  U_SPI_Slave_Reg/so_data_reg[0]_i_1/O
                         net (fo=1, routed)           0.000     7.963    U_SPI_Slave_Intf/so_data_reg_reg[7]_1[0]
    SLICE_X62Y26         FDCE                                         r  U_SPI_Slave_Intf/so_data_reg_reg[0]/D
  -------------------------------------------------------------------    -------------------

                         (clock sys_clk_pin rise edge)
                                                     10.000    10.000 r  
    W5                                                0.000    10.000 r  clk (IN)
                         net (fo=0)                   0.000    10.000    clk
    W5                   IBUF (Prop_ibuf_I_O)         1.388    11.388 r  clk_IBUF_inst/O
                         net (fo=1, routed)           1.862    13.250    clk_IBUF
    BUFGCTRL_X0Y0        BUFG (Prop_bufg_I_O)         0.091    13.341 r  clk_IBUF_BUFG_inst/O
                         net (fo=51, routed)          1.504    14.845    U_SPI_Slave_Intf/clk_IBUF_BUFG
    SLICE_X62Y26         FDCE                                         r  U_SPI_Slave_Intf/so_data_reg_reg[0]/C
                         clock pessimism              0.274    15.119    
                         clock uncertainty           -0.035    15.084    
    SLICE_X62Y26         FDCE (Setup_fdce_C_D)        0.031    15.115    U_SPI_Slave_Intf/so_data_reg_reg[0]
  -------------------------------------------------------------------
                         required time                         15.115    
                         arrival time                          -7.963    
  -------------------------------------------------------------------
                         slack                                  7.152    

Slack (MET) :             7.153ns  (required time - arrival time)
  Source:                 U_SPI_Slave_Intf/sclk_sync0_reg/C
                            (rising edge-triggered cell FDCE clocked by sys_clk_pin  {rise@0.000ns fall@5.000ns period=10.000ns})
  Destination:            U_SPI_Slave_Reg/FSM_onehot_state_reg[0]/CE
                            (rising edge-triggered cell FDPE clocked by sys_clk_pin  {rise@0.000ns fall@5.000ns period=10.000ns})
  Path Group:             sys_clk_pin
  Path Type:              Setup (Max at Slow Process Corner)
  Requirement:            10.000ns  (sys_clk_pin rise@10.000ns - sys_clk_pin rise@0.000ns)
  Data Path Delay:        2.570ns  (logic 0.897ns (34.909%)  route 1.673ns (65.091%))
  Logic Levels:           2  (LUT5=1 LUT6=1)
  Clock Path Skew:        -0.037ns (DCD - SCD + CPR)
    Destination Clock Delay (DCD):    4.843ns = ( 14.843 - 10.000 ) 
    Source Clock Delay      (SCD):    5.140ns
    Clock Pessimism Removal (CPR):    0.260ns
  Clock Uncertainty:      0.035ns  ((TSJ^2 + TIJ^2)^1/2 + DJ) / 2 + PE
    Total System Jitter     (TSJ):    0.071ns
    Total Input Jitter      (TIJ):    0.000ns
    Discrete Jitter          (DJ):    0.000ns
    Phase Error              (PE):    0.000ns

    Location             Delay type                Incr(ns)  Path(ns)    Netlist Resource(s)
  -------------------------------------------------------------------    -------------------
                         (clock sys_clk_pin rise edge)
                                                      0.000     0.000 r  
    W5                                                0.000     0.000 r  clk (IN)
                         net (fo=0)                   0.000     0.000    clk
    W5                   IBUF (Prop_ibuf_I_O)         1.458     1.458 r  clk_IBUF_inst/O
                         net (fo=1, routed)           1.967     3.425    clk_IBUF
    BUFGCTRL_X0Y0        BUFG (Prop_bufg_I_O)         0.096     3.521 r  clk_IBUF_BUFG_inst/O
                         net (fo=51, routed)          1.619     5.140    U_SPI_Slave_Intf/clk_IBUF_BUFG
    SLICE_X60Y26         FDCE                                         r  U_SPI_Slave_Intf/sclk_sync0_reg/C
  -------------------------------------------------------------------    -------------------
    SLICE_X60Y26         FDCE (Prop_fdce_C_Q)         0.478     5.618 r  U_SPI_Slave_Intf/sclk_sync0_reg/Q
                         net (fo=10, routed)          0.860     6.479    U_SPI_Slave_Reg/prev_SCLK
    SLICE_X62Y25         LUT6 (Prop_lut6_I4_O)        0.295     6.774 r  U_SPI_Slave_Reg/FSM_onehot_state[4]_i_2/O
                         net (fo=1, routed)           0.433     7.207    U_SPI_Slave_Reg/FSM_onehot_state[4]_i_2_n_0
    SLICE_X62Y25         LUT5 (Prop_lut5_I4_O)        0.124     7.331 r  U_SPI_Slave_Reg/FSM_onehot_state[4]_i_1/O
                         net (fo=5, routed)           0.379     7.710    U_SPI_Slave_Reg/FSM_onehot_state[4]_i_1_n_0
    SLICE_X62Y25         FDPE                                         r  U_SPI_Slave_Reg/FSM_onehot_state_reg[0]/CE
  -------------------------------------------------------------------    -------------------

                         (clock sys_clk_pin rise edge)
                                                     10.000    10.000 r  
    W5                                                0.000    10.000 r  clk (IN)
                         net (fo=0)                   0.000    10.000    clk
    W5                   IBUF (Prop_ibuf_I_O)         1.388    11.388 r  clk_IBUF_inst/O
                         net (fo=1, routed)           1.862    13.250    clk_IBUF
    BUFGCTRL_X0Y0        BUFG (Prop_bufg_I_O)         0.091    13.341 r  clk_IBUF_BUFG_inst/O
                         net (fo=51, routed)          1.502    14.843    U_SPI_Slave_Reg/clk_IBUF_BUFG
    SLICE_X62Y25         FDPE                                         r  U_SPI_Slave_Reg/FSM_onehot_state_reg[0]/C
                         clock pessimism              0.260    15.103    
                         clock uncertainty           -0.035    15.068    
    SLICE_X62Y25         FDPE (Setup_fdpe_C_CE)      -0.205    14.863    U_SPI_Slave_Reg/FSM_onehot_state_reg[0]
  -------------------------------------------------------------------
                         required time                         14.863    
                         arrival time                          -7.710    
  -------------------------------------------------------------------
                         slack                                  7.153    

Slack (MET) :             7.153ns  (required time - arrival time)
  Source:                 U_SPI_Slave_Intf/sclk_sync0_reg/C
                            (rising edge-triggered cell FDCE clocked by sys_clk_pin  {rise@0.000ns fall@5.000ns period=10.000ns})
  Destination:            U_SPI_Slave_Reg/FSM_onehot_state_reg[1]/CE
                            (rising edge-triggered cell FDCE clocked by sys_clk_pin  {rise@0.000ns fall@5.000ns period=10.000ns})
  Path Group:             sys_clk_pin
  Path Type:              Setup (Max at Slow Process Corner)
  Requirement:            10.000ns  (sys_clk_pin rise@10.000ns - sys_clk_pin rise@0.000ns)
  Data Path Delay:        2.570ns  (logic 0.897ns (34.909%)  route 1.673ns (65.091%))
  Logic Levels:           2  (LUT5=1 LUT6=1)
  Clock Path Skew:        -0.037ns (DCD - SCD + CPR)
    Destination Clock Delay (DCD):    4.843ns = ( 14.843 - 10.000 ) 
    Source Clock Delay      (SCD):    5.140ns
    Clock Pessimism Removal (CPR):    0.260ns
  Clock Uncertainty:      0.035ns  ((TSJ^2 + TIJ^2)^1/2 + DJ) / 2 + PE
    Total System Jitter     (TSJ):    0.071ns
    Total Input Jitter      (TIJ):    0.000ns
    Discrete Jitter          (DJ):    0.000ns
    Phase Error              (PE):    0.000ns

    Location             Delay type                Incr(ns)  Path(ns)    Netlist Resource(s)
  -------------------------------------------------------------------    -------------------
                         (clock sys_clk_pin rise edge)
                                                      0.000     0.000 r  
    W5                                                0.000     0.000 r  clk (IN)
                         net (fo=0)                   0.000     0.000    clk
    W5                   IBUF (Prop_ibuf_I_O)         1.458     1.458 r  clk_IBUF_inst/O
                         net (fo=1, routed)           1.967     3.425    clk_IBUF
    BUFGCTRL_X0Y0        BUFG (Prop_bufg_I_O)         0.096     3.521 r  clk_IBUF_BUFG_inst/O
                         net (fo=51, routed)          1.619     5.140    U_SPI_Slave_Intf/clk_IBUF_BUFG
    SLICE_X60Y26         FDCE                                         r  U_SPI_Slave_Intf/sclk_sync0_reg/C
  -------------------------------------------------------------------    -------------------
    SLICE_X60Y26         FDCE (Prop_fdce_C_Q)         0.478     5.618 r  U_SPI_Slave_Intf/sclk_sync0_reg/Q
                         net (fo=10, routed)          0.860     6.479    U_SPI_Slave_Reg/prev_SCLK
    SLICE_X62Y25         LUT6 (Prop_lut6_I4_O)        0.295     6.774 r  U_SPI_Slave_Reg/FSM_onehot_state[4]_i_2/O
                         net (fo=1, routed)           0.433     7.207    U_SPI_Slave_Reg/FSM_onehot_state[4]_i_2_n_0
    SLICE_X62Y25         LUT5 (Prop_lut5_I4_O)        0.124     7.331 r  U_SPI_Slave_Reg/FSM_onehot_state[4]_i_1/O
                         net (fo=5, routed)           0.379     7.710    U_SPI_Slave_Reg/FSM_onehot_state[4]_i_1_n_0
    SLICE_X62Y25         FDCE                                         r  U_SPI_Slave_Reg/FSM_onehot_state_reg[1]/CE
  -------------------------------------------------------------------    -------------------

                         (clock sys_clk_pin rise edge)
                                                     10.000    10.000 r  
    W5                                                0.000    10.000 r  clk (IN)
                         net (fo=0)                   0.000    10.000    clk
    W5                   IBUF (Prop_ibuf_I_O)         1.388    11.388 r  clk_IBUF_inst/O
                         net (fo=1, routed)           1.862    13.250    clk_IBUF
    BUFGCTRL_X0Y0        BUFG (Prop_bufg_I_O)         0.091    13.341 r  clk_IBUF_BUFG_inst/O
                         net (fo=51, routed)          1.502    14.843    U_SPI_Slave_Reg/clk_IBUF_BUFG
    SLICE_X62Y25         FDCE                                         r  U_SPI_Slave_Reg/FSM_onehot_state_reg[1]/C
                         clock pessimism              0.260    15.103    
                         clock uncertainty           -0.035    15.068    
    SLICE_X62Y25         FDCE (Setup_fdce_C_CE)      -0.205    14.863    U_SPI_Slave_Reg/FSM_onehot_state_reg[1]
  -------------------------------------------------------------------
                         required time                         14.863    
                         arrival time                          -7.710    
  -------------------------------------------------------------------
                         slack                                  7.153    

Slack (MET) :             7.153ns  (required time - arrival time)
  Source:                 U_SPI_Slave_Intf/sclk_sync0_reg/C
                            (rising edge-triggered cell FDCE clocked by sys_clk_pin  {rise@0.000ns fall@5.000ns period=10.000ns})
  Destination:            U_SPI_Slave_Reg/FSM_onehot_state_reg[2]/CE
                            (rising edge-triggered cell FDCE clocked by sys_clk_pin  {rise@0.000ns fall@5.000ns period=10.000ns})
  Path Group:             sys_clk_pin
  Path Type:              Setup (Max at Slow Process Corner)
  Requirement:            10.000ns  (sys_clk_pin rise@10.000ns - sys_clk_pin rise@0.000ns)
  Data Path Delay:        2.570ns  (logic 0.897ns (34.909%)  route 1.673ns (65.091%))
  Logic Levels:           2  (LUT5=1 LUT6=1)
  Clock Path Skew:        -0.037ns (DCD - SCD + CPR)
    Destination Clock Delay (DCD):    4.843ns = ( 14.843 - 10.000 ) 
    Source Clock Delay      (SCD):    5.140ns
    Clock Pessimism Removal (CPR):    0.260ns
  Clock Uncertainty:      0.035ns  ((TSJ^2 + TIJ^2)^1/2 + DJ) / 2 + PE
    Total System Jitter     (TSJ):    0.071ns
    Total Input Jitter      (TIJ):    0.000ns
    Discrete Jitter          (DJ):    0.000ns
    Phase Error              (PE):    0.000ns

    Location             Delay type                Incr(ns)  Path(ns)    Netlist Resource(s)
  -------------------------------------------------------------------    -------------------
                         (clock sys_clk_pin rise edge)
                                                      0.000     0.000 r  
    W5                                                0.000     0.000 r  clk (IN)
                         net (fo=0)                   0.000     0.000    clk
    W5                   IBUF (Prop_ibuf_I_O)         1.458     1.458 r  clk_IBUF_inst/O
                         net (fo=1, routed)           1.967     3.425    clk_IBUF
    BUFGCTRL_X0Y0        BUFG (Prop_bufg_I_O)         0.096     3.521 r  clk_IBUF_BUFG_inst/O
                         net (fo=51, routed)          1.619     5.140    U_SPI_Slave_Intf/clk_IBUF_BUFG
    SLICE_X60Y26         FDCE                                         r  U_SPI_Slave_Intf/sclk_sync0_reg/C
  -------------------------------------------------------------------    -------------------
    SLICE_X60Y26         FDCE (Prop_fdce_C_Q)         0.478     5.618 r  U_SPI_Slave_Intf/sclk_sync0_reg/Q
                         net (fo=10, routed)          0.860     6.479    U_SPI_Slave_Reg/prev_SCLK
    SLICE_X62Y25         LUT6 (Prop_lut6_I4_O)        0.295     6.774 r  U_SPI_Slave_Reg/FSM_onehot_state[4]_i_2/O
                         net (fo=1, routed)           0.433     7.207    U_SPI_Slave_Reg/FSM_onehot_state[4]_i_2_n_0
    SLICE_X62Y25         LUT5 (Prop_lut5_I4_O)        0.124     7.331 r  U_SPI_Slave_Reg/FSM_onehot_state[4]_i_1/O
                         net (fo=5, routed)           0.379     7.710    U_SPI_Slave_Reg/FSM_onehot_state[4]_i_1_n_0
    SLICE_X62Y25         FDCE                                         r  U_SPI_Slave_Reg/FSM_onehot_state_reg[2]/CE
  -------------------------------------------------------------------    -------------------

                         (clock sys_clk_pin rise edge)
                                                     10.000    10.000 r  
    W5                                                0.000    10.000 r  clk (IN)
                         net (fo=0)                   0.000    10.000    clk
    W5                   IBUF (Prop_ibuf_I_O)         1.388    11.388 r  clk_IBUF_inst/O
                         net (fo=1, routed)           1.862    13.250    clk_IBUF
    BUFGCTRL_X0Y0        BUFG (Prop_bufg_I_O)         0.091    13.341 r  clk_IBUF_BUFG_inst/O
                         net (fo=51, routed)          1.502    14.843    U_SPI_Slave_Reg/clk_IBUF_BUFG
    SLICE_X62Y25         FDCE                                         r  U_SPI_Slave_Reg/FSM_onehot_state_reg[2]/C
                         clock pessimism              0.260    15.103    
                         clock uncertainty           -0.035    15.068    
    SLICE_X62Y25         FDCE (Setup_fdce_C_CE)      -0.205    14.863    U_SPI_Slave_Reg/FSM_onehot_state_reg[2]
  -------------------------------------------------------------------
                         required time                         14.863    
                         arrival time                          -7.710    
  -------------------------------------------------------------------
                         slack                                  7.153    

Slack (MET) :             7.153ns  (required time - arrival time)
  Source:                 U_SPI_Slave_Intf/sclk_sync0_reg/C
                            (rising edge-triggered cell FDCE clocked by sys_clk_pin  {rise@0.000ns fall@5.000ns period=10.000ns})
  Destination:            U_SPI_Slave_Reg/FSM_onehot_state_reg[3]/CE
                            (rising edge-triggered cell FDCE clocked by sys_clk_pin  {rise@0.000ns fall@5.000ns period=10.000ns})
  Path Group:             sys_clk_pin
  Path Type:              Setup (Max at Slow Process Corner)
  Requirement:            10.000ns  (sys_clk_pin rise@10.000ns - sys_clk_pin rise@0.000ns)
  Data Path Delay:        2.570ns  (logic 0.897ns (34.909%)  route 1.673ns (65.091%))
  Logic Levels:           2  (LUT5=1 LUT6=1)
  Clock Path Skew:        -0.037ns (DCD - SCD + CPR)
    Destination Clock Delay (DCD):    4.843ns = ( 14.843 - 10.000 ) 
    Source Clock Delay      (SCD):    5.140ns
    Clock Pessimism Removal (CPR):    0.260ns
  Clock Uncertainty:      0.035ns  ((TSJ^2 + TIJ^2)^1/2 + DJ) / 2 + PE
    Total System Jitter     (TSJ):    0.071ns
    Total Input Jitter      (TIJ):    0.000ns
    Discrete Jitter          (DJ):    0.000ns
    Phase Error              (PE):    0.000ns

    Location             Delay type                Incr(ns)  Path(ns)    Netlist Resource(s)
  -------------------------------------------------------------------    -------------------
                         (clock sys_clk_pin rise edge)
                                                      0.000     0.000 r  
    W5                                                0.000     0.000 r  clk (IN)
                         net (fo=0)                   0.000     0.000    clk
    W5                   IBUF (Prop_ibuf_I_O)         1.458     1.458 r  clk_IBUF_inst/O
                         net (fo=1, routed)           1.967     3.425    clk_IBUF
    BUFGCTRL_X0Y0        BUFG (Prop_bufg_I_O)         0.096     3.521 r  clk_IBUF_BUFG_inst/O
                         net (fo=51, routed)          1.619     5.140    U_SPI_Slave_Intf/clk_IBUF_BUFG
    SLICE_X60Y26         FDCE                                         r  U_SPI_Slave_Intf/sclk_sync0_reg/C
  -------------------------------------------------------------------    -------------------
    SLICE_X60Y26         FDCE (Prop_fdce_C_Q)         0.478     5.618 r  U_SPI_Slave_Intf/sclk_sync0_reg/Q
                         net (fo=10, routed)          0.860     6.479    U_SPI_Slave_Reg/prev_SCLK
    SLICE_X62Y25         LUT6 (Prop_lut6_I4_O)        0.295     6.774 r  U_SPI_Slave_Reg/FSM_onehot_state[4]_i_2/O
                         net (fo=1, routed)           0.433     7.207    U_SPI_Slave_Reg/FSM_onehot_state[4]_i_2_n_0
    SLICE_X62Y25         LUT5 (Prop_lut5_I4_O)        0.124     7.331 r  U_SPI_Slave_Reg/FSM_onehot_state[4]_i_1/O
                         net (fo=5, routed)           0.379     7.710    U_SPI_Slave_Reg/FSM_onehot_state[4]_i_1_n_0
    SLICE_X62Y25         FDCE                                         r  U_SPI_Slave_Reg/FSM_onehot_state_reg[3]/CE
  -------------------------------------------------------------------    -------------------

                         (clock sys_clk_pin rise edge)
                                                     10.000    10.000 r  
    W5                                                0.000    10.000 r  clk (IN)
                         net (fo=0)                   0.000    10.000    clk
    W5                   IBUF (Prop_ibuf_I_O)         1.388    11.388 r  clk_IBUF_inst/O
                         net (fo=1, routed)           1.862    13.250    clk_IBUF
    BUFGCTRL_X0Y0        BUFG (Prop_bufg_I_O)         0.091    13.341 r  clk_IBUF_BUFG_inst/O
                         net (fo=51, routed)          1.502    14.843    U_SPI_Slave_Reg/clk_IBUF_BUFG
    SLICE_X62Y25         FDCE                                         r  U_SPI_Slave_Reg/FSM_onehot_state_reg[3]/C
                         clock pessimism              0.260    15.103    
                         clock uncertainty           -0.035    15.068    
    SLICE_X62Y25         FDCE (Setup_fdce_C_CE)      -0.205    14.863    U_SPI_Slave_Reg/FSM_onehot_state_reg[3]
  -------------------------------------------------------------------
                         required time                         14.863    
                         arrival time                          -7.710    
  -------------------------------------------------------------------
                         slack                                  7.153    

Slack (MET) :             7.153ns  (required time - arrival time)
  Source:                 U_SPI_Slave_Intf/sclk_sync0_reg/C
                            (rising edge-triggered cell FDCE clocked by sys_clk_pin  {rise@0.000ns fall@5.000ns period=10.000ns})
  Destination:            U_SPI_Slave_Reg/FSM_onehot_state_reg[4]/CE
                            (rising edge-triggered cell FDCE clocked by sys_clk_pin  {rise@0.000ns fall@5.000ns period=10.000ns})
  Path Group:             sys_clk_pin
  Path Type:              Setup (Max at Slow Process Corner)
  Requirement:            10.000ns  (sys_clk_pin rise@10.000ns - sys_clk_pin rise@0.000ns)
  Data Path Delay:        2.570ns  (logic 0.897ns (34.909%)  route 1.673ns (65.091%))
  Logic Levels:           2  (LUT5=1 LUT6=1)
  Clock Path Skew:        -0.037ns (DCD - SCD + CPR)
    Destination Clock Delay (DCD):    4.843ns = ( 14.843 - 10.000 ) 
    Source Clock Delay      (SCD):    5.140ns
    Clock Pessimism Removal (CPR):    0.260ns
  Clock Uncertainty:      0.035ns  ((TSJ^2 + TIJ^2)^1/2 + DJ) / 2 + PE
    Total System Jitter     (TSJ):    0.071ns
    Total Input Jitter      (TIJ):    0.000ns
    Discrete Jitter          (DJ):    0.000ns
    Phase Error              (PE):    0.000ns

    Location             Delay type                Incr(ns)  Path(ns)    Netlist Resource(s)
  -------------------------------------------------------------------    -------------------
                         (clock sys_clk_pin rise edge)
                                                      0.000     0.000 r  
    W5                                                0.000     0.000 r  clk (IN)
                         net (fo=0)                   0.000     0.000    clk
    W5                   IBUF (Prop_ibuf_I_O)         1.458     1.458 r  clk_IBUF_inst/O
                         net (fo=1, routed)           1.967     3.425    clk_IBUF
    BUFGCTRL_X0Y0        BUFG (Prop_bufg_I_O)         0.096     3.521 r  clk_IBUF_BUFG_inst/O
                         net (fo=51, routed)          1.619     5.140    U_SPI_Slave_Intf/clk_IBUF_BUFG
    SLICE_X60Y26         FDCE                                         r  U_SPI_Slave_Intf/sclk_sync0_reg/C
  -------------------------------------------------------------------    -------------------
    SLICE_X60Y26         FDCE (Prop_fdce_C_Q)         0.478     5.618 r  U_SPI_Slave_Intf/sclk_sync0_reg/Q
                         net (fo=10, routed)          0.860     6.479    U_SPI_Slave_Reg/prev_SCLK
    SLICE_X62Y25         LUT6 (Prop_lut6_I4_O)        0.295     6.774 r  U_SPI_Slave_Reg/FSM_onehot_state[4]_i_2/O
                         net (fo=1, routed)           0.433     7.207    U_SPI_Slave_Reg/FSM_onehot_state[4]_i_2_n_0
    SLICE_X62Y25         LUT5 (Prop_lut5_I4_O)        0.124     7.331 r  U_SPI_Slave_Reg/FSM_onehot_state[4]_i_1/O
                         net (fo=5, routed)           0.379     7.710    U_SPI_Slave_Reg/FSM_onehot_state[4]_i_1_n_0
    SLICE_X62Y25         FDCE                                         r  U_SPI_Slave_Reg/FSM_onehot_state_reg[4]/CE
  -------------------------------------------------------------------    -------------------

                         (clock sys_clk_pin rise edge)
                                                     10.000    10.000 r  
    W5                                                0.000    10.000 r  clk (IN)
                         net (fo=0)                   0.000    10.000    clk
    W5                   IBUF (Prop_ibuf_I_O)         1.388    11.388 r  clk_IBUF_inst/O
                         net (fo=1, routed)           1.862    13.250    clk_IBUF
    BUFGCTRL_X0Y0        BUFG (Prop_bufg_I_O)         0.091    13.341 r  clk_IBUF_BUFG_inst/O
                         net (fo=51, routed)          1.502    14.843    U_SPI_Slave_Reg/clk_IBUF_BUFG
    SLICE_X62Y25         FDCE                                         r  U_SPI_Slave_Reg/FSM_onehot_state_reg[4]/C
                         clock pessimism              0.260    15.103    
                         clock uncertainty           -0.035    15.068    
    SLICE_X62Y25         FDCE (Setup_fdce_C_CE)      -0.205    14.863    U_SPI_Slave_Reg/FSM_onehot_state_reg[4]
  -------------------------------------------------------------------
                         required time                         14.863    
                         arrival time                          -7.710    
  -------------------------------------------------------------------
                         slack                                  7.153    

Slack (MET) :             7.315ns  (required time - arrival time)
  Source:                 U_fnd/U_clk_div_1khz/div_counter_reg[5]/C
                            (rising edge-triggered cell FDCE clocked by sys_clk_pin  {rise@0.000ns fall@5.000ns period=10.000ns})
  Destination:            U_fnd/U_clk_div_1khz/div_counter_reg[8]/D
                            (rising edge-triggered cell FDCE clocked by sys_clk_pin  {rise@0.000ns fall@5.000ns period=10.000ns})
  Path Group:             sys_clk_pin
  Path Type:              Setup (Max at Slow Process Corner)
  Requirement:            10.000ns  (sys_clk_pin rise@10.000ns - sys_clk_pin rise@0.000ns)
  Data Path Delay:        2.660ns  (logic 0.766ns (28.792%)  route 1.894ns (71.207%))
  Logic Levels:           2  (LUT5=1 LUT6=1)
  Clock Path Skew:        -0.020ns (DCD - SCD + CPR)
    Destination Clock Delay (DCD):    4.844ns = ( 14.844 - 10.000 ) 
    Source Clock Delay      (SCD):    5.138ns
    Clock Pessimism Removal (CPR):    0.274ns
  Clock Uncertainty:      0.035ns  ((TSJ^2 + TIJ^2)^1/2 + DJ) / 2 + PE
    Total System Jitter     (TSJ):    0.071ns
    Total Input Jitter      (TIJ):    0.000ns
    Discrete Jitter          (DJ):    0.000ns
    Phase Error              (PE):    0.000ns

    Location             Delay type                Incr(ns)  Path(ns)    Netlist Resource(s)
  -------------------------------------------------------------------    -------------------
                         (clock sys_clk_pin rise edge)
                                                      0.000     0.000 r  
    W5                                                0.000     0.000 r  clk (IN)
                         net (fo=0)                   0.000     0.000    clk
    W5                   IBUF (Prop_ibuf_I_O)         1.458     1.458 r  clk_IBUF_inst/O
                         net (fo=1, routed)           1.967     3.425    clk_IBUF
    BUFGCTRL_X0Y0        BUFG (Prop_bufg_I_O)         0.096     3.521 r  clk_IBUF_BUFG_inst/O
                         net (fo=51, routed)          1.617     5.138    U_fnd/U_clk_div_1khz/clk_IBUF_BUFG
    SLICE_X60Y25         FDCE                                         r  U_fnd/U_clk_div_1khz/div_counter_reg[5]/C
  -------------------------------------------------------------------    -------------------
    SLICE_X60Y25         FDCE (Prop_fdce_C_Q)         0.518     5.656 f  U_fnd/U_clk_div_1khz/div_counter_reg[5]/Q
                         net (fo=4, routed)           1.310     6.967    U_fnd/U_clk_div_1khz/div_counter[5]
    SLICE_X60Y26         LUT6 (Prop_lut6_I0_O)        0.124     7.091 r  U_fnd/U_clk_div_1khz/div_counter[9]_i_2/O
                         net (fo=3, routed)           0.584     7.675    U_fnd/U_clk_div_1khz/div_counter[9]_i_2_n_0
    SLICE_X61Y26         LUT5 (Prop_lut5_I2_O)        0.124     7.799 r  U_fnd/U_clk_div_1khz/div_counter[8]_i_1/O
                         net (fo=1, routed)           0.000     7.799    U_fnd/U_clk_div_1khz/div_counter_0[8]
    SLICE_X61Y26         FDCE                                         r  U_fnd/U_clk_div_1khz/div_counter_reg[8]/D
  -------------------------------------------------------------------    -------------------

                         (clock sys_clk_pin rise edge)
                                                     10.000    10.000 r  
    W5                                                0.000    10.000 r  clk (IN)
                         net (fo=0)                   0.000    10.000    clk
    W5                   IBUF (Prop_ibuf_I_O)         1.388    11.388 r  clk_IBUF_inst/O
                         net (fo=1, routed)           1.862    13.250    clk_IBUF
    BUFGCTRL_X0Y0        BUFG (Prop_bufg_I_O)         0.091    13.341 r  clk_IBUF_BUFG_inst/O
                         net (fo=51, routed)          1.503    14.844    U_fnd/U_clk_div_1khz/clk_IBUF_BUFG
    SLICE_X61Y26         FDCE                                         r  U_fnd/U_clk_div_1khz/div_counter_reg[8]/C
                         clock pessimism              0.274    15.118    
                         clock uncertainty           -0.035    15.083    
    SLICE_X61Y26         FDCE (Setup_fdce_C_D)        0.031    15.114    U_fnd/U_clk_div_1khz/div_counter_reg[8]
  -------------------------------------------------------------------
                         required time                         15.114    
                         arrival time                          -7.799    
  -------------------------------------------------------------------
                         slack                                  7.315    





Min Delay Paths
--------------------------------------------------------------------------------------
Slack (MET) :             0.151ns  (arrival time - required time)
  Source:                 U_SPI_Slave_Reg/FSM_onehot_state_reg[0]/C
                            (rising edge-triggered cell FDPE clocked by sys_clk_pin  {rise@0.000ns fall@5.000ns period=10.000ns})
  Destination:            U_SPI_Slave_Reg/FSM_onehot_state_reg[1]/D
                            (rising edge-triggered cell FDCE clocked by sys_clk_pin  {rise@0.000ns fall@5.000ns period=10.000ns})
  Path Group:             sys_clk_pin
  Path Type:              Hold (Min at Fast Process Corner)
  Requirement:            0.000ns  (sys_clk_pin rise@0.000ns - sys_clk_pin rise@0.000ns)
  Data Path Delay:        0.222ns  (logic 0.141ns (63.524%)  route 0.081ns (36.476%))
  Logic Levels:           0  
  Clock Path Skew:        0.000ns (DCD - SCD - CPR)
    Destination Clock Delay (DCD):    1.977ns
    Source Clock Delay      (SCD):    1.465ns
    Clock Pessimism Removal (CPR):    0.512ns

    Location             Delay type                Incr(ns)  Path(ns)    Netlist Resource(s)
  -------------------------------------------------------------------    -------------------
                         (clock sys_clk_pin rise edge)
                                                      0.000     0.000 r  
    W5                                                0.000     0.000 r  clk (IN)
                         net (fo=0)                   0.000     0.000    clk
    W5                   IBUF (Prop_ibuf_I_O)         0.226     0.226 r  clk_IBUF_inst/O
                         net (fo=1, routed)           0.631     0.858    clk_IBUF
    BUFGCTRL_X0Y0        BUFG (Prop_bufg_I_O)         0.026     0.884 r  clk_IBUF_BUFG_inst/O
                         net (fo=51, routed)          0.582     1.465    U_SPI_Slave_Reg/clk_IBUF_BUFG
    SLICE_X62Y25         FDPE                                         r  U_SPI_Slave_Reg/FSM_onehot_state_reg[0]/C
  -------------------------------------------------------------------    -------------------
    SLICE_X62Y25         FDPE (Prop_fdpe_C_Q)         0.141     1.606 r  U_SPI_Slave_Reg/FSM_onehot_state_reg[0]/Q
                         net (fo=5, routed)           0.081     1.687    U_SPI_Slave_Reg/FSM_onehot_state_reg_n_0_[0]
    SLICE_X62Y25         FDCE                                         r  U_SPI_Slave_Reg/FSM_onehot_state_reg[1]/D
  -------------------------------------------------------------------    -------------------

                         (clock sys_clk_pin rise edge)
                                                      0.000     0.000 r  
    W5                                                0.000     0.000 r  clk (IN)
                         net (fo=0)                   0.000     0.000    clk
    W5                   IBUF (Prop_ibuf_I_O)         0.414     0.414 r  clk_IBUF_inst/O
                         net (fo=1, routed)           0.685     1.099    clk_IBUF
    BUFGCTRL_X0Y0        BUFG (Prop_bufg_I_O)         0.029     1.128 r  clk_IBUF_BUFG_inst/O
                         net (fo=51, routed)          0.850     1.977    U_SPI_Slave_Reg/clk_IBUF_BUFG
    SLICE_X62Y25         FDCE                                         r  U_SPI_Slave_Reg/FSM_onehot_state_reg[1]/C
                         clock pessimism             -0.512     1.465    
    SLICE_X62Y25         FDCE (Hold_fdce_C_D)         0.071     1.536    U_SPI_Slave_Reg/FSM_onehot_state_reg[1]
  -------------------------------------------------------------------
                         required time                         -1.536    
                         arrival time                           1.687    
  -------------------------------------------------------------------
                         slack                                  0.151    

Slack (MET) :             0.198ns  (arrival time - required time)
  Source:                 U_SPI_Slave_Reg/FSM_onehot_state_reg[0]/C
                            (rising edge-triggered cell FDPE clocked by sys_clk_pin  {rise@0.000ns fall@5.000ns period=10.000ns})
  Destination:            U_SPI_Slave_Reg/so_start_reg_reg/D
                            (rising edge-triggered cell FDCE clocked by sys_clk_pin  {rise@0.000ns fall@5.000ns period=10.000ns})
  Path Group:             sys_clk_pin
  Path Type:              Hold (Min at Fast Process Corner)
  Requirement:            0.000ns  (sys_clk_pin rise@0.000ns - sys_clk_pin rise@0.000ns)
  Data Path Delay:        0.321ns  (logic 0.186ns (57.875%)  route 0.135ns (42.125%))
  Logic Levels:           1  (LUT4=1)
  Clock Path Skew:        0.032ns (DCD - SCD - CPR)
    Destination Clock Delay (DCD):    1.975ns
    Source Clock Delay      (SCD):    1.465ns
    Clock Pessimism Removal (CPR):    0.478ns

    Location             Delay type                Incr(ns)  Path(ns)    Netlist Resource(s)
  -------------------------------------------------------------------    -------------------
                         (clock sys_clk_pin rise edge)
                                                      0.000     0.000 r  
    W5                                                0.000     0.000 r  clk (IN)
                         net (fo=0)                   0.000     0.000    clk
    W5                   IBUF (Prop_ibuf_I_O)         0.226     0.226 r  clk_IBUF_inst/O
                         net (fo=1, routed)           0.631     0.858    clk_IBUF
    BUFGCTRL_X0Y0        BUFG (Prop_bufg_I_O)         0.026     0.884 r  clk_IBUF_BUFG_inst/O
                         net (fo=51, routed)          0.582     1.465    U_SPI_Slave_Reg/clk_IBUF_BUFG
    SLICE_X62Y25         FDPE                                         r  U_SPI_Slave_Reg/FSM_onehot_state_reg[0]/C
  -------------------------------------------------------------------    -------------------
    SLICE_X62Y25         FDPE (Prop_fdpe_C_Q)         0.141     1.606 r  U_SPI_Slave_Reg/FSM_onehot_state_reg[0]/Q
                         net (fo=5, routed)           0.135     1.742    U_SPI_Slave_Reg/FSM_onehot_state_reg_n_0_[0]
    SLICE_X61Y25         LUT4 (Prop_lut4_I0_O)        0.045     1.787 r  U_SPI_Slave_Reg/so_start_reg_i_1/O
                         net (fo=1, routed)           0.000     1.787    U_SPI_Slave_Reg/so_start_reg_i_1_n_0
    SLICE_X61Y25         FDCE                                         r  U_SPI_Slave_Reg/so_start_reg_reg/D
  -------------------------------------------------------------------    -------------------

                         (clock sys_clk_pin rise edge)
                                                      0.000     0.000 r  
    W5                                                0.000     0.000 r  clk (IN)
                         net (fo=0)                   0.000     0.000    clk
    W5                   IBUF (Prop_ibuf_I_O)         0.414     0.414 r  clk_IBUF_inst/O
                         net (fo=1, routed)           0.685     1.099    clk_IBUF
    BUFGCTRL_X0Y0        BUFG (Prop_bufg_I_O)         0.029     1.128 r  clk_IBUF_BUFG_inst/O
                         net (fo=51, routed)          0.848     1.975    U_SPI_Slave_Reg/clk_IBUF_BUFG
    SLICE_X61Y25         FDCE                                         r  U_SPI_Slave_Reg/so_start_reg_reg/C
                         clock pessimism             -0.478     1.497    
    SLICE_X61Y25         FDCE (Hold_fdce_C_D)         0.091     1.588    U_SPI_Slave_Reg/so_start_reg_reg
  -------------------------------------------------------------------
                         required time                         -1.588    
                         arrival time                           1.787    
  -------------------------------------------------------------------
                         slack                                  0.198    

Slack (MET) :             0.202ns  (arrival time - required time)
  Source:                 U_SPI_Slave_Intf/so_done_reg_reg/C
                            (rising edge-triggered cell FDCE clocked by sys_clk_pin  {rise@0.000ns fall@5.000ns period=10.000ns})
  Destination:            U_SPI_Slave_Reg/prev_so_done_reg/D
                            (rising edge-triggered cell FDCE clocked by sys_clk_pin  {rise@0.000ns fall@5.000ns period=10.000ns})
  Path Group:             sys_clk_pin
  Path Type:              Hold (Min at Fast Process Corner)
  Requirement:            0.000ns  (sys_clk_pin rise@0.000ns - sys_clk_pin rise@0.000ns)
  Data Path Delay:        0.290ns  (logic 0.141ns (48.595%)  route 0.149ns (51.405%))
  Logic Levels:           0  
  Clock Path Skew:        0.013ns (DCD - SCD - CPR)
    Destination Clock Delay (DCD):    1.975ns
    Source Clock Delay      (SCD):    1.464ns
    Clock Pessimism Removal (CPR):    0.498ns

    Location             Delay type                Incr(ns)  Path(ns)    Netlist Resource(s)
  -------------------------------------------------------------------    -------------------
                         (clock sys_clk_pin rise edge)
                                                      0.000     0.000 r  
    W5                                                0.000     0.000 r  clk (IN)
                         net (fo=0)                   0.000     0.000    clk
    W5                   IBUF (Prop_ibuf_I_O)         0.226     0.226 r  clk_IBUF_inst/O
                         net (fo=1, routed)           0.631     0.858    clk_IBUF
    BUFGCTRL_X0Y0        BUFG (Prop_bufg_I_O)         0.026     0.884 r  clk_IBUF_BUFG_inst/O
                         net (fo=51, routed)          0.581     1.464    U_SPI_Slave_Intf/clk_IBUF_BUFG
    SLICE_X59Y25         FDCE                                         r  U_SPI_Slave_Intf/so_done_reg_reg/C
  -------------------------------------------------------------------    -------------------
    SLICE_X59Y25         FDCE (Prop_fdce_C_Q)         0.141     1.605 r  U_SPI_Slave_Intf/so_done_reg_reg/Q
                         net (fo=4, routed)           0.149     1.754    U_SPI_Slave_Reg/so_done
    SLICE_X61Y25         FDCE                                         r  U_SPI_Slave_Reg/prev_so_done_reg/D
  -------------------------------------------------------------------    -------------------

                         (clock sys_clk_pin rise edge)
                                                      0.000     0.000 r  
    W5                                                0.000     0.000 r  clk (IN)
                         net (fo=0)                   0.000     0.000    clk
    W5                   IBUF (Prop_ibuf_I_O)         0.414     0.414 r  clk_IBUF_inst/O
                         net (fo=1, routed)           0.685     1.099    clk_IBUF
    BUFGCTRL_X0Y0        BUFG (Prop_bufg_I_O)         0.029     1.128 r  clk_IBUF_BUFG_inst/O
                         net (fo=51, routed)          0.848     1.975    U_SPI_Slave_Reg/clk_IBUF_BUFG
    SLICE_X61Y25         FDCE                                         r  U_SPI_Slave_Reg/prev_so_done_reg/C
                         clock pessimism             -0.498     1.477    
    SLICE_X61Y25         FDCE (Hold_fdce_C_D)         0.075     1.552    U_SPI_Slave_Reg/prev_so_done_reg
  -------------------------------------------------------------------
                         required time                         -1.552    
                         arrival time                           1.754    
  -------------------------------------------------------------------
                         slack                                  0.202    

Slack (MET) :             0.211ns  (arrival time - required time)
  Source:                 U_SPI_Slave_Intf/so_data_reg_reg[1]/C
                            (rising edge-triggered cell FDCE clocked by sys_clk_pin  {rise@0.000ns fall@5.000ns period=10.000ns})
  Destination:            U_SPI_Slave_Intf/so_data_reg_reg[2]/D
                            (rising edge-triggered cell FDCE clocked by sys_clk_pin  {rise@0.000ns fall@5.000ns period=10.000ns})
  Path Group:             sys_clk_pin
  Path Type:              Hold (Min at Fast Process Corner)
  Requirement:            0.000ns  (sys_clk_pin rise@0.000ns - sys_clk_pin rise@0.000ns)
  Data Path Delay:        0.334ns  (logic 0.186ns (55.690%)  route 0.148ns (44.310%))
  Logic Levels:           1  (LUT4=1)
  Clock Path Skew:        0.032ns (DCD - SCD - CPR)
    Destination Clock Delay (DCD):    1.976ns
    Source Clock Delay      (SCD):    1.466ns
    Clock Pessimism Removal (CPR):    0.478ns

    Location             Delay type                Incr(ns)  Path(ns)    Netlist Resource(s)
  -------------------------------------------------------------------    -------------------
                         (clock sys_clk_pin rise edge)
                                                      0.000     0.000 r  
    W5                                                0.000     0.000 r  clk (IN)
                         net (fo=0)                   0.000     0.000    clk
    W5                   IBUF (Prop_ibuf_I_O)         0.226     0.226 r  clk_IBUF_inst/O
                         net (fo=1, routed)           0.631     0.858    clk_IBUF
    BUFGCTRL_X0Y0        BUFG (Prop_bufg_I_O)         0.026     0.884 r  clk_IBUF_BUFG_inst/O
                         net (fo=51, routed)          0.583     1.466    U_SPI_Slave_Intf/clk_IBUF_BUFG
    SLICE_X62Y26         FDCE                                         r  U_SPI_Slave_Intf/so_data_reg_reg[1]/C
  -------------------------------------------------------------------    -------------------
    SLICE_X62Y26         FDCE (Prop_fdce_C_Q)         0.141     1.607 r  U_SPI_Slave_Intf/so_data_reg_reg[1]/Q
                         net (fo=1, routed)           0.148     1.755    U_SPI_Slave_Reg/so_data_reg_reg[7]_0[1]
    SLICE_X59Y26         LUT4 (Prop_lut4_I3_O)        0.045     1.800 r  U_SPI_Slave_Reg/so_data_reg[2]_i_1/O
                         net (fo=1, routed)           0.000     1.800    U_SPI_Slave_Intf/so_data_reg_reg[7]_1[2]
    SLICE_X59Y26         FDCE                                         r  U_SPI_Slave_Intf/so_data_reg_reg[2]/D
  -------------------------------------------------------------------    -------------------

                         (clock sys_clk_pin rise edge)
                                                      0.000     0.000 r  
    W5                                                0.000     0.000 r  clk (IN)
                         net (fo=0)                   0.000     0.000    clk
    W5                   IBUF (Prop_ibuf_I_O)         0.414     0.414 r  clk_IBUF_inst/O
                         net (fo=1, routed)           0.685     1.099    clk_IBUF
    BUFGCTRL_X0Y0        BUFG (Prop_bufg_I_O)         0.029     1.128 r  clk_IBUF_BUFG_inst/O
                         net (fo=51, routed)          0.849     1.976    U_SPI_Slave_Intf/clk_IBUF_BUFG
    SLICE_X59Y26         FDCE                                         r  U_SPI_Slave_Intf/so_data_reg_reg[2]/C
                         clock pessimism             -0.478     1.498    
    SLICE_X59Y26         FDCE (Hold_fdce_C_D)         0.091     1.589    U_SPI_Slave_Intf/so_data_reg_reg[2]
  -------------------------------------------------------------------
                         required time                         -1.589    
                         arrival time                           1.800    
  -------------------------------------------------------------------
                         slack                                  0.211    

Slack (MET) :             0.220ns  (arrival time - required time)
  Source:                 U_SPI_Slave_Intf/so_data_reg_reg[4]/C
                            (rising edge-triggered cell FDCE clocked by sys_clk_pin  {rise@0.000ns fall@5.000ns period=10.000ns})
  Destination:            U_SPI_Slave_Intf/so_data_reg_reg[5]/D
                            (rising edge-triggered cell FDCE clocked by sys_clk_pin  {rise@0.000ns fall@5.000ns period=10.000ns})
  Path Group:             sys_clk_pin
  Path Type:              Hold (Min at Fast Process Corner)
  Requirement:            0.000ns  (sys_clk_pin rise@0.000ns - sys_clk_pin rise@0.000ns)
  Data Path Delay:        0.347ns  (logic 0.186ns (53.574%)  route 0.161ns (46.426%))
  Logic Levels:           1  (LUT4=1)
  Clock Path Skew:        0.035ns (DCD - SCD - CPR)
    Destination Clock Delay (DCD):    1.978ns
    Source Clock Delay      (SCD):    1.465ns
    Clock Pessimism Removal (CPR):    0.478ns

    Location             Delay type                Incr(ns)  Path(ns)    Netlist Resource(s)
  -------------------------------------------------------------------    -------------------
                         (clock sys_clk_pin rise edge)
                                                      0.000     0.000 r  
    W5                                                0.000     0.000 r  clk (IN)
                         net (fo=0)                   0.000     0.000    clk
    W5                   IBUF (Prop_ibuf_I_O)         0.226     0.226 r  clk_IBUF_inst/O
                         net (fo=1, routed)           0.631     0.858    clk_IBUF
    BUFGCTRL_X0Y0        BUFG (Prop_bufg_I_O)         0.026     0.884 r  clk_IBUF_BUFG_inst/O
                         net (fo=51, routed)          0.582     1.465    U_SPI_Slave_Intf/clk_IBUF_BUFG
    SLICE_X59Y26         FDCE                                         r  U_SPI_Slave_Intf/so_data_reg_reg[4]/C
  -------------------------------------------------------------------    -------------------
    SLICE_X59Y26         FDCE (Prop_fdce_C_Q)         0.141     1.606 r  U_SPI_Slave_Intf/so_data_reg_reg[4]/Q
                         net (fo=1, routed)           0.161     1.767    U_SPI_Slave_Reg/so_data_reg_reg[7]_0[4]
    SLICE_X62Y26         LUT4 (Prop_lut4_I3_O)        0.045     1.812 r  U_SPI_Slave_Reg/so_data_reg[5]_i_1/O
                         net (fo=1, routed)           0.000     1.812    U_SPI_Slave_Intf/so_data_reg_reg[7]_1[5]
    SLICE_X62Y26         FDCE                                         r  U_SPI_Slave_Intf/so_data_reg_reg[5]/D
  -------------------------------------------------------------------    -------------------

                         (clock sys_clk_pin rise edge)
                                                      0.000     0.000 r  
    W5                                                0.000     0.000 r  clk (IN)
                         net (fo=0)                   0.000     0.000    clk
    W5                   IBUF (Prop_ibuf_I_O)         0.414     0.414 r  clk_IBUF_inst/O
                         net (fo=1, routed)           0.685     1.099    clk_IBUF
    BUFGCTRL_X0Y0        BUFG (Prop_bufg_I_O)         0.029     1.128 r  clk_IBUF_BUFG_inst/O
                         net (fo=51, routed)          0.851     1.978    U_SPI_Slave_Intf/clk_IBUF_BUFG
    SLICE_X62Y26         FDCE                                         r  U_SPI_Slave_Intf/so_data_reg_reg[5]/C
                         clock pessimism             -0.478     1.500    
    SLICE_X62Y26         FDCE (Hold_fdce_C_D)         0.092     1.592    U_SPI_Slave_Intf/so_data_reg_reg[5]
  -------------------------------------------------------------------
                         required time                         -1.592    
                         arrival time                           1.812    
  -------------------------------------------------------------------
                         slack                                  0.220    

Slack (MET) :             0.220ns  (arrival time - required time)
  Source:                 U_fnd/U_clk_div_1khz/div_counter_reg[3]/C
                            (rising edge-triggered cell FDCE clocked by sys_clk_pin  {rise@0.000ns fall@5.000ns period=10.000ns})
  Destination:            U_fnd/U_clk_div_1khz/div_counter_reg[9]/D
                            (rising edge-triggered cell FDCE clocked by sys_clk_pin  {rise@0.000ns fall@5.000ns period=10.000ns})
  Path Group:             sys_clk_pin
  Path Type:              Hold (Min at Fast Process Corner)
  Requirement:            0.000ns  (sys_clk_pin rise@0.000ns - sys_clk_pin rise@0.000ns)
  Data Path Delay:        0.340ns  (logic 0.213ns (62.589%)  route 0.127ns (37.411%))
  Logic Levels:           1  (LUT5=1)
  Clock Path Skew:        0.013ns (DCD - SCD - CPR)
    Destination Clock Delay (DCD):    1.976ns
    Source Clock Delay      (SCD):    1.465ns
    Clock Pessimism Removal (CPR):    0.498ns

    Location             Delay type                Incr(ns)  Path(ns)    Netlist Resource(s)
  -------------------------------------------------------------------    -------------------
                         (clock sys_clk_pin rise edge)
                                                      0.000     0.000 r  
    W5                                                0.000     0.000 r  clk (IN)
                         net (fo=0)                   0.000     0.000    clk
    W5                   IBUF (Prop_ibuf_I_O)         0.226     0.226 r  clk_IBUF_inst/O
                         net (fo=1, routed)           0.631     0.858    clk_IBUF
    BUFGCTRL_X0Y0        BUFG (Prop_bufg_I_O)         0.026     0.884 r  clk_IBUF_BUFG_inst/O
                         net (fo=51, routed)          0.582     1.465    U_fnd/U_clk_div_1khz/clk_IBUF_BUFG
    SLICE_X60Y26         FDCE                                         r  U_fnd/U_clk_div_1khz/div_counter_reg[3]/C
  -------------------------------------------------------------------    -------------------
    SLICE_X60Y26         FDCE (Prop_fdce_C_Q)         0.164     1.629 r  U_fnd/U_clk_div_1khz/div_counter_reg[3]/Q
                         net (fo=9, routed)           0.127     1.756    U_fnd/U_clk_div_1khz/div_counter[3]
    SLICE_X61Y26         LUT5 (Prop_lut5_I4_O)        0.049     1.805 r  U_fnd/U_clk_div_1khz/div_counter[9]_i_1/O
                         net (fo=1, routed)           0.000     1.805    U_fnd/U_clk_div_1khz/div_counter_0[9]
    SLICE_X61Y26         FDCE                                         r  U_fnd/U_clk_div_1khz/div_counter_reg[9]/D
  -------------------------------------------------------------------    -------------------

                         (clock sys_clk_pin rise edge)
                                                      0.000     0.000 r  
    W5                                                0.000     0.000 r  clk (IN)
                         net (fo=0)                   0.000     0.000    clk
    W5                   IBUF (Prop_ibuf_I_O)         0.414     0.414 r  clk_IBUF_inst/O
                         net (fo=1, routed)           0.685     1.099    clk_IBUF
    BUFGCTRL_X0Y0        BUFG (Prop_bufg_I_O)         0.029     1.128 r  clk_IBUF_BUFG_inst/O
                         net (fo=51, routed)          0.849     1.976    U_fnd/U_clk_div_1khz/clk_IBUF_BUFG
    SLICE_X61Y26         FDCE                                         r  U_fnd/U_clk_div_1khz/div_counter_reg[9]/C
                         clock pessimism             -0.498     1.478    
    SLICE_X61Y26         FDCE (Hold_fdce_C_D)         0.107     1.585    U_fnd/U_clk_div_1khz/div_counter_reg[9]
  -------------------------------------------------------------------
                         required time                         -1.585    
                         arrival time                           1.805    
  -------------------------------------------------------------------
                         slack                                  0.220    

Slack (MET) :             0.226ns  (arrival time - required time)
  Source:                 U_SPI_Slave_Intf/si_bit_count_reg_reg[1]/C
                            (rising edge-triggered cell FDCE clocked by sys_clk_pin  {rise@0.000ns fall@5.000ns period=10.000ns})
  Destination:            U_SPI_Slave_Intf/si_bit_count_reg_reg[2]/D
                            (rising edge-triggered cell FDCE clocked by sys_clk_pin  {rise@0.000ns fall@5.000ns period=10.000ns})
  Path Group:             sys_clk_pin
  Path Type:              Hold (Min at Fast Process Corner)
  Requirement:            0.000ns  (sys_clk_pin rise@0.000ns - sys_clk_pin rise@0.000ns)
  Data Path Delay:        0.318ns  (logic 0.227ns (71.456%)  route 0.091ns (28.544%))
  Logic Levels:           1  (LUT6=1)
  Clock Path Skew:        0.000ns (DCD - SCD - CPR)
    Destination Clock Delay (DCD):    1.976ns
    Source Clock Delay      (SCD):    1.465ns
    Clock Pessimism Removal (CPR):    0.511ns

    Location             Delay type                Incr(ns)  Path(ns)    Netlist Resource(s)
  -------------------------------------------------------------------    -------------------
                         (clock sys_clk_pin rise edge)
                                                      0.000     0.000 r  
    W5                                                0.000     0.000 r  clk (IN)
                         net (fo=0)                   0.000     0.000    clk
    W5                   IBUF (Prop_ibuf_I_O)         0.226     0.226 r  clk_IBUF_inst/O
                         net (fo=1, routed)           0.631     0.858    clk_IBUF
    BUFGCTRL_X0Y0        BUFG (Prop_bufg_I_O)         0.026     0.884 r  clk_IBUF_BUFG_inst/O
                         net (fo=51, routed)          0.582     1.465    U_SPI_Slave_Intf/clk_IBUF_BUFG
    SLICE_X58Y26         FDCE                                         r  U_SPI_Slave_Intf/si_bit_count_reg_reg[1]/C
  -------------------------------------------------------------------    -------------------
    SLICE_X58Y26         FDCE (Prop_fdce_C_Q)         0.128     1.593 r  U_SPI_Slave_Intf/si_bit_count_reg_reg[1]/Q
                         net (fo=4, routed)           0.091     1.684    U_SPI_Slave_Intf/si_bit_count_reg[1]
    SLICE_X58Y26         LUT6 (Prop_lut6_I0_O)        0.099     1.783 r  U_SPI_Slave_Intf/si_bit_count_reg[2]_i_1/O
                         net (fo=1, routed)           0.000     1.783    U_SPI_Slave_Intf/si_bit_count_reg[2]_i_1_n_0
    SLICE_X58Y26         FDCE                                         r  U_SPI_Slave_Intf/si_bit_count_reg_reg[2]/D
  -------------------------------------------------------------------    -------------------

                         (clock sys_clk_pin rise edge)
                                                      0.000     0.000 r  
    W5                                                0.000     0.000 r  clk (IN)
                         net (fo=0)                   0.000     0.000    clk
    W5                   IBUF (Prop_ibuf_I_O)         0.414     0.414 r  clk_IBUF_inst/O
                         net (fo=1, routed)           0.685     1.099    clk_IBUF
    BUFGCTRL_X0Y0        BUFG (Prop_bufg_I_O)         0.029     1.128 r  clk_IBUF_BUFG_inst/O
                         net (fo=51, routed)          0.849     1.976    U_SPI_Slave_Intf/clk_IBUF_BUFG
    SLICE_X58Y26         FDCE                                         r  U_SPI_Slave_Intf/si_bit_count_reg_reg[2]/C
                         clock pessimism             -0.511     1.465    
    SLICE_X58Y26         FDCE (Hold_fdce_C_D)         0.092     1.557    U_SPI_Slave_Intf/si_bit_count_reg_reg[2]
  -------------------------------------------------------------------
                         required time                         -1.557    
                         arrival time                           1.783    
  -------------------------------------------------------------------
                         slack                                  0.226    

Slack (MET) :             0.226ns  (arrival time - required time)
  Source:                 U_SPI_Slave_Intf/si_data_reg_reg[3]/C
                            (rising edge-triggered cell FDCE clocked by sys_clk_pin  {rise@0.000ns fall@5.000ns period=10.000ns})
  Destination:            U_SPI_Slave_Intf/si_data_reg_reg[4]/D
                            (rising edge-triggered cell FDCE clocked by sys_clk_pin  {rise@0.000ns fall@5.000ns period=10.000ns})
  Path Group:             sys_clk_pin
  Path Type:              Hold (Min at Fast Process Corner)
  Requirement:            0.000ns  (sys_clk_pin rise@0.000ns - sys_clk_pin rise@0.000ns)
  Data Path Delay:        0.286ns  (logic 0.164ns (57.366%)  route 0.122ns (42.634%))
  Logic Levels:           0  
  Clock Path Skew:        0.000ns (DCD - SCD - CPR)
    Destination Clock Delay (DCD):    1.980ns
    Source Clock Delay      (SCD):    1.468ns
    Clock Pessimism Removal (CPR):    0.512ns

    Location             Delay type                Incr(ns)  Path(ns)    Netlist Resource(s)
  -------------------------------------------------------------------    -------------------
                         (clock sys_clk_pin rise edge)
                                                      0.000     0.000 r  
    W5                                                0.000     0.000 r  clk (IN)
                         net (fo=0)                   0.000     0.000    clk
    W5                   IBUF (Prop_ibuf_I_O)         0.226     0.226 r  clk_IBUF_inst/O
                         net (fo=1, routed)           0.631     0.858    clk_IBUF
    BUFGCTRL_X0Y0        BUFG (Prop_bufg_I_O)         0.026     0.884 r  clk_IBUF_BUFG_inst/O
                         net (fo=51, routed)          0.585     1.468    U_SPI_Slave_Intf/clk_IBUF_BUFG
    SLICE_X64Y27         FDCE                                         r  U_SPI_Slave_Intf/si_data_reg_reg[3]/C
  -------------------------------------------------------------------    -------------------
    SLICE_X64Y27         FDCE (Prop_fdce_C_Q)         0.164     1.632 r  U_SPI_Slave_Intf/si_data_reg_reg[3]/Q
                         net (fo=5, routed)           0.122     1.754    U_SPI_Slave_Intf/si_data_reg_reg[7]_0[3]
    SLICE_X64Y27         FDCE                                         r  U_SPI_Slave_Intf/si_data_reg_reg[4]/D
  -------------------------------------------------------------------    -------------------

                         (clock sys_clk_pin rise edge)
                                                      0.000     0.000 r  
    W5                                                0.000     0.000 r  clk (IN)
                         net (fo=0)                   0.000     0.000    clk
    W5                   IBUF (Prop_ibuf_I_O)         0.414     0.414 r  clk_IBUF_inst/O
                         net (fo=1, routed)           0.685     1.099    clk_IBUF
    BUFGCTRL_X0Y0        BUFG (Prop_bufg_I_O)         0.029     1.128 r  clk_IBUF_BUFG_inst/O
                         net (fo=51, routed)          0.853     1.980    U_SPI_Slave_Intf/clk_IBUF_BUFG
    SLICE_X64Y27         FDCE                                         r  U_SPI_Slave_Intf/si_data_reg_reg[4]/C
                         clock pessimism             -0.512     1.468    
    SLICE_X64Y27         FDCE (Hold_fdce_C_D)         0.060     1.528    U_SPI_Slave_Intf/si_data_reg_reg[4]
  -------------------------------------------------------------------
                         required time                         -1.528    
                         arrival time                           1.754    
  -------------------------------------------------------------------
                         slack                                  0.226    

Slack (MET) :             0.231ns  (arrival time - required time)
  Source:                 U_fnd/U_clk_div_1khz/div_counter_reg[3]/C
                            (rising edge-triggered cell FDCE clocked by sys_clk_pin  {rise@0.000ns fall@5.000ns period=10.000ns})
  Destination:            U_fnd/U_clk_div_1khz/div_counter_reg[8]/D
                            (rising edge-triggered cell FDCE clocked by sys_clk_pin  {rise@0.000ns fall@5.000ns period=10.000ns})
  Path Group:             sys_clk_pin
  Path Type:              Hold (Min at Fast Process Corner)
  Requirement:            0.000ns  (sys_clk_pin rise@0.000ns - sys_clk_pin rise@0.000ns)
  Data Path Delay:        0.336ns  (logic 0.209ns (62.144%)  route 0.127ns (37.856%))
  Logic Levels:           1  (LUT5=1)
  Clock Path Skew:        0.013ns (DCD - SCD - CPR)
    Destination Clock Delay (DCD):    1.976ns
    Source Clock Delay      (SCD):    1.465ns
    Clock Pessimism Removal (CPR):    0.498ns

    Location             Delay type                Incr(ns)  Path(ns)    Netlist Resource(s)
  -------------------------------------------------------------------    -------------------
                         (clock sys_clk_pin rise edge)
                                                      0.000     0.000 r  
    W5                                                0.000     0.000 r  clk (IN)
                         net (fo=0)                   0.000     0.000    clk
    W5                   IBUF (Prop_ibuf_I_O)         0.226     0.226 r  clk_IBUF_inst/O
                         net (fo=1, routed)           0.631     0.858    clk_IBUF
    BUFGCTRL_X0Y0        BUFG (Prop_bufg_I_O)         0.026     0.884 r  clk_IBUF_BUFG_inst/O
                         net (fo=51, routed)          0.582     1.465    U_fnd/U_clk_div_1khz/clk_IBUF_BUFG
    SLICE_X60Y26         FDCE                                         r  U_fnd/U_clk_div_1khz/div_counter_reg[3]/C
  -------------------------------------------------------------------    -------------------
    SLICE_X60Y26         FDCE (Prop_fdce_C_Q)         0.164     1.629 r  U_fnd/U_clk_div_1khz/div_counter_reg[3]/Q
                         net (fo=9, routed)           0.127     1.756    U_fnd/U_clk_div_1khz/div_counter[3]
    SLICE_X61Y26         LUT5 (Prop_lut5_I4_O)        0.045     1.801 r  U_fnd/U_clk_div_1khz/div_counter[8]_i_1/O
                         net (fo=1, routed)           0.000     1.801    U_fnd/U_clk_div_1khz/div_counter_0[8]
    SLICE_X61Y26         FDCE                                         r  U_fnd/U_clk_div_1khz/div_counter_reg[8]/D
  -------------------------------------------------------------------    -------------------

                         (clock sys_clk_pin rise edge)
                                                      0.000     0.000 r  
    W5                                                0.000     0.000 r  clk (IN)
                         net (fo=0)                   0.000     0.000    clk
    W5                   IBUF (Prop_ibuf_I_O)         0.414     0.414 r  clk_IBUF_inst/O
                         net (fo=1, routed)           0.685     1.099    clk_IBUF
    BUFGCTRL_X0Y0        BUFG (Prop_bufg_I_O)         0.029     1.128 r  clk_IBUF_BUFG_inst/O
                         net (fo=51, routed)          0.849     1.976    U_fnd/U_clk_div_1khz/clk_IBUF_BUFG
    SLICE_X61Y26         FDCE                                         r  U_fnd/U_clk_div_1khz/div_counter_reg[8]/C
                         clock pessimism             -0.498     1.478    
    SLICE_X61Y26         FDCE (Hold_fdce_C_D)         0.092     1.570    U_fnd/U_clk_div_1khz/div_counter_reg[8]
  -------------------------------------------------------------------
                         required time                         -1.570    
                         arrival time                           1.801    
  -------------------------------------------------------------------
                         slack                                  0.231    

Slack (MET) :             0.237ns  (arrival time - required time)
  Source:                 U_fnd/U_clk_div_1khz/div_counter_reg[5]/C
                            (rising edge-triggered cell FDCE clocked by sys_clk_pin  {rise@0.000ns fall@5.000ns period=10.000ns})
  Destination:            U_fnd/U_clk_div_1khz/div_counter_reg[3]/D
                            (rising edge-triggered cell FDCE clocked by sys_clk_pin  {rise@0.000ns fall@5.000ns period=10.000ns})
  Path Group:             sys_clk_pin
  Path Type:              Hold (Min at Fast Process Corner)
  Requirement:            0.000ns  (sys_clk_pin rise@0.000ns - sys_clk_pin rise@0.000ns)
  Data Path Delay:        0.371ns  (logic 0.209ns (56.339%)  route 0.162ns (43.661%))
  Logic Levels:           1  (LUT6=1)
  Clock Path Skew:        0.014ns (DCD - SCD - CPR)
    Destination Clock Delay (DCD):    1.976ns
    Source Clock Delay      (SCD):    1.464ns
    Clock Pessimism Removal (CPR):    0.498ns

    Location             Delay type                Incr(ns)  Path(ns)    Netlist Resource(s)
  -------------------------------------------------------------------    -------------------
                         (clock sys_clk_pin rise edge)
                                                      0.000     0.000 r  
    W5                                                0.000     0.000 r  clk (IN)
                         net (fo=0)                   0.000     0.000    clk
    W5                   IBUF (Prop_ibuf_I_O)         0.226     0.226 r  clk_IBUF_inst/O
                         net (fo=1, routed)           0.631     0.858    clk_IBUF
    BUFGCTRL_X0Y0        BUFG (Prop_bufg_I_O)         0.026     0.884 r  clk_IBUF_BUFG_inst/O
                         net (fo=51, routed)          0.581     1.464    U_fnd/U_clk_div_1khz/clk_IBUF_BUFG
    SLICE_X60Y25         FDCE                                         r  U_fnd/U_clk_div_1khz/div_counter_reg[5]/C
  -------------------------------------------------------------------    -------------------
    SLICE_X60Y25         FDCE (Prop_fdce_C_Q)         0.164     1.628 f  U_fnd/U_clk_div_1khz/div_counter_reg[5]/Q
                         net (fo=4, routed)           0.162     1.790    U_fnd/U_clk_div_1khz/div_counter[5]
    SLICE_X60Y26         LUT6 (Prop_lut6_I0_O)        0.045     1.835 r  U_fnd/U_clk_div_1khz/div_counter[3]_i_1/O
                         net (fo=1, routed)           0.000     1.835    U_fnd/U_clk_div_1khz/div_counter_0[3]
    SLICE_X60Y26         FDCE                                         r  U_fnd/U_clk_div_1khz/div_counter_reg[3]/D
  -------------------------------------------------------------------    -------------------

                         (clock sys_clk_pin rise edge)
                                                      0.000     0.000 r  
    W5                                                0.000     0.000 r  clk (IN)
                         net (fo=0)                   0.000     0.000    clk
    W5                   IBUF (Prop_ibuf_I_O)         0.414     0.414 r  clk_IBUF_inst/O
                         net (fo=1, routed)           0.685     1.099    clk_IBUF
    BUFGCTRL_X0Y0        BUFG (Prop_bufg_I_O)         0.029     1.128 r  clk_IBUF_BUFG_inst/O
                         net (fo=51, routed)          0.849     1.976    U_fnd/U_clk_div_1khz/clk_IBUF_BUFG
    SLICE_X60Y26         FDCE                                         r  U_fnd/U_clk_div_1khz/div_counter_reg[3]/C
                         clock pessimism             -0.498     1.478    
    SLICE_X60Y26         FDCE (Hold_fdce_C_D)         0.120     1.598    U_fnd/U_clk_div_1khz/div_counter_reg[3]
  -------------------------------------------------------------------
                         required time                         -1.598    
                         arrival time                           1.835    
  -------------------------------------------------------------------
                         slack                                  0.237    





Pulse Width Checks
--------------------------------------------------------------------------------------
Clock Name:         sys_clk_pin
Waveform(ns):       { 0.000 5.000 }
Period(ns):         10.000
Sources:            { clk }

Check Type        Corner  Lib Pin  Reference Pin  Required(ns)  Actual(ns)  Slack(ns)  Location       Pin
Min Period        n/a     BUFG/I   n/a            2.155         10.000      7.845      BUFGCTRL_X0Y0  clk_IBUF_BUFG_inst/I
Min Period        n/a     FDCE/C   n/a            1.000         10.000      9.000      SLICE_X59Y25   U_SPI_Slave_Intf/FSM_sequential_so_state_reg[0]/C
Min Period        n/a     FDCE/C   n/a            1.000         10.000      9.000      SLICE_X59Y25   U_SPI_Slave_Intf/FSM_sequential_so_state_reg[1]/C
Min Period        n/a     FDCE/C   n/a            1.000         10.000      9.000      SLICE_X60Y26   U_SPI_Slave_Intf/sclk_sync0_reg/C
Min Period        n/a     FDCE/C   n/a            1.000         10.000      9.000      SLICE_X59Y25   U_SPI_Slave_Intf/sclk_sync1_reg/C
Min Period        n/a     FDCE/C   n/a            1.000         10.000      9.000      SLICE_X58Y26   U_SPI_Slave_Intf/si_bit_count_reg_reg[0]/C
Min Period        n/a     FDCE/C   n/a            1.000         10.000      9.000      SLICE_X58Y26   U_SPI_Slave_Intf/si_bit_count_reg_reg[1]/C
Min Period        n/a     FDCE/C   n/a            1.000         10.000      9.000      SLICE_X58Y26   U_SPI_Slave_Intf/si_bit_count_reg_reg[2]/C
Min Period        n/a     FDCE/C   n/a            1.000         10.000      9.000      SLICE_X64Y27   U_SPI_Slave_Intf/si_data_reg_reg[0]/C
Min Period        n/a     FDCE/C   n/a            1.000         10.000      9.000      SLICE_X64Y27   U_SPI_Slave_Intf/si_data_reg_reg[1]/C
Low Pulse Width   Fast    FDCE/C   n/a            0.500         5.000       4.500      SLICE_X60Y26   U_SPI_Slave_Intf/sclk_sync0_reg/C
Low Pulse Width   Fast    FDCE/C   n/a            0.500         5.000       4.500      SLICE_X58Y26   U_SPI_Slave_Intf/si_bit_count_reg_reg[0]/C
Low Pulse Width   Fast    FDCE/C   n/a            0.500         5.000       4.500      SLICE_X58Y26   U_SPI_Slave_Intf/si_bit_count_reg_reg[1]/C
Low Pulse Width   Fast    FDCE/C   n/a            0.500         5.000       4.500      SLICE_X58Y26   U_SPI_Slave_Intf/si_bit_count_reg_reg[2]/C
Low Pulse Width   Fast    FDCE/C   n/a            0.500         5.000       4.500      SLICE_X64Y27   U_SPI_Slave_Intf/si_data_reg_reg[0]/C
Low Pulse Width   Fast    FDCE/C   n/a            0.500         5.000       4.500      SLICE_X64Y27   U_SPI_Slave_Intf/si_data_reg_reg[1]/C
Low Pulse Width   Fast    FDCE/C   n/a            0.500         5.000       4.500      SLICE_X64Y27   U_SPI_Slave_Intf/si_data_reg_reg[2]/C
Low Pulse Width   Fast    FDCE/C   n/a            0.500         5.000       4.500      SLICE_X64Y27   U_SPI_Slave_Intf/si_data_reg_reg[3]/C
Low Pulse Width   Fast    FDCE/C   n/a            0.500         5.000       4.500      SLICE_X64Y27   U_SPI_Slave_Intf/si_data_reg_reg[4]/C
Low Pulse Width   Fast    FDCE/C   n/a            0.500         5.000       4.500      SLICE_X64Y27   U_SPI_Slave_Intf/si_data_reg_reg[5]/C
High Pulse Width  Slow    FDCE/C   n/a            0.500         5.000       4.500      SLICE_X59Y25   U_SPI_Slave_Intf/FSM_sequential_so_state_reg[0]/C
High Pulse Width  Fast    FDCE/C   n/a            0.500         5.000       4.500      SLICE_X59Y25   U_SPI_Slave_Intf/FSM_sequential_so_state_reg[0]/C
High Pulse Width  Slow    FDCE/C   n/a            0.500         5.000       4.500      SLICE_X59Y25   U_SPI_Slave_Intf/FSM_sequential_so_state_reg[1]/C
High Pulse Width  Fast    FDCE/C   n/a            0.500         5.000       4.500      SLICE_X59Y25   U_SPI_Slave_Intf/FSM_sequential_so_state_reg[1]/C
High Pulse Width  Slow    FDCE/C   n/a            0.500         5.000       4.500      SLICE_X60Y26   U_SPI_Slave_Intf/sclk_sync0_reg/C
High Pulse Width  Slow    FDCE/C   n/a            0.500         5.000       4.500      SLICE_X59Y25   U_SPI_Slave_Intf/sclk_sync1_reg/C
High Pulse Width  Fast    FDCE/C   n/a            0.500         5.000       4.500      SLICE_X59Y25   U_SPI_Slave_Intf/sclk_sync1_reg/C
High Pulse Width  Slow    FDCE/C   n/a            0.500         5.000       4.500      SLICE_X58Y26   U_SPI_Slave_Intf/si_bit_count_reg_reg[0]/C
High Pulse Width  Slow    FDCE/C   n/a            0.500         5.000       4.500      SLICE_X58Y26   U_SPI_Slave_Intf/si_bit_count_reg_reg[1]/C
High Pulse Width  Slow    FDCE/C   n/a            0.500         5.000       4.500      SLICE_X58Y26   U_SPI_Slave_Intf/si_bit_count_reg_reg[2]/C



