Copyright 1986-2020 Xilinx, Inc. All Rights Reserved.
------------------------------------------------------------------------------------
| Tool Version : Vivado v.2020.2 (win64) Build 3064766 Wed Nov 18 09:12:45 MST 2020
| Date         : Sat May 17 23:20:53 2025
| Host         : DESKTOP-5KDKKP9 running 64-bit major release  (build 9200)
| Command      : report_control_sets -verbose -file SPI_control_sets_placed.rpt
| Design       : SPI
| Device       : xc7a35t
------------------------------------------------------------------------------------

Control Set Information

Table of Contents
-----------------
1. Summary
2. Histogram
3. Flip-Flop Distribution
4. Detailed Control Set Information

1. Summary
----------

+----------------------------------------------------------+-------+
|                          Status                          | Count |
+----------------------------------------------------------+-------+
| Total control sets                                       |     8 |
|    Minimum number of control sets                        |     8 |
|    Addition due to synthesis replication                 |     0 |
|    Addition due to physical synthesis replication        |     0 |
| Unused register locations in slices containing registers |    18 |
+----------------------------------------------------------+-------+
* Control sets can be merged at opt_design using control_set_merge or merge_equivalent_drivers
** Run report_qor_suggestions for automated merging and remapping suggestions


2. Histogram
------------

+--------------------+-------+
|       Fanout       | Count |
+--------------------+-------+
| Total control sets |     8 |
| >= 0 to < 4        |     1 |
| >= 4 to < 6        |     1 |
| >= 6 to < 8        |     2 |
| >= 8 to < 10       |     3 |
| >= 10 to < 12      |     0 |
| >= 12 to < 14      |     0 |
| >= 14 to < 16      |     0 |
| >= 16              |     1 |
+--------------------+-------+
* Control sets can be remapped at either synth_design or opt_design


3. Flip-Flop Distribution
-------------------------

+--------------+-----------------------+------------------------+-----------------+--------------+
| Clock Enable | Synchronous Set/Reset | Asynchronous Set/Reset | Total Registers | Total Slices |
+--------------+-----------------------+------------------------+-----------------+--------------+
| No           | No                    | No                     |               1 |            1 |
| No           | No                    | Yes                    |              64 |           22 |
| No           | Yes                   | No                     |               0 |            0 |
| Yes          | No                    | No                     |               0 |            0 |
| Yes          | No                    | Yes                    |              29 |           10 |
| Yes          | Yes                   | No                     |               0 |            0 |
+--------------+-----------------------+------------------------+-----------------+--------------+


4. Detailed Control Set Information
-----------------------------------

+------------------------------------------------+-----------------------------------------------+------------------+------------------+----------------+--------------+
|                  Clock Signal                  |                 Enable Signal                 | Set/Reset Signal | Slice Load Count | Bel Load Count | Bels / Slice |
+------------------------------------------------+-----------------------------------------------+------------------+------------------+----------------+--------------+
|  U_Top_master/U_spi_master/sclk_counter_next_0 |                                               |                  |                1 |              1 |         1.00 |
| ~U_Top_master/U_spi_master/CLK                 |                                               | reset_IBUF       |                1 |              4 |         4.00 |
|  clk_IBUF_BUFG                                 | U_Top_slave/U_slave_fsm/fnd_data_next[13]     | reset_IBUF       |                1 |              6 |         6.00 |
|  clk_IBUF_BUFG                                 | U_Top_master/U_spi_master/sclk_counter_next_0 | reset_IBUF       |                2 |              7 |         3.50 |
| ~U_Top_master/U_spi_master/CLK                 | U_Top_master/U_spi_master/E[0]                | reset_IBUF       |                4 |              8 |         2.00 |
|  U_btn_de/r_1khz_reg_n_0                       |                                               | reset_IBUF       |                2 |              8 |         4.00 |
|  clk_IBUF_BUFG                                 | U_Top_slave/U_slave_fsm/fnd_data_next[7]      | reset_IBUF       |                3 |              8 |         2.67 |
|  clk_IBUF_BUFG                                 |                                               | reset_IBUF       |               19 |             52 |         2.74 |
+------------------------------------------------+-----------------------------------------------+------------------+------------------+----------------+--------------+


