Copyright 1986-2021 Xilinx, Inc. All Rights Reserved.
---------------------------------------------------------------------------------------------------------------------------------
| Tool Version : Vivado v.2020.2.2 (win64) Build 3118627 Tue Feb  9 05:14:06 MST 2021
| Date         : Sun Jun  8 22:06:03 2025
| Host         : jaehoon running 64-bit major release  (build 9200)
| Command      : report_utilization -file OV7670_VGA_Display_utilization_placed.rpt -pb OV7670_VGA_Display_utilization_placed.pb
| Design       : OV7670_VGA_Display
| Device       : 7a35tcpg236-1
| Design State : Fully Placed
---------------------------------------------------------------------------------------------------------------------------------

Utilization Design Information

Table of Contents
-----------------
1. Slice Logic
1.1 Summary of Registers by Type
2. Slice Logic Distribution
3. Memory
4. DSP
5. IO and GT Specific
6. Clocking
7. Specific Feature
8. Primitives
9. Black Boxes
10. Instantiated Netlists

1. Slice Logic
--------------

+----------------------------+-------+-------+-----------+-------+
|          Site Type         |  Used | Fixed | Available | Util% |
+----------------------------+-------+-------+-----------+-------+
| Slice LUTs                 | 13446 |     0 |     20800 | 64.64 |
|   LUT as Logic             |  9626 |     0 |     20800 | 46.28 |
|   LUT as Memory            |  3820 |     0 |      9600 | 39.79 |
|     LUT as Distributed RAM |  3820 |     0 |           |       |
|     LUT as Shift Register  |     0 |     0 |           |       |
| Slice Registers            |  4771 |     0 |     41600 | 11.47 |
|   Register as Flip Flop    |  4771 |     0 |     41600 | 11.47 |
|   Register as Latch        |     0 |     0 |     41600 |  0.00 |
| F7 Muxes                   |   663 |     0 |     16300 |  4.07 |
| F8 Muxes                   |   120 |     0 |      8150 |  1.47 |
+----------------------------+-------+-------+-----------+-------+


1.1 Summary of Registers by Type
--------------------------------

+-------+--------------+-------------+--------------+
| Total | Clock Enable | Synchronous | Asynchronous |
+-------+--------------+-------------+--------------+
| 0     |            _ |           - |            - |
| 0     |            _ |           - |          Set |
| 0     |            _ |           - |        Reset |
| 0     |            _ |         Set |            - |
| 0     |            _ |       Reset |            - |
| 0     |          Yes |           - |            - |
| 8     |          Yes |           - |          Set |
| 2077  |          Yes |           - |        Reset |
| 0     |          Yes |         Set |            - |
| 2686  |          Yes |       Reset |            - |
+-------+--------------+-------------+--------------+


2. Slice Logic Distribution
---------------------------

+--------------------------------------------+------+-------+-----------+-------+
|                  Site Type                 | Used | Fixed | Available | Util% |
+--------------------------------------------+------+-------+-----------+-------+
| Slice                                      | 4074 |     0 |      8150 | 49.99 |
|   SLICEL                                   | 2688 |     0 |           |       |
|   SLICEM                                   | 1386 |     0 |           |       |
| LUT as Logic                               | 9626 |     0 |     20800 | 46.28 |
|   using O5 output only                     |    0 |       |           |       |
|   using O6 output only                     | 7963 |       |           |       |
|   using O5 and O6                          | 1663 |       |           |       |
| LUT as Memory                              | 3820 |     0 |      9600 | 39.79 |
|   LUT as Distributed RAM                   | 3820 |     0 |           |       |
|     using O5 output only                   |    0 |       |           |       |
|     using O6 output only                   | 3820 |       |           |       |
|     using O5 and O6                        |    0 |       |           |       |
|   LUT as Shift Register                    |    0 |     0 |           |       |
| Slice Registers                            | 4771 |     0 |     41600 | 11.47 |
|   Register driven from within the Slice    |  484 |       |           |       |
|   Register driven from outside the Slice   | 4287 |       |           |       |
|     LUT in front of the register is unused | 1167 |       |           |       |
|     LUT in front of the register is used   | 3120 |       |           |       |
| Unique Control Sets                        |  959 |       |      8150 | 11.77 |
+--------------------------------------------+------+-------+-----------+-------+
* * Note: Available Control Sets calculated as Slice * 1, Review the Control Sets Report for more information regarding control sets.


3. Memory
---------

+-------------------+------+-------+-----------+-------+
|     Site Type     | Used | Fixed | Available | Util% |
+-------------------+------+-------+-----------+-------+
| Block RAM Tile    |   44 |     0 |        50 | 88.00 |
|   RAMB36/FIFO*    |   43 |     0 |        50 | 86.00 |
|     RAMB36E1 only |   43 |       |           |       |
|   RAMB18          |    2 |     0 |       100 |  2.00 |
|     RAMB18E1 only |    2 |       |           |       |
+-------------------+------+-------+-----------+-------+
* Note: Each Block RAM Tile only has one FIFO logic available and therefore can accommodate only one FIFO36E1 or one FIFO18E1. However, if a FIFO18E1 occupies a Block RAM Tile, that tile can still accommodate a RAMB18E1


4. DSP
------

+----------------+------+-------+-----------+-------+
|    Site Type   | Used | Fixed | Available | Util% |
+----------------+------+-------+-----------+-------+
| DSPs           |    1 |     0 |        90 |  1.11 |
|   DSP48E1 only |    1 |       |           |       |
+----------------+------+-------+-----------+-------+


5. IO and GT Specific
---------------------

+-----------------------------+------+-------+-----------+-------+
|          Site Type          | Used | Fixed | Available | Util% |
+-----------------------------+------+-------+-----------+-------+
| Bonded IOB                  |   44 |    44 |       106 | 41.51 |
|   IOB Master Pads           |   21 |       |           |       |
|   IOB Slave Pads            |   22 |       |           |       |
| Bonded IPADs                |    0 |     0 |        10 |  0.00 |
| Bonded OPADs                |    0 |     0 |         4 |  0.00 |
| PHY_CONTROL                 |    0 |     0 |         5 |  0.00 |
| PHASER_REF                  |    0 |     0 |         5 |  0.00 |
| OUT_FIFO                    |    0 |     0 |        20 |  0.00 |
| IN_FIFO                     |    0 |     0 |        20 |  0.00 |
| IDELAYCTRL                  |    0 |     0 |         5 |  0.00 |
| IBUFDS                      |    0 |     0 |       104 |  0.00 |
| GTPE2_CHANNEL               |    0 |     0 |         2 |  0.00 |
| PHASER_OUT/PHASER_OUT_PHY   |    0 |     0 |        20 |  0.00 |
| PHASER_IN/PHASER_IN_PHY     |    0 |     0 |        20 |  0.00 |
| IDELAYE2/IDELAYE2_FINEDELAY |    0 |     0 |       250 |  0.00 |
| IBUFDS_GTE2                 |    0 |     0 |         2 |  0.00 |
| ILOGIC                      |    0 |     0 |       106 |  0.00 |
| OLOGIC                      |    0 |     0 |       106 |  0.00 |
+-----------------------------+------+-------+-----------+-------+


6. Clocking
-----------

+------------+------+-------+-----------+-------+
|  Site Type | Used | Fixed | Available | Util% |
+------------+------+-------+-----------+-------+
| BUFGCTRL   |    6 |     0 |        32 | 18.75 |
| BUFIO      |    0 |     0 |        20 |  0.00 |
| MMCME2_ADV |    0 |     0 |         5 |  0.00 |
| PLLE2_ADV  |    0 |     0 |         5 |  0.00 |
| BUFMRCE    |    0 |     0 |        10 |  0.00 |
| BUFHCE     |    0 |     0 |        72 |  0.00 |
| BUFR       |    0 |     0 |        20 |  0.00 |
+------------+------+-------+-----------+-------+


7. Specific Feature
-------------------

+-------------+------+-------+-----------+-------+
|  Site Type  | Used | Fixed | Available | Util% |
+-------------+------+-------+-----------+-------+
| BSCANE2     |    0 |     0 |         4 |  0.00 |
| CAPTUREE2   |    0 |     0 |         1 |  0.00 |
| DNA_PORT    |    0 |     0 |         1 |  0.00 |
| EFUSE_USR   |    0 |     0 |         1 |  0.00 |
| FRAME_ECCE2 |    0 |     0 |         1 |  0.00 |
| ICAPE2      |    0 |     0 |         2 |  0.00 |
| PCIE_2_1    |    0 |     0 |         1 |  0.00 |
| STARTUPE2   |    0 |     0 |         1 |  0.00 |
| XADC        |    0 |     0 |         1 |  0.00 |
+-------------+------+-------+-----------+-------+


8. Primitives
-------------

+----------+------+---------------------+
| Ref Name | Used | Functional Category |
+----------+------+---------------------+
| LUT6     | 6867 |                 LUT |
| RAMD64E  | 3820 |  Distributed Memory |
| LUT3     | 2752 |                 LUT |
| FDRE     | 2686 |        Flop & Latch |
| FDCE     | 2077 |        Flop & Latch |
| LUT5     |  939 |                 LUT |
| MUXF7    |  663 |               MuxFx |
| LUT2     |  353 |                 LUT |
| LUT4     |  309 |                 LUT |
| MUXF8    |  120 |               MuxFx |
| CARRY4   |  106 |          CarryLogic |
| LUT1     |   69 |                 LUT |
| RAMB36E1 |   43 |        Block Memory |
| IBUF     |   24 |                  IO |
| OBUF     |   18 |                  IO |
| FDPE     |    8 |        Flop & Latch |
| BUFG     |    6 |               Clock |
| RAMB18E1 |    2 |        Block Memory |
| OBUFT    |    2 |                  IO |
| DSP48E1  |    1 |    Block Arithmetic |
+----------+------+---------------------+


9. Black Boxes
--------------

+----------+------+
| Ref Name | Used |
+----------+------+


10. Instantiated Netlists
-------------------------

+----------+------+
| Ref Name | Used |
+----------+------+


