#-----------------------------------------------------------
# Webtalk v2020.2 (64-bit)
# SW Build 3064766 on Wed Nov 18 09:12:45 MST 2020
# IP Build 3064653 on Wed Nov 18 14:17:31 MST 2020
# Start of session at: Fri Apr  4 11:51:08 2025
# Process ID: 4576
# Current directory: D:/working/harman_FPGA/250404_SystemVerilog_Adder/250404_SystemVerilog_Adder.sim/sim_1/behav/xsim
# Command line: wbtcv.exe -mode batch -source D:/working/harman_FPGA/250404_SystemVerilog_Adder/250404_SystemVerilog_Adder.sim/sim_1/behav/xsim/xsim.dir/tb_adder_behav/webtalk/xsim_webtalk.tcl -notrace
# Log file: D:/working/harman_FPGA/250404_SystemVerilog_Adder/250404_SystemVerilog_Adder.sim/sim_1/behav/xsim/webtalk.log
# Journal file: D:/working/harman_FPGA/250404_SystemVerilog_Adder/250404_SystemVerilog_Adder.sim/sim_1/behav/xsim\webtalk.jou
#-----------------------------------------------------------
source D:/working/harman_FPGA/250404_SystemVerilog_Adder/250404_SystemVerilog_Adder.sim/sim_1/behav/xsim/xsim.dir/tb_adder_behav/webtalk/xsim_webtalk.tcl -notrace
