Copyright 1986-2020 Xilinx, Inc. All Rights Reserved.
-----------------------------------------------------------------------------------------------
| Tool Version : Vivado v.2020.2 (win64) Build 3064766 Wed Nov 18 09:12:45 MST 2020
| Date         : Fri May 30 18:36:28 2025
| Host         : DESKTOP-7CFQ9ND running 64-bit major release  (build 9200)
| Command      : report_control_sets -verbose -file OV7670_VGA_Display_control_sets_placed.rpt
| Design       : OV7670_VGA_Display
| Device       : xc7a35t
-----------------------------------------------------------------------------------------------

Control Set Information

Table of Contents
-----------------
1. Summary
2. Histogram
3. Flip-Flop Distribution
4. Detailed Control Set Information

1. Summary
----------

+----------------------------------------------------------+-------+
|                          Status                          | Count |
+----------------------------------------------------------+-------+
| Total control sets                                       |     8 |
|    Minimum number of control sets                        |     8 |
|    Addition due to synthesis replication                 |     0 |
|    Addition due to physical synthesis replication        |     0 |
| Unused register locations in slices containing registers |    31 |
+----------------------------------------------------------+-------+
* Control sets can be merged at opt_design using control_set_merge or merge_equivalent_drivers
** Run report_qor_suggestions for automated merging and remapping suggestions


2. Histogram
------------

+--------------------+-------+
|       Fanout       | Count |
+--------------------+-------+
| Total control sets |     8 |
| >= 0 to < 4        |     1 |
| >= 4 to < 6        |     1 |
| >= 6 to < 8        |     2 |
| >= 8 to < 10       |     1 |
| >= 10 to < 12      |     2 |
| >= 12 to < 14      |     0 |
| >= 14 to < 16      |     0 |
| >= 16              |     1 |
+--------------------+-------+
* Control sets can be remapped at either synth_design or opt_design


3. Flip-Flop Distribution
-------------------------

+--------------+-----------------------+------------------------+-----------------+--------------+
| Clock Enable | Synchronous Set/Reset | Asynchronous Set/Reset | Total Registers | Total Slices |
+--------------+-----------------------+------------------------+-----------------+--------------+
| No           | No                    | No                     |               2 |            1 |
| No           | No                    | Yes                    |              33 |           12 |
| No           | Yes                   | No                     |               0 |            0 |
| Yes          | No                    | No                     |               0 |            0 |
| Yes          | No                    | Yes                    |              30 |           15 |
| Yes          | Yes                   | No                     |               0 |            0 |
+--------------+-----------------------+------------------------+-----------------+--------------+


4. Detailed Control Set Information
-----------------------------------

+---------------------------------+-----------------------------------------+------------------+------------------+----------------+--------------+
|           Clock Signal          |              Enable Signal              | Set/Reset Signal | Slice Load Count | Bel Load Count | Bels / Slice |
+---------------------------------+-----------------------------------------+------------------+------------------+----------------+--------------+
|  clk_IBUF_BUFG                  |                                         |                  |                1 |              2 |         2.00 |
|  ov7670_pclk_IBUF_BUFG          | u_OV7670_memory_controller/pix_data[7]  | reset_IBUF       |                5 |              5 |         1.00 |
|  clk_IBUF_BUFG                  |                                         | reset_IBUF       |                2 |              6 |         3.00 |
|  ov7670_pclk_IBUF_BUFG          | u_OV7670_memory_controller/pix_data[15] | reset_IBUF       |                4 |              7 |         1.75 |
|  ov7670_pclk_IBUF_BUFG          | u_OV7670_memory_controller/v_counter0   | reset_IBUF       |                2 |              8 |         4.00 |
|  u_VGA_Controller/u_clk_gen/CLK |                                         | reset_IBUF       |                3 |             10 |         3.33 |
|  u_VGA_Controller/u_clk_gen/CLK | u_VGA_Controller/u_counter/v_counter    | reset_IBUF       |                4 |             10 |         2.50 |
|  ov7670_pclk_IBUF_BUFG          |                                         | reset_IBUF       |                7 |             17 |         2.43 |
+---------------------------------+-----------------------------------------+------------------+------------------+----------------+--------------+


