Copyright 1986-2020 Xilinx, Inc. All Rights Reserved.
-----------------------------------------------------------------------------------------------------------------------------------------------------------------------------------------------------------------------------
| Tool Version : Vivado v.2020.2 (win64) Build 3064766 Wed Nov 18 09:12:45 MST 2020
| Date         : Fri May 30 18:36:41 2025
| Host         : DESKTOP-7CFQ9ND running 64-bit major release  (build 9200)
| Command      : report_timing_summary -max_paths 10 -file OV7670_VGA_Display_timing_summary_routed.rpt -pb OV7670_VGA_Display_timing_summary_routed.pb -rpx OV7670_VGA_Display_timing_summary_routed.rpx -warn_on_violation
| Design       : OV7670_VGA_Display
| Device       : 7a35t-cpg236
| Speed File   : -1  PRODUCTION 1.23 2018-06-13
-----------------------------------------------------------------------------------------------------------------------------------------------------------------------------------------------------------------------------

Timing Summary Report

------------------------------------------------------------------------------------------------
| Timer Settings
| --------------
------------------------------------------------------------------------------------------------

  Enable Multi Corner Analysis               :  Yes
  Enable Pessimism Removal                   :  Yes
  Pessimism Removal Resolution               :  Nearest Common Node
  Enable Input Delay Default Clock           :  No
  Enable Preset / Clear Arcs                 :  No
  Disable Flight Delays                      :  No
  Ignore I/O Paths                           :  No
  Timing Early Launch at Borrowing Latches   :  No
  Borrow Time for Max Delay Exceptions       :  Yes
  Merge Timing Exceptions                    :  Yes

  Corner  Analyze    Analyze    
  Name    Max Paths  Min Paths  
  ------  ---------  ---------  
  Slow    Yes        Yes        
  Fast    Yes        Yes        



check_timing report

Table of Contents
-----------------
1. checking no_clock (93)
2. checking constant_clock (0)
3. checking pulse_width_clock (0)
4. checking unconstrained_internal_endpoints (804)
5. checking no_input_delay (11)
6. checking no_output_delay (15)
7. checking multiple_clock (0)
8. checking generated_clocks (0)
9. checking loops (0)
10. checking partial_input_delay (0)
11. checking partial_output_delay (0)
12. checking latch_loops (0)

1. checking no_clock (93)
-------------------------
 There are 73 register/latch pins with no clock driven by root clock pin: ov7670_pclk (HIGH)

 There are 20 register/latch pins with no clock driven by root clock pin: u_VGA_Controller/u_clk_gen/pclk_reg/Q (HIGH)


2. checking constant_clock (0)
------------------------------
 There are 0 register/latch pins with constant_clock.


3. checking pulse_width_clock (0)
---------------------------------
 There are 0 register/latch pins which need pulse_width check


4. checking unconstrained_internal_endpoints (804)
--------------------------------------------------
 There are 804 pins that are not constrained for maximum delay. (HIGH)

 There are 0 pins that are not constrained for maximum delay due to constant clock.


5. checking no_input_delay (11)
-------------------------------
 There are 11 input ports with no input delay specified. (HIGH)

 There are 0 input ports with no input delay but user has a false path constraint.


6. checking no_output_delay (15)
--------------------------------
 There are 15 ports with no output delay specified. (HIGH)

 There are 0 ports with no output delay but user has a false path constraint

 There are 0 ports with no output delay but with a timing clock defined on it or propagating through it


7. checking multiple_clock (0)
------------------------------
 There are 0 register/latch pins with multiple clocks.


8. checking generated_clocks (0)
--------------------------------
 There are 0 generated clocks that are not connected to a clock source.


9. checking loops (0)
---------------------
 There are 0 combinational loops in the design.


10. checking partial_input_delay (0)
------------------------------------
 There are 0 input ports with partial input delay specified.


11. checking partial_output_delay (0)
-------------------------------------
 There are 0 ports with partial output delay specified.


12. checking latch_loops (0)
----------------------------
 There are 0 combinational latch loops in the design through latch input



------------------------------------------------------------------------------------------------
| Design Timing Summary
| ---------------------
------------------------------------------------------------------------------------------------

    WNS(ns)      TNS(ns)  TNS Failing Endpoints  TNS Total Endpoints      WHS(ns)      THS(ns)  THS Failing Endpoints  THS Total Endpoints     WPWS(ns)     TPWS(ns)  TPWS Failing Endpoints  TPWS Total Endpoints  
    -------      -------  ---------------------  -------------------      -------      -------  ---------------------  -------------------     --------     --------  ----------------------  --------------------  
      8.239        0.000                      0                    8        0.280        0.000                      0                    8        4.500        0.000                       0                    45  


All user specified timing constraints are met.


------------------------------------------------------------------------------------------------
| Clock Summary
| -------------
------------------------------------------------------------------------------------------------

Clock        Waveform(ns)       Period(ns)      Frequency(MHz)
-----        ------------       ----------      --------------
sys_clk_pin  {0.000 5.000}      10.000          100.000         


------------------------------------------------------------------------------------------------
| Intra Clock Table
| -----------------
------------------------------------------------------------------------------------------------

Clock             WNS(ns)      TNS(ns)  TNS Failing Endpoints  TNS Total Endpoints      WHS(ns)      THS(ns)  THS Failing Endpoints  THS Total Endpoints     WPWS(ns)     TPWS(ns)  TPWS Failing Endpoints  TPWS Total Endpoints  
-----             -------      -------  ---------------------  -------------------      -------      -------  ---------------------  -------------------     --------     --------  ----------------------  --------------------  
sys_clk_pin         8.239        0.000                      0                    8        0.280        0.000                      0                    8        4.500        0.000                       0                    45  


------------------------------------------------------------------------------------------------
| Inter Clock Table
| -----------------
------------------------------------------------------------------------------------------------

From Clock    To Clock          WNS(ns)      TNS(ns)  TNS Failing Endpoints  TNS Total Endpoints      WHS(ns)      THS(ns)  THS Failing Endpoints  THS Total Endpoints  
----------    --------          -------      -------  ---------------------  -------------------      -------      -------  ---------------------  -------------------  


------------------------------------------------------------------------------------------------
| Other Path Groups Table
| -----------------------
------------------------------------------------------------------------------------------------

Path Group    From Clock    To Clock          WNS(ns)      TNS(ns)  TNS Failing Endpoints  TNS Total Endpoints      WHS(ns)      THS(ns)  THS Failing Endpoints  THS Total Endpoints  
----------    ----------    --------          -------      -------  ---------------------  -------------------      -------      -------  ---------------------  -------------------  


------------------------------------------------------------------------------------------------
| Timing Details
| --------------
------------------------------------------------------------------------------------------------


---------------------------------------------------------------------------------------------------
From Clock:  sys_clk_pin
  To Clock:  sys_clk_pin

Setup :            0  Failing Endpoints,  Worst Slack        8.239ns,  Total Violation        0.000ns
Hold  :            0  Failing Endpoints,  Worst Slack        0.280ns,  Total Violation        0.000ns
PW    :            0  Failing Endpoints,  Worst Slack        4.500ns,  Total Violation        0.000ns
---------------------------------------------------------------------------------------------------


Max Delay Paths
--------------------------------------------------------------------------------------
Slack (MET) :             8.239ns  (required time - arrival time)
  Source:                 u_OV7670_clk_gen/p_counter_reg[1]/C
                            (rising edge-triggered cell FDCE clocked by sys_clk_pin  {rise@0.000ns fall@5.000ns period=10.000ns})
  Destination:            u_OV7670_clk_gen/p_counter_reg[1]/D
                            (rising edge-triggered cell FDCE clocked by sys_clk_pin  {rise@0.000ns fall@5.000ns period=10.000ns})
  Path Group:             sys_clk_pin
  Path Type:              Setup (Max at Slow Process Corner)
  Requirement:            10.000ns  (sys_clk_pin rise@10.000ns - sys_clk_pin rise@0.000ns)
  Data Path Delay:        1.755ns  (logic 0.580ns (33.049%)  route 1.175ns (66.951%))
  Logic Levels:           1  (LUT2=1)
  Clock Path Skew:        0.000ns (DCD - SCD + CPR)
    Destination Clock Delay (DCD):    4.843ns = ( 14.843 - 10.000 ) 
    Source Clock Delay      (SCD):    5.139ns
    Clock Pessimism Removal (CPR):    0.296ns
  Clock Uncertainty:      0.035ns  ((TSJ^2 + TIJ^2)^1/2 + DJ) / 2 + PE
    Total System Jitter     (TSJ):    0.071ns
    Total Input Jitter      (TIJ):    0.000ns
    Discrete Jitter          (DJ):    0.000ns
    Phase Error              (PE):    0.000ns

    Location             Delay type                Incr(ns)  Path(ns)    Netlist Resource(s)
  -------------------------------------------------------------------    -------------------
                         (clock sys_clk_pin rise edge)
                                                      0.000     0.000 r  
    W5                                                0.000     0.000 r  clk (IN)
                         net (fo=0)                   0.000     0.000    clk
    W5                   IBUF (Prop_ibuf_I_O)         1.458     1.458 r  clk_IBUF_inst/O
                         net (fo=1, routed)           1.967     3.425    clk_IBUF
    BUFGCTRL_X0Y0        BUFG (Prop_bufg_I_O)         0.096     3.521 r  clk_IBUF_BUFG_inst/O
                         net (fo=44, routed)          1.618     5.139    u_OV7670_clk_gen/clk_IBUF_BUFG
    SLICE_X0Y66          FDCE                                         r  u_OV7670_clk_gen/p_counter_reg[1]/C
  -------------------------------------------------------------------    -------------------
    SLICE_X0Y66          FDCE (Prop_fdce_C_Q)         0.456     5.595 r  u_OV7670_clk_gen/p_counter_reg[1]/Q
                         net (fo=2, routed)           1.175     6.770    u_OV7670_clk_gen/p_counter[1]
    SLICE_X0Y66          LUT2 (Prop_lut2_I1_O)        0.124     6.894 r  u_OV7670_clk_gen/p_counter[1]_i_1/O
                         net (fo=1, routed)           0.000     6.894    u_OV7670_clk_gen/p_counter[1]_i_1_n_0
    SLICE_X0Y66          FDCE                                         r  u_OV7670_clk_gen/p_counter_reg[1]/D
  -------------------------------------------------------------------    -------------------

                         (clock sys_clk_pin rise edge)
                                                     10.000    10.000 r  
    W5                                                0.000    10.000 r  clk (IN)
                         net (fo=0)                   0.000    10.000    clk
    W5                   IBUF (Prop_ibuf_I_O)         1.388    11.388 r  clk_IBUF_inst/O
                         net (fo=1, routed)           1.862    13.250    clk_IBUF
    BUFGCTRL_X0Y0        BUFG (Prop_bufg_I_O)         0.091    13.341 r  clk_IBUF_BUFG_inst/O
                         net (fo=44, routed)          1.502    14.843    u_OV7670_clk_gen/clk_IBUF_BUFG
    SLICE_X0Y66          FDCE                                         r  u_OV7670_clk_gen/p_counter_reg[1]/C
                         clock pessimism              0.296    15.139    
                         clock uncertainty           -0.035    15.104    
    SLICE_X0Y66          FDCE (Setup_fdce_C_D)        0.029    15.133    u_OV7670_clk_gen/p_counter_reg[1]
  -------------------------------------------------------------------
                         required time                         15.133    
                         arrival time                          -6.894    
  -------------------------------------------------------------------
                         slack                                  8.239    

Slack (MET) :             8.259ns  (required time - arrival time)
  Source:                 u_OV7670_clk_gen/p_counter_reg[1]/C
                            (rising edge-triggered cell FDCE clocked by sys_clk_pin  {rise@0.000ns fall@5.000ns period=10.000ns})
  Destination:            u_OV7670_clk_gen/pclk_reg/D
                            (rising edge-triggered cell FDCE clocked by sys_clk_pin  {rise@0.000ns fall@5.000ns period=10.000ns})
  Path Group:             sys_clk_pin
  Path Type:              Setup (Max at Slow Process Corner)
  Requirement:            10.000ns  (sys_clk_pin rise@10.000ns - sys_clk_pin rise@0.000ns)
  Data Path Delay:        1.781ns  (logic 0.606ns (34.026%)  route 1.175ns (65.974%))
  Logic Levels:           1  (LUT2=1)
  Clock Path Skew:        0.000ns (DCD - SCD + CPR)
    Destination Clock Delay (DCD):    4.843ns = ( 14.843 - 10.000 ) 
    Source Clock Delay      (SCD):    5.139ns
    Clock Pessimism Removal (CPR):    0.296ns
  Clock Uncertainty:      0.035ns  ((TSJ^2 + TIJ^2)^1/2 + DJ) / 2 + PE
    Total System Jitter     (TSJ):    0.071ns
    Total Input Jitter      (TIJ):    0.000ns
    Discrete Jitter          (DJ):    0.000ns
    Phase Error              (PE):    0.000ns

    Location             Delay type                Incr(ns)  Path(ns)    Netlist Resource(s)
  -------------------------------------------------------------------    -------------------
                         (clock sys_clk_pin rise edge)
                                                      0.000     0.000 r  
    W5                                                0.000     0.000 r  clk (IN)
                         net (fo=0)                   0.000     0.000    clk
    W5                   IBUF (Prop_ibuf_I_O)         1.458     1.458 r  clk_IBUF_inst/O
                         net (fo=1, routed)           1.967     3.425    clk_IBUF
    BUFGCTRL_X0Y0        BUFG (Prop_bufg_I_O)         0.096     3.521 r  clk_IBUF_BUFG_inst/O
                         net (fo=44, routed)          1.618     5.139    u_OV7670_clk_gen/clk_IBUF_BUFG
    SLICE_X0Y66          FDCE                                         r  u_OV7670_clk_gen/p_counter_reg[1]/C
  -------------------------------------------------------------------    -------------------
    SLICE_X0Y66          FDCE (Prop_fdce_C_Q)         0.456     5.595 r  u_OV7670_clk_gen/p_counter_reg[1]/Q
                         net (fo=2, routed)           1.175     6.770    u_OV7670_clk_gen/p_counter[1]
    SLICE_X0Y66          LUT2 (Prop_lut2_I1_O)        0.150     6.920 r  u_OV7670_clk_gen/pclk_i_1/O
                         net (fo=1, routed)           0.000     6.920    u_OV7670_clk_gen/pclk_i_1_n_0
    SLICE_X0Y66          FDCE                                         r  u_OV7670_clk_gen/pclk_reg/D
  -------------------------------------------------------------------    -------------------

                         (clock sys_clk_pin rise edge)
                                                     10.000    10.000 r  
    W5                                                0.000    10.000 r  clk (IN)
                         net (fo=0)                   0.000    10.000    clk
    W5                   IBUF (Prop_ibuf_I_O)         1.388    11.388 r  clk_IBUF_inst/O
                         net (fo=1, routed)           1.862    13.250    clk_IBUF
    BUFGCTRL_X0Y0        BUFG (Prop_bufg_I_O)         0.091    13.341 r  clk_IBUF_BUFG_inst/O
                         net (fo=44, routed)          1.502    14.843    u_OV7670_clk_gen/clk_IBUF_BUFG
    SLICE_X0Y66          FDCE                                         r  u_OV7670_clk_gen/pclk_reg/C
                         clock pessimism              0.296    15.139    
                         clock uncertainty           -0.035    15.104    
    SLICE_X0Y66          FDCE (Setup_fdce_C_D)        0.075    15.179    u_OV7670_clk_gen/pclk_reg
  -------------------------------------------------------------------
                         required time                         15.179    
                         arrival time                          -6.920    
  -------------------------------------------------------------------
                         slack                                  8.259    

Slack (MET) :             8.417ns  (required time - arrival time)
  Source:                 u_VGA_Controller/u_clk_gen/p_counter_reg[0]/C
                            (rising edge-triggered cell FDCE clocked by sys_clk_pin  {rise@0.000ns fall@5.000ns period=10.000ns})
  Destination:            u_VGA_Controller/u_clk_gen/p_counter_reg[1]/D
                            (rising edge-triggered cell FDCE clocked by sys_clk_pin  {rise@0.000ns fall@5.000ns period=10.000ns})
  Path Group:             sys_clk_pin
  Path Type:              Setup (Max at Slow Process Corner)
  Requirement:            10.000ns  (sys_clk_pin rise@10.000ns - sys_clk_pin rise@0.000ns)
  Data Path Delay:        1.578ns  (logic 0.580ns (36.748%)  route 0.998ns (63.252%))
  Logic Levels:           1  (LUT2=1)
  Clock Path Skew:        0.000ns (DCD - SCD + CPR)
    Destination Clock Delay (DCD):    4.774ns = ( 14.774 - 10.000 ) 
    Source Clock Delay      (SCD):    5.072ns
    Clock Pessimism Removal (CPR):    0.298ns
  Clock Uncertainty:      0.035ns  ((TSJ^2 + TIJ^2)^1/2 + DJ) / 2 + PE
    Total System Jitter     (TSJ):    0.071ns
    Total Input Jitter      (TIJ):    0.000ns
    Discrete Jitter          (DJ):    0.000ns
    Phase Error              (PE):    0.000ns

    Location             Delay type                Incr(ns)  Path(ns)    Netlist Resource(s)
  -------------------------------------------------------------------    -------------------
                         (clock sys_clk_pin rise edge)
                                                      0.000     0.000 r  
    W5                                                0.000     0.000 r  clk (IN)
                         net (fo=0)                   0.000     0.000    clk
    W5                   IBUF (Prop_ibuf_I_O)         1.458     1.458 r  clk_IBUF_inst/O
                         net (fo=1, routed)           1.967     3.425    clk_IBUF
    BUFGCTRL_X0Y0        BUFG (Prop_bufg_I_O)         0.096     3.521 r  clk_IBUF_BUFG_inst/O
                         net (fo=44, routed)          1.551     5.072    u_VGA_Controller/u_clk_gen/clk_IBUF_BUFG
    SLICE_X32Y59         FDCE                                         r  u_VGA_Controller/u_clk_gen/p_counter_reg[0]/C
  -------------------------------------------------------------------    -------------------
    SLICE_X32Y59         FDCE (Prop_fdce_C_Q)         0.456     5.528 r  u_VGA_Controller/u_clk_gen/p_counter_reg[0]/Q
                         net (fo=3, routed)           0.998     6.526    u_VGA_Controller/u_clk_gen/p_counter[0]
    SLICE_X32Y59         LUT2 (Prop_lut2_I0_O)        0.124     6.650 r  u_VGA_Controller/u_clk_gen/p_counter[1]_i_1__0/O
                         net (fo=1, routed)           0.000     6.650    u_VGA_Controller/u_clk_gen/p_counter[1]_i_1__0_n_0
    SLICE_X32Y59         FDCE                                         r  u_VGA_Controller/u_clk_gen/p_counter_reg[1]/D
  -------------------------------------------------------------------    -------------------

                         (clock sys_clk_pin rise edge)
                                                     10.000    10.000 r  
    W5                                                0.000    10.000 r  clk (IN)
                         net (fo=0)                   0.000    10.000    clk
    W5                   IBUF (Prop_ibuf_I_O)         1.388    11.388 r  clk_IBUF_inst/O
                         net (fo=1, routed)           1.862    13.250    clk_IBUF
    BUFGCTRL_X0Y0        BUFG (Prop_bufg_I_O)         0.091    13.341 r  clk_IBUF_BUFG_inst/O
                         net (fo=44, routed)          1.433    14.774    u_VGA_Controller/u_clk_gen/clk_IBUF_BUFG
    SLICE_X32Y59         FDCE                                         r  u_VGA_Controller/u_clk_gen/p_counter_reg[1]/C
                         clock pessimism              0.298    15.072    
                         clock uncertainty           -0.035    15.037    
    SLICE_X32Y59         FDCE (Setup_fdce_C_D)        0.031    15.068    u_VGA_Controller/u_clk_gen/p_counter_reg[1]
  -------------------------------------------------------------------
                         required time                         15.068    
                         arrival time                          -6.650    
  -------------------------------------------------------------------
                         slack                                  8.417    

Slack (MET) :             8.435ns  (required time - arrival time)
  Source:                 u_VGA_Controller/u_clk_gen/p_counter_reg[0]/C
                            (rising edge-triggered cell FDCE clocked by sys_clk_pin  {rise@0.000ns fall@5.000ns period=10.000ns})
  Destination:            u_VGA_Controller/u_clk_gen/pclk_reg/D
                            (rising edge-triggered cell FDCE clocked by sys_clk_pin  {rise@0.000ns fall@5.000ns period=10.000ns})
  Path Group:             sys_clk_pin
  Path Type:              Setup (Max at Slow Process Corner)
  Requirement:            10.000ns  (sys_clk_pin rise@10.000ns - sys_clk_pin rise@0.000ns)
  Data Path Delay:        1.604ns  (logic 0.606ns (37.773%)  route 0.998ns (62.227%))
  Logic Levels:           1  (LUT2=1)
  Clock Path Skew:        0.000ns (DCD - SCD + CPR)
    Destination Clock Delay (DCD):    4.774ns = ( 14.774 - 10.000 ) 
    Source Clock Delay      (SCD):    5.072ns
    Clock Pessimism Removal (CPR):    0.298ns
  Clock Uncertainty:      0.035ns  ((TSJ^2 + TIJ^2)^1/2 + DJ) / 2 + PE
    Total System Jitter     (TSJ):    0.071ns
    Total Input Jitter      (TIJ):    0.000ns
    Discrete Jitter          (DJ):    0.000ns
    Phase Error              (PE):    0.000ns

    Location             Delay type                Incr(ns)  Path(ns)    Netlist Resource(s)
  -------------------------------------------------------------------    -------------------
                         (clock sys_clk_pin rise edge)
                                                      0.000     0.000 r  
    W5                                                0.000     0.000 r  clk (IN)
                         net (fo=0)                   0.000     0.000    clk
    W5                   IBUF (Prop_ibuf_I_O)         1.458     1.458 r  clk_IBUF_inst/O
                         net (fo=1, routed)           1.967     3.425    clk_IBUF
    BUFGCTRL_X0Y0        BUFG (Prop_bufg_I_O)         0.096     3.521 r  clk_IBUF_BUFG_inst/O
                         net (fo=44, routed)          1.551     5.072    u_VGA_Controller/u_clk_gen/clk_IBUF_BUFG
    SLICE_X32Y59         FDCE                                         r  u_VGA_Controller/u_clk_gen/p_counter_reg[0]/C
  -------------------------------------------------------------------    -------------------
    SLICE_X32Y59         FDCE (Prop_fdce_C_Q)         0.456     5.528 r  u_VGA_Controller/u_clk_gen/p_counter_reg[0]/Q
                         net (fo=3, routed)           0.998     6.526    u_VGA_Controller/u_clk_gen/p_counter[0]
    SLICE_X32Y59         LUT2 (Prop_lut2_I0_O)        0.150     6.676 r  u_VGA_Controller/u_clk_gen/pclk_i_1__0/O
                         net (fo=1, routed)           0.000     6.676    u_VGA_Controller/u_clk_gen/pclk_i_1__0_n_0
    SLICE_X32Y59         FDCE                                         r  u_VGA_Controller/u_clk_gen/pclk_reg/D
  -------------------------------------------------------------------    -------------------

                         (clock sys_clk_pin rise edge)
                                                     10.000    10.000 r  
    W5                                                0.000    10.000 r  clk (IN)
                         net (fo=0)                   0.000    10.000    clk
    W5                   IBUF (Prop_ibuf_I_O)         1.388    11.388 r  clk_IBUF_inst/O
                         net (fo=1, routed)           1.862    13.250    clk_IBUF
    BUFGCTRL_X0Y0        BUFG (Prop_bufg_I_O)         0.091    13.341 r  clk_IBUF_BUFG_inst/O
                         net (fo=44, routed)          1.433    14.774    u_VGA_Controller/u_clk_gen/clk_IBUF_BUFG
    SLICE_X32Y59         FDCE                                         r  u_VGA_Controller/u_clk_gen/pclk_reg/C
                         clock pessimism              0.298    15.072    
                         clock uncertainty           -0.035    15.037    
    SLICE_X32Y59         FDCE (Setup_fdce_C_D)        0.075    15.112    u_VGA_Controller/u_clk_gen/pclk_reg
  -------------------------------------------------------------------
                         required time                         15.112    
                         arrival time                          -6.676    
  -------------------------------------------------------------------
                         slack                                  8.435    

Slack (MET) :             8.583ns  (required time - arrival time)
  Source:                 u_Frame_Buffer/mem_reg_mux_sel__14/C
                            (rising edge-triggered cell FDRE clocked by sys_clk_pin  {rise@0.000ns fall@5.000ns period=10.000ns})
  Destination:            u_Frame_Buffer/mem_reg_mux_sel__14/D
                            (rising edge-triggered cell FDRE clocked by sys_clk_pin  {rise@0.000ns fall@5.000ns period=10.000ns})
  Path Group:             sys_clk_pin
  Path Type:              Setup (Max at Slow Process Corner)
  Requirement:            10.000ns  (sys_clk_pin rise@10.000ns - sys_clk_pin rise@0.000ns)
  Data Path Delay:        1.411ns  (logic 0.580ns (41.118%)  route 0.831ns (58.882%))
  Logic Levels:           1  (LUT3=1)
  Clock Path Skew:        0.000ns (DCD - SCD + CPR)
    Destination Clock Delay (DCD):    4.771ns = ( 14.771 - 10.000 ) 
    Source Clock Delay      (SCD):    5.069ns
    Clock Pessimism Removal (CPR):    0.298ns
  Clock Uncertainty:      0.035ns  ((TSJ^2 + TIJ^2)^1/2 + DJ) / 2 + PE
    Total System Jitter     (TSJ):    0.071ns
    Total Input Jitter      (TIJ):    0.000ns
    Discrete Jitter          (DJ):    0.000ns
    Phase Error              (PE):    0.000ns

    Location             Delay type                Incr(ns)  Path(ns)    Netlist Resource(s)
  -------------------------------------------------------------------    -------------------
                         (clock sys_clk_pin rise edge)
                                                      0.000     0.000 r  
    W5                                                0.000     0.000 r  clk (IN)
                         net (fo=0)                   0.000     0.000    clk
    W5                   IBUF (Prop_ibuf_I_O)         1.458     1.458 r  clk_IBUF_inst/O
                         net (fo=1, routed)           1.967     3.425    clk_IBUF
    BUFGCTRL_X0Y0        BUFG (Prop_bufg_I_O)         0.096     3.521 r  clk_IBUF_BUFG_inst/O
                         net (fo=44, routed)          1.548     5.069    u_Frame_Buffer/clk_IBUF_BUFG
    SLICE_X33Y63         FDRE                                         r  u_Frame_Buffer/mem_reg_mux_sel__14/C
  -------------------------------------------------------------------    -------------------
    SLICE_X33Y63         FDRE (Prop_fdre_C_Q)         0.456     5.525 r  u_Frame_Buffer/mem_reg_mux_sel__14/Q
                         net (fo=13, routed)          0.831     6.355    u_VGA_Controller/u_counter/mem_reg_mux_sel__14_0
    SLICE_X33Y63         LUT3 (Prop_lut3_I2_O)        0.124     6.479 r  u_VGA_Controller/u_counter/mem_mux_sel__14_i_1/O
                         net (fo=1, routed)           0.000     6.479    u_Frame_Buffer/mem_reg_mux_sel__14_1
    SLICE_X33Y63         FDRE                                         r  u_Frame_Buffer/mem_reg_mux_sel__14/D
  -------------------------------------------------------------------    -------------------

                         (clock sys_clk_pin rise edge)
                                                     10.000    10.000 r  
    W5                                                0.000    10.000 r  clk (IN)
                         net (fo=0)                   0.000    10.000    clk
    W5                   IBUF (Prop_ibuf_I_O)         1.388    11.388 r  clk_IBUF_inst/O
                         net (fo=1, routed)           1.862    13.250    clk_IBUF
    BUFGCTRL_X0Y0        BUFG (Prop_bufg_I_O)         0.091    13.341 r  clk_IBUF_BUFG_inst/O
                         net (fo=44, routed)          1.430    14.771    u_Frame_Buffer/clk_IBUF_BUFG
    SLICE_X33Y63         FDRE                                         r  u_Frame_Buffer/mem_reg_mux_sel__14/C
                         clock pessimism              0.298    15.069    
                         clock uncertainty           -0.035    15.034    
    SLICE_X33Y63         FDRE (Setup_fdre_C_D)        0.029    15.063    u_Frame_Buffer/mem_reg_mux_sel__14
  -------------------------------------------------------------------
                         required time                         15.063    
                         arrival time                          -6.479    
  -------------------------------------------------------------------
                         slack                                  8.583    

Slack (MET) :             8.615ns  (required time - arrival time)
  Source:                 u_Frame_Buffer/mem_reg_mux_sel__46/C
                            (rising edge-triggered cell FDRE clocked by sys_clk_pin  {rise@0.000ns fall@5.000ns period=10.000ns})
  Destination:            u_Frame_Buffer/mem_reg_mux_sel__46/D
                            (rising edge-triggered cell FDRE clocked by sys_clk_pin  {rise@0.000ns fall@5.000ns period=10.000ns})
  Path Group:             sys_clk_pin
  Path Type:              Setup (Max at Slow Process Corner)
  Requirement:            10.000ns  (sys_clk_pin rise@10.000ns - sys_clk_pin rise@0.000ns)
  Data Path Delay:        1.424ns  (logic 0.744ns (52.241%)  route 0.680ns (47.759%))
  Logic Levels:           1  (LUT3=1)
  Clock Path Skew:        0.000ns (DCD - SCD + CPR)
    Destination Clock Delay (DCD):    4.771ns = ( 14.771 - 10.000 ) 
    Source Clock Delay      (SCD):    5.069ns
    Clock Pessimism Removal (CPR):    0.298ns
  Clock Uncertainty:      0.035ns  ((TSJ^2 + TIJ^2)^1/2 + DJ) / 2 + PE
    Total System Jitter     (TSJ):    0.071ns
    Total Input Jitter      (TIJ):    0.000ns
    Discrete Jitter          (DJ):    0.000ns
    Phase Error              (PE):    0.000ns

    Location             Delay type                Incr(ns)  Path(ns)    Netlist Resource(s)
  -------------------------------------------------------------------    -------------------
                         (clock sys_clk_pin rise edge)
                                                      0.000     0.000 r  
    W5                                                0.000     0.000 r  clk (IN)
                         net (fo=0)                   0.000     0.000    clk
    W5                   IBUF (Prop_ibuf_I_O)         1.458     1.458 r  clk_IBUF_inst/O
                         net (fo=1, routed)           1.967     3.425    clk_IBUF
    BUFGCTRL_X0Y0        BUFG (Prop_bufg_I_O)         0.096     3.521 r  clk_IBUF_BUFG_inst/O
                         net (fo=44, routed)          1.548     5.069    u_Frame_Buffer/clk_IBUF_BUFG
    SLICE_X33Y63         FDRE                                         r  u_Frame_Buffer/mem_reg_mux_sel__46/C
  -------------------------------------------------------------------    -------------------
    SLICE_X33Y63         FDRE (Prop_fdre_C_Q)         0.419     5.488 r  u_Frame_Buffer/mem_reg_mux_sel__46/Q
                         net (fo=13, routed)          0.680     6.168    u_VGA_Controller/u_counter/mem_reg_mux_sel__46_0
    SLICE_X33Y63         LUT3 (Prop_lut3_I2_O)        0.325     6.493 r  u_VGA_Controller/u_counter/mem_mux_sel__46_i_1/O
                         net (fo=1, routed)           0.000     6.493    u_Frame_Buffer/mem_reg_mux_sel__46_1
    SLICE_X33Y63         FDRE                                         r  u_Frame_Buffer/mem_reg_mux_sel__46/D
  -------------------------------------------------------------------    -------------------

                         (clock sys_clk_pin rise edge)
                                                     10.000    10.000 r  
    W5                                                0.000    10.000 r  clk (IN)
                         net (fo=0)                   0.000    10.000    clk
    W5                   IBUF (Prop_ibuf_I_O)         1.388    11.388 r  clk_IBUF_inst/O
                         net (fo=1, routed)           1.862    13.250    clk_IBUF
    BUFGCTRL_X0Y0        BUFG (Prop_bufg_I_O)         0.091    13.341 r  clk_IBUF_BUFG_inst/O
                         net (fo=44, routed)          1.430    14.771    u_Frame_Buffer/clk_IBUF_BUFG
    SLICE_X33Y63         FDRE                                         r  u_Frame_Buffer/mem_reg_mux_sel__46/C
                         clock pessimism              0.298    15.069    
                         clock uncertainty           -0.035    15.034    
    SLICE_X33Y63         FDRE (Setup_fdre_C_D)        0.075    15.109    u_Frame_Buffer/mem_reg_mux_sel__46
  -------------------------------------------------------------------
                         required time                         15.109    
                         arrival time                          -6.493    
  -------------------------------------------------------------------
                         slack                                  8.615    

Slack (MET) :             8.744ns  (required time - arrival time)
  Source:                 u_OV7670_clk_gen/p_counter_reg[0]/C
                            (rising edge-triggered cell FDCE clocked by sys_clk_pin  {rise@0.000ns fall@5.000ns period=10.000ns})
  Destination:            u_OV7670_clk_gen/p_counter_reg[0]/D
                            (rising edge-triggered cell FDCE clocked by sys_clk_pin  {rise@0.000ns fall@5.000ns period=10.000ns})
  Path Group:             sys_clk_pin
  Path Type:              Setup (Max at Slow Process Corner)
  Requirement:            10.000ns  (sys_clk_pin rise@10.000ns - sys_clk_pin rise@0.000ns)
  Data Path Delay:        1.252ns  (logic 0.580ns (46.336%)  route 0.672ns (53.664%))
  Logic Levels:           1  (LUT1=1)
  Clock Path Skew:        0.000ns (DCD - SCD + CPR)
    Destination Clock Delay (DCD):    4.843ns = ( 14.843 - 10.000 ) 
    Source Clock Delay      (SCD):    5.139ns
    Clock Pessimism Removal (CPR):    0.296ns
  Clock Uncertainty:      0.035ns  ((TSJ^2 + TIJ^2)^1/2 + DJ) / 2 + PE
    Total System Jitter     (TSJ):    0.071ns
    Total Input Jitter      (TIJ):    0.000ns
    Discrete Jitter          (DJ):    0.000ns
    Phase Error              (PE):    0.000ns

    Location             Delay type                Incr(ns)  Path(ns)    Netlist Resource(s)
  -------------------------------------------------------------------    -------------------
                         (clock sys_clk_pin rise edge)
                                                      0.000     0.000 r  
    W5                                                0.000     0.000 r  clk (IN)
                         net (fo=0)                   0.000     0.000    clk
    W5                   IBUF (Prop_ibuf_I_O)         1.458     1.458 r  clk_IBUF_inst/O
                         net (fo=1, routed)           1.967     3.425    clk_IBUF
    BUFGCTRL_X0Y0        BUFG (Prop_bufg_I_O)         0.096     3.521 r  clk_IBUF_BUFG_inst/O
                         net (fo=44, routed)          1.618     5.139    u_OV7670_clk_gen/clk_IBUF_BUFG
    SLICE_X0Y66          FDCE                                         r  u_OV7670_clk_gen/p_counter_reg[0]/C
  -------------------------------------------------------------------    -------------------
    SLICE_X0Y66          FDCE (Prop_fdce_C_Q)         0.456     5.595 f  u_OV7670_clk_gen/p_counter_reg[0]/Q
                         net (fo=3, routed)           0.672     6.267    u_OV7670_clk_gen/p_counter[0]
    SLICE_X0Y66          LUT1 (Prop_lut1_I0_O)        0.124     6.391 r  u_OV7670_clk_gen/p_counter[0]_i_1/O
                         net (fo=1, routed)           0.000     6.391    u_OV7670_clk_gen/p_counter[0]_i_1_n_0
    SLICE_X0Y66          FDCE                                         r  u_OV7670_clk_gen/p_counter_reg[0]/D
  -------------------------------------------------------------------    -------------------

                         (clock sys_clk_pin rise edge)
                                                     10.000    10.000 r  
    W5                                                0.000    10.000 r  clk (IN)
                         net (fo=0)                   0.000    10.000    clk
    W5                   IBUF (Prop_ibuf_I_O)         1.388    11.388 r  clk_IBUF_inst/O
                         net (fo=1, routed)           1.862    13.250    clk_IBUF
    BUFGCTRL_X0Y0        BUFG (Prop_bufg_I_O)         0.091    13.341 r  clk_IBUF_BUFG_inst/O
                         net (fo=44, routed)          1.502    14.843    u_OV7670_clk_gen/clk_IBUF_BUFG
    SLICE_X0Y66          FDCE                                         r  u_OV7670_clk_gen/p_counter_reg[0]/C
                         clock pessimism              0.296    15.139    
                         clock uncertainty           -0.035    15.104    
    SLICE_X0Y66          FDCE (Setup_fdce_C_D)        0.031    15.135    u_OV7670_clk_gen/p_counter_reg[0]
  -------------------------------------------------------------------
                         required time                         15.135    
                         arrival time                          -6.391    
  -------------------------------------------------------------------
                         slack                                  8.744    

Slack (MET) :             8.892ns  (required time - arrival time)
  Source:                 u_VGA_Controller/u_clk_gen/p_counter_reg[0]/C
                            (rising edge-triggered cell FDCE clocked by sys_clk_pin  {rise@0.000ns fall@5.000ns period=10.000ns})
  Destination:            u_VGA_Controller/u_clk_gen/p_counter_reg[0]/D
                            (rising edge-triggered cell FDCE clocked by sys_clk_pin  {rise@0.000ns fall@5.000ns period=10.000ns})
  Path Group:             sys_clk_pin
  Path Type:              Setup (Max at Slow Process Corner)
  Requirement:            10.000ns  (sys_clk_pin rise@10.000ns - sys_clk_pin rise@0.000ns)
  Data Path Delay:        1.102ns  (logic 0.580ns (52.644%)  route 0.522ns (47.356%))
  Logic Levels:           1  (LUT1=1)
  Clock Path Skew:        0.000ns (DCD - SCD + CPR)
    Destination Clock Delay (DCD):    4.774ns = ( 14.774 - 10.000 ) 
    Source Clock Delay      (SCD):    5.072ns
    Clock Pessimism Removal (CPR):    0.298ns
  Clock Uncertainty:      0.035ns  ((TSJ^2 + TIJ^2)^1/2 + DJ) / 2 + PE
    Total System Jitter     (TSJ):    0.071ns
    Total Input Jitter      (TIJ):    0.000ns
    Discrete Jitter          (DJ):    0.000ns
    Phase Error              (PE):    0.000ns

    Location             Delay type                Incr(ns)  Path(ns)    Netlist Resource(s)
  -------------------------------------------------------------------    -------------------
                         (clock sys_clk_pin rise edge)
                                                      0.000     0.000 r  
    W5                                                0.000     0.000 r  clk (IN)
                         net (fo=0)                   0.000     0.000    clk
    W5                   IBUF (Prop_ibuf_I_O)         1.458     1.458 r  clk_IBUF_inst/O
                         net (fo=1, routed)           1.967     3.425    clk_IBUF
    BUFGCTRL_X0Y0        BUFG (Prop_bufg_I_O)         0.096     3.521 r  clk_IBUF_BUFG_inst/O
                         net (fo=44, routed)          1.551     5.072    u_VGA_Controller/u_clk_gen/clk_IBUF_BUFG
    SLICE_X32Y59         FDCE                                         r  u_VGA_Controller/u_clk_gen/p_counter_reg[0]/C
  -------------------------------------------------------------------    -------------------
    SLICE_X32Y59         FDCE (Prop_fdce_C_Q)         0.456     5.528 f  u_VGA_Controller/u_clk_gen/p_counter_reg[0]/Q
                         net (fo=3, routed)           0.522     6.050    u_VGA_Controller/u_clk_gen/p_counter[0]
    SLICE_X32Y59         LUT1 (Prop_lut1_I0_O)        0.124     6.174 r  u_VGA_Controller/u_clk_gen/p_counter[0]_i_1__0/O
                         net (fo=1, routed)           0.000     6.174    u_VGA_Controller/u_clk_gen/p_counter[0]_i_1__0_n_0
    SLICE_X32Y59         FDCE                                         r  u_VGA_Controller/u_clk_gen/p_counter_reg[0]/D
  -------------------------------------------------------------------    -------------------

                         (clock sys_clk_pin rise edge)
                                                     10.000    10.000 r  
    W5                                                0.000    10.000 r  clk (IN)
                         net (fo=0)                   0.000    10.000    clk
    W5                   IBUF (Prop_ibuf_I_O)         1.388    11.388 r  clk_IBUF_inst/O
                         net (fo=1, routed)           1.862    13.250    clk_IBUF
    BUFGCTRL_X0Y0        BUFG (Prop_bufg_I_O)         0.091    13.341 r  clk_IBUF_BUFG_inst/O
                         net (fo=44, routed)          1.433    14.774    u_VGA_Controller/u_clk_gen/clk_IBUF_BUFG
    SLICE_X32Y59         FDCE                                         r  u_VGA_Controller/u_clk_gen/p_counter_reg[0]/C
                         clock pessimism              0.298    15.072    
                         clock uncertainty           -0.035    15.037    
    SLICE_X32Y59         FDCE (Setup_fdce_C_D)        0.029    15.066    u_VGA_Controller/u_clk_gen/p_counter_reg[0]
  -------------------------------------------------------------------
                         required time                         15.066    
                         arrival time                          -6.174    
  -------------------------------------------------------------------
                         slack                                  8.892    





Min Delay Paths
--------------------------------------------------------------------------------------
Slack (MET) :             0.280ns  (arrival time - required time)
  Source:                 u_VGA_Controller/u_clk_gen/p_counter_reg[0]/C
                            (rising edge-triggered cell FDCE clocked by sys_clk_pin  {rise@0.000ns fall@5.000ns period=10.000ns})
  Destination:            u_VGA_Controller/u_clk_gen/p_counter_reg[0]/D
                            (rising edge-triggered cell FDCE clocked by sys_clk_pin  {rise@0.000ns fall@5.000ns period=10.000ns})
  Path Group:             sys_clk_pin
  Path Type:              Hold (Min at Fast Process Corner)
  Requirement:            0.000ns  (sys_clk_pin rise@0.000ns - sys_clk_pin rise@0.000ns)
  Data Path Delay:        0.371ns  (logic 0.186ns (50.171%)  route 0.185ns (49.829%))
  Logic Levels:           1  (LUT1=1)
  Clock Path Skew:        0.000ns (DCD - SCD - CPR)
    Destination Clock Delay (DCD):    1.956ns
    Source Clock Delay      (SCD):    1.443ns
    Clock Pessimism Removal (CPR):    0.513ns

    Location             Delay type                Incr(ns)  Path(ns)    Netlist Resource(s)
  -------------------------------------------------------------------    -------------------
                         (clock sys_clk_pin rise edge)
                                                      0.000     0.000 r  
    W5                                                0.000     0.000 r  clk (IN)
                         net (fo=0)                   0.000     0.000    clk
    W5                   IBUF (Prop_ibuf_I_O)         0.226     0.226 r  clk_IBUF_inst/O
                         net (fo=1, routed)           0.631     0.858    clk_IBUF
    BUFGCTRL_X0Y0        BUFG (Prop_bufg_I_O)         0.026     0.884 r  clk_IBUF_BUFG_inst/O
                         net (fo=44, routed)          0.560     1.443    u_VGA_Controller/u_clk_gen/clk_IBUF_BUFG
    SLICE_X32Y59         FDCE                                         r  u_VGA_Controller/u_clk_gen/p_counter_reg[0]/C
  -------------------------------------------------------------------    -------------------
    SLICE_X32Y59         FDCE (Prop_fdce_C_Q)         0.141     1.584 f  u_VGA_Controller/u_clk_gen/p_counter_reg[0]/Q
                         net (fo=3, routed)           0.185     1.769    u_VGA_Controller/u_clk_gen/p_counter[0]
    SLICE_X32Y59         LUT1 (Prop_lut1_I0_O)        0.045     1.814 r  u_VGA_Controller/u_clk_gen/p_counter[0]_i_1__0/O
                         net (fo=1, routed)           0.000     1.814    u_VGA_Controller/u_clk_gen/p_counter[0]_i_1__0_n_0
    SLICE_X32Y59         FDCE                                         r  u_VGA_Controller/u_clk_gen/p_counter_reg[0]/D
  -------------------------------------------------------------------    -------------------

                         (clock sys_clk_pin rise edge)
                                                      0.000     0.000 r  
    W5                                                0.000     0.000 r  clk (IN)
                         net (fo=0)                   0.000     0.000    clk
    W5                   IBUF (Prop_ibuf_I_O)         0.414     0.414 r  clk_IBUF_inst/O
                         net (fo=1, routed)           0.685     1.099    clk_IBUF
    BUFGCTRL_X0Y0        BUFG (Prop_bufg_I_O)         0.029     1.128 r  clk_IBUF_BUFG_inst/O
                         net (fo=44, routed)          0.828     1.956    u_VGA_Controller/u_clk_gen/clk_IBUF_BUFG
    SLICE_X32Y59         FDCE                                         r  u_VGA_Controller/u_clk_gen/p_counter_reg[0]/C
                         clock pessimism             -0.513     1.443    
    SLICE_X32Y59         FDCE (Hold_fdce_C_D)         0.091     1.534    u_VGA_Controller/u_clk_gen/p_counter_reg[0]
  -------------------------------------------------------------------
                         required time                         -1.534    
                         arrival time                           1.814    
  -------------------------------------------------------------------
                         slack                                  0.280    

Slack (MET) :             0.302ns  (arrival time - required time)
  Source:                 u_VGA_Controller/u_clk_gen/p_counter_reg[1]/C
                            (rising edge-triggered cell FDCE clocked by sys_clk_pin  {rise@0.000ns fall@5.000ns period=10.000ns})
  Destination:            u_VGA_Controller/u_clk_gen/pclk_reg/D
                            (rising edge-triggered cell FDCE clocked by sys_clk_pin  {rise@0.000ns fall@5.000ns period=10.000ns})
  Path Group:             sys_clk_pin
  Path Type:              Hold (Min at Fast Process Corner)
  Requirement:            0.000ns  (sys_clk_pin rise@0.000ns - sys_clk_pin rise@0.000ns)
  Data Path Delay:        0.409ns  (logic 0.184ns (45.030%)  route 0.225ns (54.970%))
  Logic Levels:           1  (LUT2=1)
  Clock Path Skew:        0.000ns (DCD - SCD - CPR)
    Destination Clock Delay (DCD):    1.956ns
    Source Clock Delay      (SCD):    1.443ns
    Clock Pessimism Removal (CPR):    0.513ns

    Location             Delay type                Incr(ns)  Path(ns)    Netlist Resource(s)
  -------------------------------------------------------------------    -------------------
                         (clock sys_clk_pin rise edge)
                                                      0.000     0.000 r  
    W5                                                0.000     0.000 r  clk (IN)
                         net (fo=0)                   0.000     0.000    clk
    W5                   IBUF (Prop_ibuf_I_O)         0.226     0.226 r  clk_IBUF_inst/O
                         net (fo=1, routed)           0.631     0.858    clk_IBUF
    BUFGCTRL_X0Y0        BUFG (Prop_bufg_I_O)         0.026     0.884 r  clk_IBUF_BUFG_inst/O
                         net (fo=44, routed)          0.560     1.443    u_VGA_Controller/u_clk_gen/clk_IBUF_BUFG
    SLICE_X32Y59         FDCE                                         r  u_VGA_Controller/u_clk_gen/p_counter_reg[1]/C
  -------------------------------------------------------------------    -------------------
    SLICE_X32Y59         FDCE (Prop_fdce_C_Q)         0.141     1.584 r  u_VGA_Controller/u_clk_gen/p_counter_reg[1]/Q
                         net (fo=2, routed)           0.225     1.809    u_VGA_Controller/u_clk_gen/p_counter[1]
    SLICE_X32Y59         LUT2 (Prop_lut2_I1_O)        0.043     1.852 r  u_VGA_Controller/u_clk_gen/pclk_i_1__0/O
                         net (fo=1, routed)           0.000     1.852    u_VGA_Controller/u_clk_gen/pclk_i_1__0_n_0
    SLICE_X32Y59         FDCE                                         r  u_VGA_Controller/u_clk_gen/pclk_reg/D
  -------------------------------------------------------------------    -------------------

                         (clock sys_clk_pin rise edge)
                                                      0.000     0.000 r  
    W5                                                0.000     0.000 r  clk (IN)
                         net (fo=0)                   0.000     0.000    clk
    W5                   IBUF (Prop_ibuf_I_O)         0.414     0.414 r  clk_IBUF_inst/O
                         net (fo=1, routed)           0.685     1.099    clk_IBUF
    BUFGCTRL_X0Y0        BUFG (Prop_bufg_I_O)         0.029     1.128 r  clk_IBUF_BUFG_inst/O
                         net (fo=44, routed)          0.828     1.956    u_VGA_Controller/u_clk_gen/clk_IBUF_BUFG
    SLICE_X32Y59         FDCE                                         r  u_VGA_Controller/u_clk_gen/pclk_reg/C
                         clock pessimism             -0.513     1.443    
    SLICE_X32Y59         FDCE (Hold_fdce_C_D)         0.107     1.550    u_VGA_Controller/u_clk_gen/pclk_reg
  -------------------------------------------------------------------
                         required time                         -1.550    
                         arrival time                           1.852    
  -------------------------------------------------------------------
                         slack                                  0.302    

Slack (MET) :             0.310ns  (arrival time - required time)
  Source:                 u_OV7670_clk_gen/p_counter_reg[0]/C
                            (rising edge-triggered cell FDCE clocked by sys_clk_pin  {rise@0.000ns fall@5.000ns period=10.000ns})
  Destination:            u_OV7670_clk_gen/pclk_reg/D
                            (rising edge-triggered cell FDCE clocked by sys_clk_pin  {rise@0.000ns fall@5.000ns period=10.000ns})
  Path Group:             sys_clk_pin
  Path Type:              Hold (Min at Fast Process Corner)
  Requirement:            0.000ns  (sys_clk_pin rise@0.000ns - sys_clk_pin rise@0.000ns)
  Data Path Delay:        0.417ns  (logic 0.185ns (44.361%)  route 0.232ns (55.639%))
  Logic Levels:           1  (LUT2=1)
  Clock Path Skew:        0.000ns (DCD - SCD - CPR)
    Destination Clock Delay (DCD):    1.984ns
    Source Clock Delay      (SCD):    1.471ns
    Clock Pessimism Removal (CPR):    0.513ns

    Location             Delay type                Incr(ns)  Path(ns)    Netlist Resource(s)
  -------------------------------------------------------------------    -------------------
                         (clock sys_clk_pin rise edge)
                                                      0.000     0.000 r  
    W5                                                0.000     0.000 r  clk (IN)
                         net (fo=0)                   0.000     0.000    clk
    W5                   IBUF (Prop_ibuf_I_O)         0.226     0.226 r  clk_IBUF_inst/O
                         net (fo=1, routed)           0.631     0.858    clk_IBUF
    BUFGCTRL_X0Y0        BUFG (Prop_bufg_I_O)         0.026     0.884 r  clk_IBUF_BUFG_inst/O
                         net (fo=44, routed)          0.588     1.471    u_OV7670_clk_gen/clk_IBUF_BUFG
    SLICE_X0Y66          FDCE                                         r  u_OV7670_clk_gen/p_counter_reg[0]/C
  -------------------------------------------------------------------    -------------------
    SLICE_X0Y66          FDCE (Prop_fdce_C_Q)         0.141     1.612 r  u_OV7670_clk_gen/p_counter_reg[0]/Q
                         net (fo=3, routed)           0.232     1.844    u_OV7670_clk_gen/p_counter[0]
    SLICE_X0Y66          LUT2 (Prop_lut2_I0_O)        0.044     1.888 r  u_OV7670_clk_gen/pclk_i_1/O
                         net (fo=1, routed)           0.000     1.888    u_OV7670_clk_gen/pclk_i_1_n_0
    SLICE_X0Y66          FDCE                                         r  u_OV7670_clk_gen/pclk_reg/D
  -------------------------------------------------------------------    -------------------

                         (clock sys_clk_pin rise edge)
                                                      0.000     0.000 r  
    W5                                                0.000     0.000 r  clk (IN)
                         net (fo=0)                   0.000     0.000    clk
    W5                   IBUF (Prop_ibuf_I_O)         0.414     0.414 r  clk_IBUF_inst/O
                         net (fo=1, routed)           0.685     1.099    clk_IBUF
    BUFGCTRL_X0Y0        BUFG (Prop_bufg_I_O)         0.029     1.128 r  clk_IBUF_BUFG_inst/O
                         net (fo=44, routed)          0.856     1.984    u_OV7670_clk_gen/clk_IBUF_BUFG
    SLICE_X0Y66          FDCE                                         r  u_OV7670_clk_gen/pclk_reg/C
                         clock pessimism             -0.513     1.471    
    SLICE_X0Y66          FDCE (Hold_fdce_C_D)         0.107     1.578    u_OV7670_clk_gen/pclk_reg
  -------------------------------------------------------------------
                         required time                         -1.578    
                         arrival time                           1.888    
  -------------------------------------------------------------------
                         slack                                  0.310    

Slack (MET) :             0.319ns  (arrival time - required time)
  Source:                 u_VGA_Controller/u_clk_gen/p_counter_reg[1]/C
                            (rising edge-triggered cell FDCE clocked by sys_clk_pin  {rise@0.000ns fall@5.000ns period=10.000ns})
  Destination:            u_VGA_Controller/u_clk_gen/p_counter_reg[1]/D
                            (rising edge-triggered cell FDCE clocked by sys_clk_pin  {rise@0.000ns fall@5.000ns period=10.000ns})
  Path Group:             sys_clk_pin
  Path Type:              Hold (Min at Fast Process Corner)
  Requirement:            0.000ns  (sys_clk_pin rise@0.000ns - sys_clk_pin rise@0.000ns)
  Data Path Delay:        0.411ns  (logic 0.186ns (45.297%)  route 0.225ns (54.703%))
  Logic Levels:           1  (LUT2=1)
  Clock Path Skew:        0.000ns (DCD - SCD - CPR)
    Destination Clock Delay (DCD):    1.956ns
    Source Clock Delay      (SCD):    1.443ns
    Clock Pessimism Removal (CPR):    0.513ns

    Location             Delay type                Incr(ns)  Path(ns)    Netlist Resource(s)
  -------------------------------------------------------------------    -------------------
                         (clock sys_clk_pin rise edge)
                                                      0.000     0.000 r  
    W5                                                0.000     0.000 r  clk (IN)
                         net (fo=0)                   0.000     0.000    clk
    W5                   IBUF (Prop_ibuf_I_O)         0.226     0.226 r  clk_IBUF_inst/O
                         net (fo=1, routed)           0.631     0.858    clk_IBUF
    BUFGCTRL_X0Y0        BUFG (Prop_bufg_I_O)         0.026     0.884 r  clk_IBUF_BUFG_inst/O
                         net (fo=44, routed)          0.560     1.443    u_VGA_Controller/u_clk_gen/clk_IBUF_BUFG
    SLICE_X32Y59         FDCE                                         r  u_VGA_Controller/u_clk_gen/p_counter_reg[1]/C
  -------------------------------------------------------------------    -------------------
    SLICE_X32Y59         FDCE (Prop_fdce_C_Q)         0.141     1.584 r  u_VGA_Controller/u_clk_gen/p_counter_reg[1]/Q
                         net (fo=2, routed)           0.225     1.809    u_VGA_Controller/u_clk_gen/p_counter[1]
    SLICE_X32Y59         LUT2 (Prop_lut2_I1_O)        0.045     1.854 r  u_VGA_Controller/u_clk_gen/p_counter[1]_i_1__0/O
                         net (fo=1, routed)           0.000     1.854    u_VGA_Controller/u_clk_gen/p_counter[1]_i_1__0_n_0
    SLICE_X32Y59         FDCE                                         r  u_VGA_Controller/u_clk_gen/p_counter_reg[1]/D
  -------------------------------------------------------------------    -------------------

                         (clock sys_clk_pin rise edge)
                                                      0.000     0.000 r  
    W5                                                0.000     0.000 r  clk (IN)
                         net (fo=0)                   0.000     0.000    clk
    W5                   IBUF (Prop_ibuf_I_O)         0.414     0.414 r  clk_IBUF_inst/O
                         net (fo=1, routed)           0.685     1.099    clk_IBUF
    BUFGCTRL_X0Y0        BUFG (Prop_bufg_I_O)         0.029     1.128 r  clk_IBUF_BUFG_inst/O
                         net (fo=44, routed)          0.828     1.956    u_VGA_Controller/u_clk_gen/clk_IBUF_BUFG
    SLICE_X32Y59         FDCE                                         r  u_VGA_Controller/u_clk_gen/p_counter_reg[1]/C
                         clock pessimism             -0.513     1.443    
    SLICE_X32Y59         FDCE (Hold_fdce_C_D)         0.092     1.535    u_VGA_Controller/u_clk_gen/p_counter_reg[1]
  -------------------------------------------------------------------
                         required time                         -1.535    
                         arrival time                           1.854    
  -------------------------------------------------------------------
                         slack                                  0.319    

Slack (MET) :             0.327ns  (arrival time - required time)
  Source:                 u_OV7670_clk_gen/p_counter_reg[0]/C
                            (rising edge-triggered cell FDCE clocked by sys_clk_pin  {rise@0.000ns fall@5.000ns period=10.000ns})
  Destination:            u_OV7670_clk_gen/p_counter_reg[1]/D
                            (rising edge-triggered cell FDCE clocked by sys_clk_pin  {rise@0.000ns fall@5.000ns period=10.000ns})
  Path Group:             sys_clk_pin
  Path Type:              Hold (Min at Fast Process Corner)
  Requirement:            0.000ns  (sys_clk_pin rise@0.000ns - sys_clk_pin rise@0.000ns)
  Data Path Delay:        0.418ns  (logic 0.186ns (44.494%)  route 0.232ns (55.506%))
  Logic Levels:           1  (LUT2=1)
  Clock Path Skew:        0.000ns (DCD - SCD - CPR)
    Destination Clock Delay (DCD):    1.984ns
    Source Clock Delay      (SCD):    1.471ns
    Clock Pessimism Removal (CPR):    0.513ns

    Location             Delay type                Incr(ns)  Path(ns)    Netlist Resource(s)
  -------------------------------------------------------------------    -------------------
                         (clock sys_clk_pin rise edge)
                                                      0.000     0.000 r  
    W5                                                0.000     0.000 r  clk (IN)
                         net (fo=0)                   0.000     0.000    clk
    W5                   IBUF (Prop_ibuf_I_O)         0.226     0.226 r  clk_IBUF_inst/O
                         net (fo=1, routed)           0.631     0.858    clk_IBUF
    BUFGCTRL_X0Y0        BUFG (Prop_bufg_I_O)         0.026     0.884 r  clk_IBUF_BUFG_inst/O
                         net (fo=44, routed)          0.588     1.471    u_OV7670_clk_gen/clk_IBUF_BUFG
    SLICE_X0Y66          FDCE                                         r  u_OV7670_clk_gen/p_counter_reg[0]/C
  -------------------------------------------------------------------    -------------------
    SLICE_X0Y66          FDCE (Prop_fdce_C_Q)         0.141     1.612 r  u_OV7670_clk_gen/p_counter_reg[0]/Q
                         net (fo=3, routed)           0.232     1.844    u_OV7670_clk_gen/p_counter[0]
    SLICE_X0Y66          LUT2 (Prop_lut2_I0_O)        0.045     1.889 r  u_OV7670_clk_gen/p_counter[1]_i_1/O
                         net (fo=1, routed)           0.000     1.889    u_OV7670_clk_gen/p_counter[1]_i_1_n_0
    SLICE_X0Y66          FDCE                                         r  u_OV7670_clk_gen/p_counter_reg[1]/D
  -------------------------------------------------------------------    -------------------

                         (clock sys_clk_pin rise edge)
                                                      0.000     0.000 r  
    W5                                                0.000     0.000 r  clk (IN)
                         net (fo=0)                   0.000     0.000    clk
    W5                   IBUF (Prop_ibuf_I_O)         0.414     0.414 r  clk_IBUF_inst/O
                         net (fo=1, routed)           0.685     1.099    clk_IBUF
    BUFGCTRL_X0Y0        BUFG (Prop_bufg_I_O)         0.029     1.128 r  clk_IBUF_BUFG_inst/O
                         net (fo=44, routed)          0.856     1.984    u_OV7670_clk_gen/clk_IBUF_BUFG
    SLICE_X0Y66          FDCE                                         r  u_OV7670_clk_gen/p_counter_reg[1]/C
                         clock pessimism             -0.513     1.471    
    SLICE_X0Y66          FDCE (Hold_fdce_C_D)         0.091     1.562    u_OV7670_clk_gen/p_counter_reg[1]
  -------------------------------------------------------------------
                         required time                         -1.562    
                         arrival time                           1.889    
  -------------------------------------------------------------------
                         slack                                  0.327    

Slack (MET) :             0.330ns  (arrival time - required time)
  Source:                 u_OV7670_clk_gen/p_counter_reg[0]/C
                            (rising edge-triggered cell FDCE clocked by sys_clk_pin  {rise@0.000ns fall@5.000ns period=10.000ns})
  Destination:            u_OV7670_clk_gen/p_counter_reg[0]/D
                            (rising edge-triggered cell FDCE clocked by sys_clk_pin  {rise@0.000ns fall@5.000ns period=10.000ns})
  Path Group:             sys_clk_pin
  Path Type:              Hold (Min at Fast Process Corner)
  Requirement:            0.000ns  (sys_clk_pin rise@0.000ns - sys_clk_pin rise@0.000ns)
  Data Path Delay:        0.422ns  (logic 0.186ns (44.105%)  route 0.236ns (55.895%))
  Logic Levels:           1  (LUT1=1)
  Clock Path Skew:        0.000ns (DCD - SCD - CPR)
    Destination Clock Delay (DCD):    1.984ns
    Source Clock Delay      (SCD):    1.471ns
    Clock Pessimism Removal (CPR):    0.513ns

    Location             Delay type                Incr(ns)  Path(ns)    Netlist Resource(s)
  -------------------------------------------------------------------    -------------------
                         (clock sys_clk_pin rise edge)
                                                      0.000     0.000 r  
    W5                                                0.000     0.000 r  clk (IN)
                         net (fo=0)                   0.000     0.000    clk
    W5                   IBUF (Prop_ibuf_I_O)         0.226     0.226 r  clk_IBUF_inst/O
                         net (fo=1, routed)           0.631     0.858    clk_IBUF
    BUFGCTRL_X0Y0        BUFG (Prop_bufg_I_O)         0.026     0.884 r  clk_IBUF_BUFG_inst/O
                         net (fo=44, routed)          0.588     1.471    u_OV7670_clk_gen/clk_IBUF_BUFG
    SLICE_X0Y66          FDCE                                         r  u_OV7670_clk_gen/p_counter_reg[0]/C
  -------------------------------------------------------------------    -------------------
    SLICE_X0Y66          FDCE (Prop_fdce_C_Q)         0.141     1.612 f  u_OV7670_clk_gen/p_counter_reg[0]/Q
                         net (fo=3, routed)           0.236     1.848    u_OV7670_clk_gen/p_counter[0]
    SLICE_X0Y66          LUT1 (Prop_lut1_I0_O)        0.045     1.893 r  u_OV7670_clk_gen/p_counter[0]_i_1/O
                         net (fo=1, routed)           0.000     1.893    u_OV7670_clk_gen/p_counter[0]_i_1_n_0
    SLICE_X0Y66          FDCE                                         r  u_OV7670_clk_gen/p_counter_reg[0]/D
  -------------------------------------------------------------------    -------------------

                         (clock sys_clk_pin rise edge)
                                                      0.000     0.000 r  
    W5                                                0.000     0.000 r  clk (IN)
                         net (fo=0)                   0.000     0.000    clk
    W5                   IBUF (Prop_ibuf_I_O)         0.414     0.414 r  clk_IBUF_inst/O
                         net (fo=1, routed)           0.685     1.099    clk_IBUF
    BUFGCTRL_X0Y0        BUFG (Prop_bufg_I_O)         0.029     1.128 r  clk_IBUF_BUFG_inst/O
                         net (fo=44, routed)          0.856     1.984    u_OV7670_clk_gen/clk_IBUF_BUFG
    SLICE_X0Y66          FDCE                                         r  u_OV7670_clk_gen/p_counter_reg[0]/C
                         clock pessimism             -0.513     1.471    
    SLICE_X0Y66          FDCE (Hold_fdce_C_D)         0.092     1.563    u_OV7670_clk_gen/p_counter_reg[0]
  -------------------------------------------------------------------
                         required time                         -1.563    
                         arrival time                           1.893    
  -------------------------------------------------------------------
                         slack                                  0.330    

Slack (MET) :             0.367ns  (arrival time - required time)
  Source:                 u_Frame_Buffer/mem_reg_mux_sel__46/C
                            (rising edge-triggered cell FDRE clocked by sys_clk_pin  {rise@0.000ns fall@5.000ns period=10.000ns})
  Destination:            u_Frame_Buffer/mem_reg_mux_sel__46/D
                            (rising edge-triggered cell FDRE clocked by sys_clk_pin  {rise@0.000ns fall@5.000ns period=10.000ns})
  Path Group:             sys_clk_pin
  Path Type:              Hold (Min at Fast Process Corner)
  Requirement:            0.000ns  (sys_clk_pin rise@0.000ns - sys_clk_pin rise@0.000ns)
  Data Path Delay:        0.474ns  (logic 0.224ns (47.239%)  route 0.250ns (52.761%))
  Logic Levels:           1  (LUT3=1)
  Clock Path Skew:        0.000ns (DCD - SCD - CPR)
    Destination Clock Delay (DCD):    1.952ns
    Source Clock Delay      (SCD):    1.440ns
    Clock Pessimism Removal (CPR):    0.512ns

    Location             Delay type                Incr(ns)  Path(ns)    Netlist Resource(s)
  -------------------------------------------------------------------    -------------------
                         (clock sys_clk_pin rise edge)
                                                      0.000     0.000 r  
    W5                                                0.000     0.000 r  clk (IN)
                         net (fo=0)                   0.000     0.000    clk
    W5                   IBUF (Prop_ibuf_I_O)         0.226     0.226 r  clk_IBUF_inst/O
                         net (fo=1, routed)           0.631     0.858    clk_IBUF
    BUFGCTRL_X0Y0        BUFG (Prop_bufg_I_O)         0.026     0.884 r  clk_IBUF_BUFG_inst/O
                         net (fo=44, routed)          0.557     1.440    u_Frame_Buffer/clk_IBUF_BUFG
    SLICE_X33Y63         FDRE                                         r  u_Frame_Buffer/mem_reg_mux_sel__46/C
  -------------------------------------------------------------------    -------------------
    SLICE_X33Y63         FDRE (Prop_fdre_C_Q)         0.128     1.568 r  u_Frame_Buffer/mem_reg_mux_sel__46/Q
                         net (fo=13, routed)          0.250     1.818    u_VGA_Controller/u_counter/mem_reg_mux_sel__46_0
    SLICE_X33Y63         LUT3 (Prop_lut3_I2_O)        0.096     1.914 r  u_VGA_Controller/u_counter/mem_mux_sel__46_i_1/O
                         net (fo=1, routed)           0.000     1.914    u_Frame_Buffer/mem_reg_mux_sel__46_1
    SLICE_X33Y63         FDRE                                         r  u_Frame_Buffer/mem_reg_mux_sel__46/D
  -------------------------------------------------------------------    -------------------

                         (clock sys_clk_pin rise edge)
                                                      0.000     0.000 r  
    W5                                                0.000     0.000 r  clk (IN)
                         net (fo=0)                   0.000     0.000    clk
    W5                   IBUF (Prop_ibuf_I_O)         0.414     0.414 r  clk_IBUF_inst/O
                         net (fo=1, routed)           0.685     1.099    clk_IBUF
    BUFGCTRL_X0Y0        BUFG (Prop_bufg_I_O)         0.029     1.128 r  clk_IBUF_BUFG_inst/O
                         net (fo=44, routed)          0.824     1.952    u_Frame_Buffer/clk_IBUF_BUFG
    SLICE_X33Y63         FDRE                                         r  u_Frame_Buffer/mem_reg_mux_sel__46/C
                         clock pessimism             -0.512     1.440    
    SLICE_X33Y63         FDRE (Hold_fdre_C_D)         0.107     1.547    u_Frame_Buffer/mem_reg_mux_sel__46
  -------------------------------------------------------------------
                         required time                         -1.547    
                         arrival time                           1.914    
  -------------------------------------------------------------------
                         slack                                  0.367    

Slack (MET) :             0.395ns  (arrival time - required time)
  Source:                 u_Frame_Buffer/mem_reg_mux_sel__14/C
                            (rising edge-triggered cell FDRE clocked by sys_clk_pin  {rise@0.000ns fall@5.000ns period=10.000ns})
  Destination:            u_Frame_Buffer/mem_reg_mux_sel__14/D
                            (rising edge-triggered cell FDRE clocked by sys_clk_pin  {rise@0.000ns fall@5.000ns period=10.000ns})
  Path Group:             sys_clk_pin
  Path Type:              Hold (Min at Fast Process Corner)
  Requirement:            0.000ns  (sys_clk_pin rise@0.000ns - sys_clk_pin rise@0.000ns)
  Data Path Delay:        0.486ns  (logic 0.186ns (38.306%)  route 0.300ns (61.694%))
  Logic Levels:           1  (LUT3=1)
  Clock Path Skew:        0.000ns (DCD - SCD - CPR)
    Destination Clock Delay (DCD):    1.952ns
    Source Clock Delay      (SCD):    1.440ns
    Clock Pessimism Removal (CPR):    0.512ns

    Location             Delay type                Incr(ns)  Path(ns)    Netlist Resource(s)
  -------------------------------------------------------------------    -------------------
                         (clock sys_clk_pin rise edge)
                                                      0.000     0.000 r  
    W5                                                0.000     0.000 r  clk (IN)
                         net (fo=0)                   0.000     0.000    clk
    W5                   IBUF (Prop_ibuf_I_O)         0.226     0.226 r  clk_IBUF_inst/O
                         net (fo=1, routed)           0.631     0.858    clk_IBUF
    BUFGCTRL_X0Y0        BUFG (Prop_bufg_I_O)         0.026     0.884 r  clk_IBUF_BUFG_inst/O
                         net (fo=44, routed)          0.557     1.440    u_Frame_Buffer/clk_IBUF_BUFG
    SLICE_X33Y63         FDRE                                         r  u_Frame_Buffer/mem_reg_mux_sel__14/C
  -------------------------------------------------------------------    -------------------
    SLICE_X33Y63         FDRE (Prop_fdre_C_Q)         0.141     1.581 r  u_Frame_Buffer/mem_reg_mux_sel__14/Q
                         net (fo=13, routed)          0.300     1.881    u_VGA_Controller/u_counter/mem_reg_mux_sel__14_0
    SLICE_X33Y63         LUT3 (Prop_lut3_I2_O)        0.045     1.926 r  u_VGA_Controller/u_counter/mem_mux_sel__14_i_1/O
                         net (fo=1, routed)           0.000     1.926    u_Frame_Buffer/mem_reg_mux_sel__14_1
    SLICE_X33Y63         FDRE                                         r  u_Frame_Buffer/mem_reg_mux_sel__14/D
  -------------------------------------------------------------------    -------------------

                         (clock sys_clk_pin rise edge)
                                                      0.000     0.000 r  
    W5                                                0.000     0.000 r  clk (IN)
                         net (fo=0)                   0.000     0.000    clk
    W5                   IBUF (Prop_ibuf_I_O)         0.414     0.414 r  clk_IBUF_inst/O
                         net (fo=1, routed)           0.685     1.099    clk_IBUF
    BUFGCTRL_X0Y0        BUFG (Prop_bufg_I_O)         0.029     1.128 r  clk_IBUF_BUFG_inst/O
                         net (fo=44, routed)          0.824     1.952    u_Frame_Buffer/clk_IBUF_BUFG
    SLICE_X33Y63         FDRE                                         r  u_Frame_Buffer/mem_reg_mux_sel__14/C
                         clock pessimism             -0.512     1.440    
    SLICE_X33Y63         FDRE (Hold_fdre_C_D)         0.091     1.531    u_Frame_Buffer/mem_reg_mux_sel__14
  -------------------------------------------------------------------
                         required time                         -1.531    
                         arrival time                           1.926    
  -------------------------------------------------------------------
                         slack                                  0.395    





Pulse Width Checks
--------------------------------------------------------------------------------------
Clock Name:         sys_clk_pin
Waveform(ns):       { 0.000 5.000 }
Period(ns):         10.000
Sources:            { clk }

Check Type        Corner  Lib Pin             Reference Pin  Required(ns)  Actual(ns)  Slack(ns)  Location      Pin
Min Period        n/a     RAMB36E1/CLKBWRCLK  n/a            2.892         10.000      7.108      RAMB36_X0Y14  u_Frame_Buffer/mem_reg_0_13/CLKBWRCLK
Min Period        n/a     RAMB36E1/CLKBWRCLK  n/a            2.892         10.000      7.108      RAMB36_X2Y5   u_Frame_Buffer/mem_reg_0_2/CLKBWRCLK
Min Period        n/a     RAMB36E1/CLKBWRCLK  n/a            2.892         10.000      7.108      RAMB36_X1Y11  u_Frame_Buffer/mem_reg_0_7/CLKBWRCLK
Min Period        n/a     RAMB36E1/CLKBWRCLK  n/a            2.892         10.000      7.108      RAMB36_X1Y6   u_Frame_Buffer/mem_reg_1_1/CLKBWRCLK
Min Period        n/a     RAMB36E1/CLKBWRCLK  n/a            2.892         10.000      7.108      RAMB36_X0Y13  u_Frame_Buffer/mem_reg_1_12/CLKBWRCLK
Min Period        n/a     RAMB36E1/CLKBWRCLK  n/a            2.892         10.000      7.108      RAMB36_X1Y15  u_Frame_Buffer/mem_reg_1_15/CLKBWRCLK
Min Period        n/a     RAMB36E1/CLKBWRCLK  n/a            2.892         10.000      7.108      RAMB36_X2Y6   u_Frame_Buffer/mem_reg_1_2/CLKBWRCLK
Min Period        n/a     RAMB36E1/CLKBWRCLK  n/a            2.892         10.000      7.108      RAMB36_X1Y12  u_Frame_Buffer/mem_reg_1_7/CLKBWRCLK
Min Period        n/a     RAMB36E1/CLKBWRCLK  n/a            2.892         10.000      7.108      RAMB36_X1Y5   u_Frame_Buffer/mem_reg_0_1/CLKBWRCLK
Min Period        n/a     RAMB36E1/CLKBWRCLK  n/a            2.892         10.000      7.108      RAMB36_X0Y16  u_Frame_Buffer/mem_reg_0_14/CLKBWRCLK
Low Pulse Width   Fast    FDRE/C              n/a            0.500         5.000       4.500      SLICE_X33Y63  u_Frame_Buffer/mem_reg_mux_sel__14/C
Low Pulse Width   Fast    FDRE/C              n/a            0.500         5.000       4.500      SLICE_X33Y63  u_Frame_Buffer/mem_reg_mux_sel__46/C
Low Pulse Width   Fast    FDCE/C              n/a            0.500         5.000       4.500      SLICE_X0Y66   u_OV7670_clk_gen/p_counter_reg[0]/C
Low Pulse Width   Fast    FDCE/C              n/a            0.500         5.000       4.500      SLICE_X0Y66   u_OV7670_clk_gen/p_counter_reg[1]/C
Low Pulse Width   Fast    FDCE/C              n/a            0.500         5.000       4.500      SLICE_X0Y66   u_OV7670_clk_gen/pclk_reg/C
Low Pulse Width   Slow    FDCE/C              n/a            0.500         5.000       4.500      SLICE_X32Y59  u_VGA_Controller/u_clk_gen/p_counter_reg[0]/C
Low Pulse Width   Slow    FDCE/C              n/a            0.500         5.000       4.500      SLICE_X32Y59  u_VGA_Controller/u_clk_gen/p_counter_reg[1]/C
Low Pulse Width   Slow    FDCE/C              n/a            0.500         5.000       4.500      SLICE_X32Y59  u_VGA_Controller/u_clk_gen/pclk_reg/C
Low Pulse Width   Slow    FDRE/C              n/a            0.500         5.000       4.500      SLICE_X33Y63  u_Frame_Buffer/mem_reg_mux_sel__14/C
Low Pulse Width   Slow    FDRE/C              n/a            0.500         5.000       4.500      SLICE_X33Y63  u_Frame_Buffer/mem_reg_mux_sel__46/C
High Pulse Width  Slow    FDRE/C              n/a            0.500         5.000       4.500      SLICE_X33Y63  u_Frame_Buffer/mem_reg_mux_sel__14/C
High Pulse Width  Fast    FDRE/C              n/a            0.500         5.000       4.500      SLICE_X33Y63  u_Frame_Buffer/mem_reg_mux_sel__14/C
High Pulse Width  Slow    FDRE/C              n/a            0.500         5.000       4.500      SLICE_X33Y63  u_Frame_Buffer/mem_reg_mux_sel__46/C
High Pulse Width  Fast    FDRE/C              n/a            0.500         5.000       4.500      SLICE_X33Y63  u_Frame_Buffer/mem_reg_mux_sel__46/C
High Pulse Width  Slow    FDCE/C              n/a            0.500         5.000       4.500      SLICE_X0Y66   u_OV7670_clk_gen/p_counter_reg[0]/C
High Pulse Width  Slow    FDCE/C              n/a            0.500         5.000       4.500      SLICE_X0Y66   u_OV7670_clk_gen/p_counter_reg[1]/C
High Pulse Width  Slow    FDCE/C              n/a            0.500         5.000       4.500      SLICE_X0Y66   u_OV7670_clk_gen/pclk_reg/C
High Pulse Width  Fast    FDCE/C              n/a            0.500         5.000       4.500      SLICE_X32Y59  u_VGA_Controller/u_clk_gen/p_counter_reg[0]/C
High Pulse Width  Fast    FDCE/C              n/a            0.500         5.000       4.500      SLICE_X32Y59  u_VGA_Controller/u_clk_gen/p_counter_reg[1]/C
High Pulse Width  Fast    FDCE/C              n/a            0.500         5.000       4.500      SLICE_X32Y59  u_VGA_Controller/u_clk_gen/pclk_reg/C



