Copyright 1986-2020 Xilinx, Inc. All Rights Reserved.
------------------------------------------------------------------------------------------------
| Tool Version : Vivado v.2020.2 (win64) Build 3064766 Wed Nov 18 09:12:45 MST 2020
| Date         : Thu Apr  3 22:55:04 2025
| Host         : DESKTOP-5KDKKP9 running 64-bit major release  (build 9200)
| Command      : report_control_sets -verbose -file top_counter_up_down_control_sets_placed.rpt
| Design       : top_counter_up_down
| Device       : xc7a35t
------------------------------------------------------------------------------------------------

Control Set Information

Table of Contents
-----------------
1. Summary
2. Histogram
3. Flip-Flop Distribution
4. Detailed Control Set Information

1. Summary
----------

+----------------------------------------------------------+-------+
|                          Status                          | Count |
+----------------------------------------------------------+-------+
| Total control sets                                       |    13 |
|    Minimum number of control sets                        |    13 |
|    Addition due to synthesis replication                 |     0 |
|    Addition due to physical synthesis replication        |     0 |
| Unused register locations in slices containing registers |    31 |
+----------------------------------------------------------+-------+
* Control sets can be merged at opt_design using control_set_merge or merge_equivalent_drivers
** Run report_qor_suggestions for automated merging and remapping suggestions


2. Histogram
------------

+--------------------+-------+
|       Fanout       | Count |
+--------------------+-------+
| Total control sets |    13 |
| >= 0 to < 4        |     0 |
| >= 4 to < 6        |     2 |
| >= 6 to < 8        |     0 |
| >= 8 to < 10       |     5 |
| >= 10 to < 12      |     1 |
| >= 12 to < 14      |     0 |
| >= 14 to < 16      |     2 |
| >= 16              |     3 |
+--------------------+-------+
* Control sets can be remapped at either synth_design or opt_design


3. Flip-Flop Distribution
-------------------------

+--------------+-----------------------+------------------------+-----------------+--------------+
| Clock Enable | Synchronous Set/Reset | Asynchronous Set/Reset | Total Registers | Total Slices |
+--------------+-----------------------+------------------------+-----------------+--------------+
| No           | No                    | No                     |               0 |            0 |
| No           | No                    | Yes                    |             128 |           44 |
| No           | Yes                   | No                     |               8 |            2 |
| Yes          | No                    | No                     |               0 |            0 |
| Yes          | No                    | Yes                    |             105 |           40 |
| Yes          | Yes                   | No                     |               0 |            0 |
+--------------+-----------------------+------------------------+-----------------+--------------+


4. Detailed Control Set Information
-----------------------------------

+------------------------+-----------------------------------------+--------------------------------------+------------------+----------------+--------------+
|      Clock Signal      |              Enable Signal              |           Set/Reset Signal           | Slice Load Count | Bel Load Count | Bels / Slice |
+------------------------+-----------------------------------------+--------------------------------------+------------------+----------------+--------------+
|  clk_IBUF_BUFG         | U_Uart/U_RX/tick_counter_reg[3]_i_1_n_0 | reset_IBUF                           |                2 |              4 |         2.00 |
|  clk_IBUF_BUFG         | U_Uart/U_TX/tick_counter_next           | reset_IBUF                           |                1 |              4 |         4.00 |
|  U_btnL/r_1khz_reg_n_0 |                                         | reset_IBUF                           |                3 |              8 |         2.67 |
|  U_btnR/r_1khz_reg_n_0 |                                         | reset_IBUF                           |                1 |              8 |         8.00 |
|  U_btnU/r_1khz_reg_n_0 |                                         | reset_IBUF                           |                2 |              8 |         4.00 |
| ~U_Uart/U_TX/tx_done   |                                         | U_ControlUnit/tx_data_reg[7]_i_2_n_0 |                2 |              8 |         4.00 |
|  clk_IBUF_BUFG         | U_Uart/U_TX/temp_data_next_0            | reset_IBUF                           |                2 |              8 |         4.00 |
|  clk_IBUF_BUFG         | U_Uart/U_RX/bit_counter_reg[2]_i_1_n_0  | reset_IBUF                           |                3 |             11 |         3.67 |
|  clk_IBUF_BUFG         | U_BTN_CU/FSM_onehot_state_reg[2]_0[0]   | reset_IBUF                           |                6 |             14 |         2.33 |
|  clk_IBUF_BUFG         | U_BTN_CU/FSM_onehot_state_reg[2][0]     | reset_IBUF                           |                6 |             14 |         2.33 |
|  clk_IBUF_BUFG         | U_BTN_CU/E[0]                           | reset_IBUF                           |               11 |             25 |         2.27 |
|  clk_IBUF_BUFG         | U_BTN_CU/FSM_onehot_state_reg[1][0]     | reset_IBUF                           |                9 |             25 |         2.78 |
|  clk_IBUF_BUFG         |                                         | reset_IBUF                           |               38 |            104 |         2.74 |
+------------------------+-----------------------------------------+--------------------------------------+------------------+----------------+--------------+


