Copyright 1986-2020 Xilinx, Inc. All Rights Reserved.
--------------------------------------------------------------------------------------------------------------------------------------------------------------------------------
| Tool Version : Vivado v.2020.2 (win64) Build 3064766 Wed Nov 18 09:12:45 MST 2020
| Date         : Thu May 29 10:29:06 2025
| Host         : DESKTOP-7CFQ9ND running 64-bit major release  (build 9200)
| Command      : report_methodology -file VGA_controller_methodology_drc_routed.rpt -pb VGA_controller_methodology_drc_routed.pb -rpx VGA_controller_methodology_drc_routed.rpx
| Design       : VGA_controller
| Device       : xc7a35tcpg236-1
| Speed File   : -1
| Design State : Fully Routed
--------------------------------------------------------------------------------------------------------------------------------------------------------------------------------

Report Methodology

Table of Contents
-----------------
1. REPORT SUMMARY
2. REPORT DETAILS

1. REPORT SUMMARY
-----------------
            Netlist: netlist
          Floorplan: design_1
      Design limits: <entire design considered>
             Max violations: <unlimited>
             Violations found: 36
+-----------+------------------+-------------------------------+------------+
| Rule      | Severity         | Description                   | Violations |
+-----------+------------------+-------------------------------+------------+
| TIMING-17 | Critical Warning | Non-clocked sequential cell   | 20         |
| LUTAR-1   | Warning          | LUT drives async reset alert  | 3          |
| TIMING-18 | Warning          | Missing input or output delay | 1          |
| TIMING-20 | Warning          | Non-clocked latch             | 12         |
+-----------+------------------+-------------------------------+------------+

2. REPORT DETAILS
-----------------
TIMING-17#1 Critical Warning
Non-clocked sequential cell  
The clock pin u_VGA_Decoder/u_pix_counter/h_counter_reg[0]/C is not reached by a timing clock
Related violations: <none>

TIMING-17#2 Critical Warning
Non-clocked sequential cell  
The clock pin u_VGA_Decoder/u_pix_counter/h_counter_reg[1]/C is not reached by a timing clock
Related violations: <none>

TIMING-17#3 Critical Warning
Non-clocked sequential cell  
The clock pin u_VGA_Decoder/u_pix_counter/h_counter_reg[2]/C is not reached by a timing clock
Related violations: <none>

TIMING-17#4 Critical Warning
Non-clocked sequential cell  
The clock pin u_VGA_Decoder/u_pix_counter/h_counter_reg[3]/C is not reached by a timing clock
Related violations: <none>

TIMING-17#5 Critical Warning
Non-clocked sequential cell  
The clock pin u_VGA_Decoder/u_pix_counter/h_counter_reg[4]/C is not reached by a timing clock
Related violations: <none>

TIMING-17#6 Critical Warning
Non-clocked sequential cell  
The clock pin u_VGA_Decoder/u_pix_counter/h_counter_reg[5]/C is not reached by a timing clock
Related violations: <none>

TIMING-17#7 Critical Warning
Non-clocked sequential cell  
The clock pin u_VGA_Decoder/u_pix_counter/h_counter_reg[6]/C is not reached by a timing clock
Related violations: <none>

TIMING-17#8 Critical Warning
Non-clocked sequential cell  
The clock pin u_VGA_Decoder/u_pix_counter/h_counter_reg[7]/C is not reached by a timing clock
Related violations: <none>

TIMING-17#9 Critical Warning
Non-clocked sequential cell  
The clock pin u_VGA_Decoder/u_pix_counter/h_counter_reg[8]/C is not reached by a timing clock
Related violations: <none>

TIMING-17#10 Critical Warning
Non-clocked sequential cell  
The clock pin u_VGA_Decoder/u_pix_counter/h_counter_reg[9]/C is not reached by a timing clock
Related violations: <none>

TIMING-17#11 Critical Warning
Non-clocked sequential cell  
The clock pin u_VGA_Decoder/u_pix_counter/v_counter_reg[0]/C is not reached by a timing clock
Related violations: <none>

TIMING-17#12 Critical Warning
Non-clocked sequential cell  
The clock pin u_VGA_Decoder/u_pix_counter/v_counter_reg[1]/C is not reached by a timing clock
Related violations: <none>

TIMING-17#13 Critical Warning
Non-clocked sequential cell  
The clock pin u_VGA_Decoder/u_pix_counter/v_counter_reg[2]/C is not reached by a timing clock
Related violations: <none>

TIMING-17#14 Critical Warning
Non-clocked sequential cell  
The clock pin u_VGA_Decoder/u_pix_counter/v_counter_reg[3]/C is not reached by a timing clock
Related violations: <none>

TIMING-17#15 Critical Warning
Non-clocked sequential cell  
The clock pin u_VGA_Decoder/u_pix_counter/v_counter_reg[4]/C is not reached by a timing clock
Related violations: <none>

TIMING-17#16 Critical Warning
Non-clocked sequential cell  
The clock pin u_VGA_Decoder/u_pix_counter/v_counter_reg[5]/C is not reached by a timing clock
Related violations: <none>

TIMING-17#17 Critical Warning
Non-clocked sequential cell  
The clock pin u_VGA_Decoder/u_pix_counter/v_counter_reg[6]/C is not reached by a timing clock
Related violations: <none>

TIMING-17#18 Critical Warning
Non-clocked sequential cell  
The clock pin u_VGA_Decoder/u_pix_counter/v_counter_reg[7]/C is not reached by a timing clock
Related violations: <none>

TIMING-17#19 Critical Warning
Non-clocked sequential cell  
The clock pin u_VGA_Decoder/u_pix_counter/v_counter_reg[8]/C is not reached by a timing clock
Related violations: <none>

TIMING-17#20 Critical Warning
Non-clocked sequential cell  
The clock pin u_VGA_Decoder/u_pix_counter/v_counter_reg[9]/C is not reached by a timing clock
Related violations: <none>

LUTAR-1#1 Warning
LUT drives async reset alert  
LUT cell u_VGA_Decoder/u_pix_counter/blue_port_reg[3]_i_3, with 2 or more inputs, drives asynchronous preset/clear pin(s) u_VGA_RGB/blue_port_reg[0]/PRE, u_VGA_RGB/blue_port_reg[1]/PRE,
u_VGA_RGB/blue_port_reg[2]/PRE, u_VGA_RGB/blue_port_reg[3]/PRE. The LUT may glitch and trigger an unexpected reset, even if it is a properly timed path.
Related violations: <none>

LUTAR-1#2 Warning
LUT drives async reset alert  
LUT cell u_VGA_Decoder/u_pix_counter/green_port_reg[3]_i_3, with 2 or more inputs, drives asynchronous preset/clear pin(s) u_VGA_RGB/green_port_reg[0]/PRE, u_VGA_RGB/green_port_reg[1]/PRE,
u_VGA_RGB/green_port_reg[2]/PRE, u_VGA_RGB/green_port_reg[3]/PRE. The LUT may glitch and trigger an unexpected reset, even if it is a properly timed path.
Related violations: <none>

LUTAR-1#3 Warning
LUT drives async reset alert  
LUT cell u_VGA_Decoder/u_pix_counter/red_port_reg[3]_i_3, with 2 or more inputs, drives asynchronous preset/clear pin(s) u_VGA_RGB/red_port_reg[0]/PRE, u_VGA_RGB/red_port_reg[1]/PRE,
u_VGA_RGB/red_port_reg[2]/PRE, u_VGA_RGB/red_port_reg[3]/PRE. The LUT may glitch and trigger an unexpected reset, even if it is a properly timed path.
Related violations: <none>

TIMING-18#1 Warning
Missing input or output delay  
An input delay is missing on reset relative to clock(s) sys_clk_pin
Related violations: <none>

TIMING-20#1 Warning
Non-clocked latch  
The latch u_VGA_RGB/blue_port_reg[0] cannot be properly analyzed as its control pin u_VGA_RGB/blue_port_reg[0]/G is not reached by a timing clock
Related violations: <none>

TIMING-20#2 Warning
Non-clocked latch  
The latch u_VGA_RGB/blue_port_reg[1] cannot be properly analyzed as its control pin u_VGA_RGB/blue_port_reg[1]/G is not reached by a timing clock
Related violations: <none>

TIMING-20#3 Warning
Non-clocked latch  
The latch u_VGA_RGB/blue_port_reg[2] cannot be properly analyzed as its control pin u_VGA_RGB/blue_port_reg[2]/G is not reached by a timing clock
Related violations: <none>

TIMING-20#4 Warning
Non-clocked latch  
The latch u_VGA_RGB/blue_port_reg[3] cannot be properly analyzed as its control pin u_VGA_RGB/blue_port_reg[3]/G is not reached by a timing clock
Related violations: <none>

TIMING-20#5 Warning
Non-clocked latch  
The latch u_VGA_RGB/green_port_reg[0] cannot be properly analyzed as its control pin u_VGA_RGB/green_port_reg[0]/G is not reached by a timing clock
Related violations: <none>

TIMING-20#6 Warning
Non-clocked latch  
The latch u_VGA_RGB/green_port_reg[1] cannot be properly analyzed as its control pin u_VGA_RGB/green_port_reg[1]/G is not reached by a timing clock
Related violations: <none>

TIMING-20#7 Warning
Non-clocked latch  
The latch u_VGA_RGB/green_port_reg[2] cannot be properly analyzed as its control pin u_VGA_RGB/green_port_reg[2]/G is not reached by a timing clock
Related violations: <none>

TIMING-20#8 Warning
Non-clocked latch  
The latch u_VGA_RGB/green_port_reg[3] cannot be properly analyzed as its control pin u_VGA_RGB/green_port_reg[3]/G is not reached by a timing clock
Related violations: <none>

TIMING-20#9 Warning
Non-clocked latch  
The latch u_VGA_RGB/red_port_reg[0] cannot be properly analyzed as its control pin u_VGA_RGB/red_port_reg[0]/G is not reached by a timing clock
Related violations: <none>

TIMING-20#10 Warning
Non-clocked latch  
The latch u_VGA_RGB/red_port_reg[1] cannot be properly analyzed as its control pin u_VGA_RGB/red_port_reg[1]/G is not reached by a timing clock
Related violations: <none>

TIMING-20#11 Warning
Non-clocked latch  
The latch u_VGA_RGB/red_port_reg[2] cannot be properly analyzed as its control pin u_VGA_RGB/red_port_reg[2]/G is not reached by a timing clock
Related violations: <none>

TIMING-20#12 Warning
Non-clocked latch  
The latch u_VGA_RGB/red_port_reg[3] cannot be properly analyzed as its control pin u_VGA_RGB/red_port_reg[3]/G is not reached by a timing clock
Related violations: <none>


