Copyright 1986-2020 Xilinx, Inc. All Rights Reserved.
-----------------------------------------------------------------------------------------------------------------------------------------------------------------------------------------------------------------
| Tool Version : Vivado v.2020.2 (win64) Build 3064766 Wed Nov 18 09:12:45 MST 2020
| Date         : Thu May 29 10:29:06 2025
| Host         : DESKTOP-7CFQ9ND running 64-bit major release  (build 9200)
| Command      : report_timing_summary -max_paths 10 -file VGA_controller_timing_summary_routed.rpt -pb VGA_controller_timing_summary_routed.pb -rpx VGA_controller_timing_summary_routed.rpx -warn_on_violation
| Design       : VGA_controller
| Device       : 7a35t-cpg236
| Speed File   : -1  PRODUCTION 1.23 2018-06-13
-----------------------------------------------------------------------------------------------------------------------------------------------------------------------------------------------------------------

Timing Summary Report

------------------------------------------------------------------------------------------------
| Timer Settings
| --------------
------------------------------------------------------------------------------------------------

  Enable Multi Corner Analysis               :  Yes
  Enable Pessimism Removal                   :  Yes
  Pessimism Removal Resolution               :  Nearest Common Node
  Enable Input Delay Default Clock           :  No
  Enable Preset / Clear Arcs                 :  No
  Disable Flight Delays                      :  No
  Ignore I/O Paths                           :  No
  Timing Early Launch at Borrowing Latches   :  No
  Borrow Time for Max Delay Exceptions       :  Yes
  Merge Timing Exceptions                    :  Yes

  Corner  Analyze    Analyze    
  Name    Max Paths  Min Paths  
  ------  ---------  ---------  
  Slow    Yes        Yes        
  Fast    Yes        Yes        



check_timing report

Table of Contents
-----------------
1. checking no_clock (272)
2. checking constant_clock (0)
3. checking pulse_width_clock (0)
4. checking unconstrained_internal_endpoints (74)
5. checking no_input_delay (14)
6. checking no_output_delay (14)
7. checking multiple_clock (0)
8. checking generated_clocks (0)
9. checking loops (0)
10. checking partial_input_delay (0)
11. checking partial_output_delay (0)
12. checking latch_loops (0)

1. checking no_clock (272)
--------------------------
 There are 12 register/latch pins with no clock driven by root clock pin: sw (HIGH)

 There are 20 register/latch pins with no clock driven by root clock pin: u_VGA_Decoder/u_Pixel_clk_Gen/pclk_reg/Q (HIGH)

 There are 12 register/latch pins with no clock driven by root clock pin: u_VGA_Decoder/u_pix_counter/h_counter_reg[0]/Q (HIGH)

 There are 12 register/latch pins with no clock driven by root clock pin: u_VGA_Decoder/u_pix_counter/h_counter_reg[1]/Q (HIGH)

 There are 12 register/latch pins with no clock driven by root clock pin: u_VGA_Decoder/u_pix_counter/h_counter_reg[2]/Q (HIGH)

 There are 12 register/latch pins with no clock driven by root clock pin: u_VGA_Decoder/u_pix_counter/h_counter_reg[3]/Q (HIGH)

 There are 12 register/latch pins with no clock driven by root clock pin: u_VGA_Decoder/u_pix_counter/h_counter_reg[4]/Q (HIGH)

 There are 12 register/latch pins with no clock driven by root clock pin: u_VGA_Decoder/u_pix_counter/h_counter_reg[5]/Q (HIGH)

 There are 12 register/latch pins with no clock driven by root clock pin: u_VGA_Decoder/u_pix_counter/h_counter_reg[6]/Q (HIGH)

 There are 12 register/latch pins with no clock driven by root clock pin: u_VGA_Decoder/u_pix_counter/h_counter_reg[7]/Q (HIGH)

 There are 12 register/latch pins with no clock driven by root clock pin: u_VGA_Decoder/u_pix_counter/h_counter_reg[8]/Q (HIGH)

 There are 12 register/latch pins with no clock driven by root clock pin: u_VGA_Decoder/u_pix_counter/h_counter_reg[9]/Q (HIGH)

 There are 12 register/latch pins with no clock driven by root clock pin: u_VGA_Decoder/u_pix_counter/v_counter_reg[0]/Q (HIGH)

 There are 12 register/latch pins with no clock driven by root clock pin: u_VGA_Decoder/u_pix_counter/v_counter_reg[1]/Q (HIGH)

 There are 12 register/latch pins with no clock driven by root clock pin: u_VGA_Decoder/u_pix_counter/v_counter_reg[2]/Q (HIGH)

 There are 12 register/latch pins with no clock driven by root clock pin: u_VGA_Decoder/u_pix_counter/v_counter_reg[3]/Q (HIGH)

 There are 12 register/latch pins with no clock driven by root clock pin: u_VGA_Decoder/u_pix_counter/v_counter_reg[4]/Q (HIGH)

 There are 12 register/latch pins with no clock driven by root clock pin: u_VGA_Decoder/u_pix_counter/v_counter_reg[5]/Q (HIGH)

 There are 12 register/latch pins with no clock driven by root clock pin: u_VGA_Decoder/u_pix_counter/v_counter_reg[6]/Q (HIGH)

 There are 12 register/latch pins with no clock driven by root clock pin: u_VGA_Decoder/u_pix_counter/v_counter_reg[7]/Q (HIGH)

 There are 12 register/latch pins with no clock driven by root clock pin: u_VGA_Decoder/u_pix_counter/v_counter_reg[8]/Q (HIGH)

 There are 12 register/latch pins with no clock driven by root clock pin: u_VGA_Decoder/u_pix_counter/v_counter_reg[9]/Q (HIGH)


2. checking constant_clock (0)
------------------------------
 There are 0 register/latch pins with constant_clock.


3. checking pulse_width_clock (0)
---------------------------------
 There are 0 register/latch pins which need pulse_width check


4. checking unconstrained_internal_endpoints (74)
-------------------------------------------------
 There are 74 pins that are not constrained for maximum delay. (HIGH)

 There are 0 pins that are not constrained for maximum delay due to constant clock.


5. checking no_input_delay (14)
-------------------------------
 There are 14 input ports with no input delay specified. (HIGH)

 There are 0 input ports with no input delay but user has a false path constraint.


6. checking no_output_delay (14)
--------------------------------
 There are 14 ports with no output delay specified. (HIGH)

 There are 0 ports with no output delay but user has a false path constraint

 There are 0 ports with no output delay but with a timing clock defined on it or propagating through it


7. checking multiple_clock (0)
------------------------------
 There are 0 register/latch pins with multiple clocks.


8. checking generated_clocks (0)
--------------------------------
 There are 0 generated clocks that are not connected to a clock source.


9. checking loops (0)
---------------------
 There are 0 combinational loops in the design.


10. checking partial_input_delay (0)
------------------------------------
 There are 0 input ports with partial input delay specified.


11. checking partial_output_delay (0)
-------------------------------------
 There are 0 ports with partial output delay specified.


12. checking latch_loops (0)
----------------------------
 There are 0 combinational latch loops in the design through latch input



------------------------------------------------------------------------------------------------
| Design Timing Summary
| ---------------------
------------------------------------------------------------------------------------------------

    WNS(ns)      TNS(ns)  TNS Failing Endpoints  TNS Total Endpoints      WHS(ns)      THS(ns)  THS Failing Endpoints  THS Total Endpoints     WPWS(ns)     TPWS(ns)  TPWS Failing Endpoints  TPWS Total Endpoints  
    -------      -------  ---------------------  -------------------      -------      -------  ---------------------  -------------------     --------     --------  ----------------------  --------------------  
      8.385        0.000                      0                    3        0.310        0.000                      0                    3        4.500        0.000                       0                     4  


All user specified timing constraints are met.


------------------------------------------------------------------------------------------------
| Clock Summary
| -------------
------------------------------------------------------------------------------------------------

Clock        Waveform(ns)       Period(ns)      Frequency(MHz)
-----        ------------       ----------      --------------
sys_clk_pin  {0.000 5.000}      10.000          100.000         


------------------------------------------------------------------------------------------------
| Intra Clock Table
| -----------------
------------------------------------------------------------------------------------------------

Clock             WNS(ns)      TNS(ns)  TNS Failing Endpoints  TNS Total Endpoints      WHS(ns)      THS(ns)  THS Failing Endpoints  THS Total Endpoints     WPWS(ns)     TPWS(ns)  TPWS Failing Endpoints  TPWS Total Endpoints  
-----             -------      -------  ---------------------  -------------------      -------      -------  ---------------------  -------------------     --------     --------  ----------------------  --------------------  
sys_clk_pin         8.385        0.000                      0                    3        0.310        0.000                      0                    3        4.500        0.000                       0                     4  


------------------------------------------------------------------------------------------------
| Inter Clock Table
| -----------------
------------------------------------------------------------------------------------------------

From Clock    To Clock          WNS(ns)      TNS(ns)  TNS Failing Endpoints  TNS Total Endpoints      WHS(ns)      THS(ns)  THS Failing Endpoints  THS Total Endpoints  
----------    --------          -------      -------  ---------------------  -------------------      -------      -------  ---------------------  -------------------  


------------------------------------------------------------------------------------------------
| Other Path Groups Table
| -----------------------
------------------------------------------------------------------------------------------------

Path Group    From Clock    To Clock          WNS(ns)      TNS(ns)  TNS Failing Endpoints  TNS Total Endpoints      WHS(ns)      THS(ns)  THS Failing Endpoints  THS Total Endpoints  
----------    ----------    --------          -------      -------  ---------------------  -------------------      -------      -------  ---------------------  -------------------  


------------------------------------------------------------------------------------------------
| Timing Details
| --------------
------------------------------------------------------------------------------------------------


---------------------------------------------------------------------------------------------------
From Clock:  sys_clk_pin
  To Clock:  sys_clk_pin

Setup :            0  Failing Endpoints,  Worst Slack        8.385ns,  Total Violation        0.000ns
Hold  :            0  Failing Endpoints,  Worst Slack        0.310ns,  Total Violation        0.000ns
PW    :            0  Failing Endpoints,  Worst Slack        4.500ns,  Total Violation        0.000ns
---------------------------------------------------------------------------------------------------


Max Delay Paths
--------------------------------------------------------------------------------------
Slack (MET) :             8.385ns  (required time - arrival time)
  Source:                 u_VGA_Decoder/u_Pixel_clk_Gen/p_counter_reg[1]/C
                            (rising edge-triggered cell FDCE clocked by sys_clk_pin  {rise@0.000ns fall@5.000ns period=10.000ns})
  Destination:            u_VGA_Decoder/u_Pixel_clk_Gen/p_counter_reg[1]/D
                            (rising edge-triggered cell FDCE clocked by sys_clk_pin  {rise@0.000ns fall@5.000ns period=10.000ns})
  Path Group:             sys_clk_pin
  Path Type:              Setup (Max at Slow Process Corner)
  Requirement:            10.000ns  (sys_clk_pin rise@10.000ns - sys_clk_pin rise@0.000ns)
  Data Path Delay:        1.609ns  (logic 0.580ns (36.055%)  route 1.029ns (63.945%))
  Logic Levels:           1  (LUT2=1)
  Clock Path Skew:        0.000ns (DCD - SCD + CPR)
    Destination Clock Delay (DCD):    4.853ns = ( 14.853 - 10.000 ) 
    Source Clock Delay      (SCD):    5.151ns
    Clock Pessimism Removal (CPR):    0.298ns
  Clock Uncertainty:      0.035ns  ((TSJ^2 + TIJ^2)^1/2 + DJ) / 2 + PE
    Total System Jitter     (TSJ):    0.071ns
    Total Input Jitter      (TIJ):    0.000ns
    Discrete Jitter          (DJ):    0.000ns
    Phase Error              (PE):    0.000ns

    Location             Delay type                Incr(ns)  Path(ns)    Netlist Resource(s)
  -------------------------------------------------------------------    -------------------
                         (clock sys_clk_pin rise edge)
                                                      0.000     0.000 r  
    W5                                                0.000     0.000 r  clk (IN)
                         net (fo=0)                   0.000     0.000    clk
    W5                   IBUF (Prop_ibuf_I_O)         1.458     1.458 r  clk_IBUF_inst/O
                         net (fo=1, routed)           1.967     3.425    clk_IBUF
    BUFGCTRL_X0Y0        BUFG (Prop_bufg_I_O)         0.096     3.521 r  clk_IBUF_BUFG_inst/O
                         net (fo=3, routed)           1.630     5.151    u_VGA_Decoder/u_Pixel_clk_Gen/p_counter_reg[1]_0
    SLICE_X4Y35          FDCE                                         r  u_VGA_Decoder/u_Pixel_clk_Gen/p_counter_reg[1]/C
  -------------------------------------------------------------------    -------------------
    SLICE_X4Y35          FDCE (Prop_fdce_C_Q)         0.456     5.607 r  u_VGA_Decoder/u_Pixel_clk_Gen/p_counter_reg[1]/Q
                         net (fo=2, routed)           1.029     6.636    u_VGA_Decoder/u_Pixel_clk_Gen/p_counter[1]
    SLICE_X4Y35          LUT2 (Prop_lut2_I1_O)        0.124     6.760 r  u_VGA_Decoder/u_Pixel_clk_Gen/p_counter[1]_i_1/O
                         net (fo=1, routed)           0.000     6.760    u_VGA_Decoder/u_Pixel_clk_Gen/p_counter[1]_i_1_n_0
    SLICE_X4Y35          FDCE                                         r  u_VGA_Decoder/u_Pixel_clk_Gen/p_counter_reg[1]/D
  -------------------------------------------------------------------    -------------------

                         (clock sys_clk_pin rise edge)
                                                     10.000    10.000 r  
    W5                                                0.000    10.000 r  clk (IN)
                         net (fo=0)                   0.000    10.000    clk
    W5                   IBUF (Prop_ibuf_I_O)         1.388    11.388 r  clk_IBUF_inst/O
                         net (fo=1, routed)           1.862    13.250    clk_IBUF
    BUFGCTRL_X0Y0        BUFG (Prop_bufg_I_O)         0.091    13.341 r  clk_IBUF_BUFG_inst/O
                         net (fo=3, routed)           1.512    14.853    u_VGA_Decoder/u_Pixel_clk_Gen/p_counter_reg[1]_0
    SLICE_X4Y35          FDCE                                         r  u_VGA_Decoder/u_Pixel_clk_Gen/p_counter_reg[1]/C
                         clock pessimism              0.298    15.151    
                         clock uncertainty           -0.035    15.116    
    SLICE_X4Y35          FDCE (Setup_fdce_C_D)        0.029    15.145    u_VGA_Decoder/u_Pixel_clk_Gen/p_counter_reg[1]
  -------------------------------------------------------------------
                         required time                         15.145    
                         arrival time                          -6.760    
  -------------------------------------------------------------------
                         slack                                  8.385    

Slack (MET) :             8.405ns  (required time - arrival time)
  Source:                 u_VGA_Decoder/u_Pixel_clk_Gen/p_counter_reg[1]/C
                            (rising edge-triggered cell FDCE clocked by sys_clk_pin  {rise@0.000ns fall@5.000ns period=10.000ns})
  Destination:            u_VGA_Decoder/u_Pixel_clk_Gen/pclk_reg/D
                            (rising edge-triggered cell FDCE clocked by sys_clk_pin  {rise@0.000ns fall@5.000ns period=10.000ns})
  Path Group:             sys_clk_pin
  Path Type:              Setup (Max at Slow Process Corner)
  Requirement:            10.000ns  (sys_clk_pin rise@10.000ns - sys_clk_pin rise@0.000ns)
  Data Path Delay:        1.635ns  (logic 0.606ns (37.072%)  route 1.029ns (62.928%))
  Logic Levels:           1  (LUT2=1)
  Clock Path Skew:        0.000ns (DCD - SCD + CPR)
    Destination Clock Delay (DCD):    4.853ns = ( 14.853 - 10.000 ) 
    Source Clock Delay      (SCD):    5.151ns
    Clock Pessimism Removal (CPR):    0.298ns
  Clock Uncertainty:      0.035ns  ((TSJ^2 + TIJ^2)^1/2 + DJ) / 2 + PE
    Total System Jitter     (TSJ):    0.071ns
    Total Input Jitter      (TIJ):    0.000ns
    Discrete Jitter          (DJ):    0.000ns
    Phase Error              (PE):    0.000ns

    Location             Delay type                Incr(ns)  Path(ns)    Netlist Resource(s)
  -------------------------------------------------------------------    -------------------
                         (clock sys_clk_pin rise edge)
                                                      0.000     0.000 r  
    W5                                                0.000     0.000 r  clk (IN)
                         net (fo=0)                   0.000     0.000    clk
    W5                   IBUF (Prop_ibuf_I_O)         1.458     1.458 r  clk_IBUF_inst/O
                         net (fo=1, routed)           1.967     3.425    clk_IBUF
    BUFGCTRL_X0Y0        BUFG (Prop_bufg_I_O)         0.096     3.521 r  clk_IBUF_BUFG_inst/O
                         net (fo=3, routed)           1.630     5.151    u_VGA_Decoder/u_Pixel_clk_Gen/p_counter_reg[1]_0
    SLICE_X4Y35          FDCE                                         r  u_VGA_Decoder/u_Pixel_clk_Gen/p_counter_reg[1]/C
  -------------------------------------------------------------------    -------------------
    SLICE_X4Y35          FDCE (Prop_fdce_C_Q)         0.456     5.607 r  u_VGA_Decoder/u_Pixel_clk_Gen/p_counter_reg[1]/Q
                         net (fo=2, routed)           1.029     6.636    u_VGA_Decoder/u_Pixel_clk_Gen/p_counter[1]
    SLICE_X4Y35          LUT2 (Prop_lut2_I1_O)        0.150     6.786 r  u_VGA_Decoder/u_Pixel_clk_Gen/pclk_i_1/O
                         net (fo=1, routed)           0.000     6.786    u_VGA_Decoder/u_Pixel_clk_Gen/pclk_i_1_n_0
    SLICE_X4Y35          FDCE                                         r  u_VGA_Decoder/u_Pixel_clk_Gen/pclk_reg/D
  -------------------------------------------------------------------    -------------------

                         (clock sys_clk_pin rise edge)
                                                     10.000    10.000 r  
    W5                                                0.000    10.000 r  clk (IN)
                         net (fo=0)                   0.000    10.000    clk
    W5                   IBUF (Prop_ibuf_I_O)         1.388    11.388 r  clk_IBUF_inst/O
                         net (fo=1, routed)           1.862    13.250    clk_IBUF
    BUFGCTRL_X0Y0        BUFG (Prop_bufg_I_O)         0.091    13.341 r  clk_IBUF_BUFG_inst/O
                         net (fo=3, routed)           1.512    14.853    u_VGA_Decoder/u_Pixel_clk_Gen/p_counter_reg[1]_0
    SLICE_X4Y35          FDCE                                         r  u_VGA_Decoder/u_Pixel_clk_Gen/pclk_reg/C
                         clock pessimism              0.298    15.151    
                         clock uncertainty           -0.035    15.116    
    SLICE_X4Y35          FDCE (Setup_fdce_C_D)        0.075    15.191    u_VGA_Decoder/u_Pixel_clk_Gen/pclk_reg
  -------------------------------------------------------------------
                         required time                         15.191    
                         arrival time                          -6.786    
  -------------------------------------------------------------------
                         slack                                  8.405    

Slack (MET) :             8.744ns  (required time - arrival time)
  Source:                 u_VGA_Decoder/u_Pixel_clk_Gen/p_counter_reg[0]/C
                            (rising edge-triggered cell FDCE clocked by sys_clk_pin  {rise@0.000ns fall@5.000ns period=10.000ns})
  Destination:            u_VGA_Decoder/u_Pixel_clk_Gen/p_counter_reg[0]/D
                            (rising edge-triggered cell FDCE clocked by sys_clk_pin  {rise@0.000ns fall@5.000ns period=10.000ns})
  Path Group:             sys_clk_pin
  Path Type:              Setup (Max at Slow Process Corner)
  Requirement:            10.000ns  (sys_clk_pin rise@10.000ns - sys_clk_pin rise@0.000ns)
  Data Path Delay:        1.252ns  (logic 0.580ns (46.336%)  route 0.672ns (53.664%))
  Logic Levels:           1  (LUT1=1)
  Clock Path Skew:        0.000ns (DCD - SCD + CPR)
    Destination Clock Delay (DCD):    4.853ns = ( 14.853 - 10.000 ) 
    Source Clock Delay      (SCD):    5.151ns
    Clock Pessimism Removal (CPR):    0.298ns
  Clock Uncertainty:      0.035ns  ((TSJ^2 + TIJ^2)^1/2 + DJ) / 2 + PE
    Total System Jitter     (TSJ):    0.071ns
    Total Input Jitter      (TIJ):    0.000ns
    Discrete Jitter          (DJ):    0.000ns
    Phase Error              (PE):    0.000ns

    Location             Delay type                Incr(ns)  Path(ns)    Netlist Resource(s)
  -------------------------------------------------------------------    -------------------
                         (clock sys_clk_pin rise edge)
                                                      0.000     0.000 r  
    W5                                                0.000     0.000 r  clk (IN)
                         net (fo=0)                   0.000     0.000    clk
    W5                   IBUF (Prop_ibuf_I_O)         1.458     1.458 r  clk_IBUF_inst/O
                         net (fo=1, routed)           1.967     3.425    clk_IBUF
    BUFGCTRL_X0Y0        BUFG (Prop_bufg_I_O)         0.096     3.521 r  clk_IBUF_BUFG_inst/O
                         net (fo=3, routed)           1.630     5.151    u_VGA_Decoder/u_Pixel_clk_Gen/p_counter_reg[1]_0
    SLICE_X4Y35          FDCE                                         r  u_VGA_Decoder/u_Pixel_clk_Gen/p_counter_reg[0]/C
  -------------------------------------------------------------------    -------------------
    SLICE_X4Y35          FDCE (Prop_fdce_C_Q)         0.456     5.607 f  u_VGA_Decoder/u_Pixel_clk_Gen/p_counter_reg[0]/Q
                         net (fo=3, routed)           0.672     6.279    u_VGA_Decoder/u_Pixel_clk_Gen/p_counter[0]
    SLICE_X4Y35          LUT1 (Prop_lut1_I0_O)        0.124     6.403 r  u_VGA_Decoder/u_Pixel_clk_Gen/p_counter[0]_i_1/O
                         net (fo=1, routed)           0.000     6.403    u_VGA_Decoder/u_Pixel_clk_Gen/p_counter[0]_i_1_n_0
    SLICE_X4Y35          FDCE                                         r  u_VGA_Decoder/u_Pixel_clk_Gen/p_counter_reg[0]/D
  -------------------------------------------------------------------    -------------------

                         (clock sys_clk_pin rise edge)
                                                     10.000    10.000 r  
    W5                                                0.000    10.000 r  clk (IN)
                         net (fo=0)                   0.000    10.000    clk
    W5                   IBUF (Prop_ibuf_I_O)         1.388    11.388 r  clk_IBUF_inst/O
                         net (fo=1, routed)           1.862    13.250    clk_IBUF
    BUFGCTRL_X0Y0        BUFG (Prop_bufg_I_O)         0.091    13.341 r  clk_IBUF_BUFG_inst/O
                         net (fo=3, routed)           1.512    14.853    u_VGA_Decoder/u_Pixel_clk_Gen/p_counter_reg[1]_0
    SLICE_X4Y35          FDCE                                         r  u_VGA_Decoder/u_Pixel_clk_Gen/p_counter_reg[0]/C
                         clock pessimism              0.298    15.151    
                         clock uncertainty           -0.035    15.116    
    SLICE_X4Y35          FDCE (Setup_fdce_C_D)        0.031    15.147    u_VGA_Decoder/u_Pixel_clk_Gen/p_counter_reg[0]
  -------------------------------------------------------------------
                         required time                         15.147    
                         arrival time                          -6.403    
  -------------------------------------------------------------------
                         slack                                  8.744    





Min Delay Paths
--------------------------------------------------------------------------------------
Slack (MET) :             0.310ns  (arrival time - required time)
  Source:                 u_VGA_Decoder/u_Pixel_clk_Gen/p_counter_reg[0]/C
                            (rising edge-triggered cell FDCE clocked by sys_clk_pin  {rise@0.000ns fall@5.000ns period=10.000ns})
  Destination:            u_VGA_Decoder/u_Pixel_clk_Gen/pclk_reg/D
                            (rising edge-triggered cell FDCE clocked by sys_clk_pin  {rise@0.000ns fall@5.000ns period=10.000ns})
  Path Group:             sys_clk_pin
  Path Type:              Hold (Min at Fast Process Corner)
  Requirement:            0.000ns  (sys_clk_pin rise@0.000ns - sys_clk_pin rise@0.000ns)
  Data Path Delay:        0.417ns  (logic 0.185ns (44.361%)  route 0.232ns (55.639%))
  Logic Levels:           1  (LUT2=1)
  Clock Path Skew:        0.000ns (DCD - SCD - CPR)
    Destination Clock Delay (DCD):    1.986ns
    Source Clock Delay      (SCD):    1.472ns
    Clock Pessimism Removal (CPR):    0.514ns

    Location             Delay type                Incr(ns)  Path(ns)    Netlist Resource(s)
  -------------------------------------------------------------------    -------------------
                         (clock sys_clk_pin rise edge)
                                                      0.000     0.000 r  
    W5                                                0.000     0.000 r  clk (IN)
                         net (fo=0)                   0.000     0.000    clk
    W5                   IBUF (Prop_ibuf_I_O)         0.226     0.226 r  clk_IBUF_inst/O
                         net (fo=1, routed)           0.631     0.858    clk_IBUF
    BUFGCTRL_X0Y0        BUFG (Prop_bufg_I_O)         0.026     0.884 r  clk_IBUF_BUFG_inst/O
                         net (fo=3, routed)           0.589     1.472    u_VGA_Decoder/u_Pixel_clk_Gen/p_counter_reg[1]_0
    SLICE_X4Y35          FDCE                                         r  u_VGA_Decoder/u_Pixel_clk_Gen/p_counter_reg[0]/C
  -------------------------------------------------------------------    -------------------
    SLICE_X4Y35          FDCE (Prop_fdce_C_Q)         0.141     1.613 r  u_VGA_Decoder/u_Pixel_clk_Gen/p_counter_reg[0]/Q
                         net (fo=3, routed)           0.232     1.845    u_VGA_Decoder/u_Pixel_clk_Gen/p_counter[0]
    SLICE_X4Y35          LUT2 (Prop_lut2_I0_O)        0.044     1.889 r  u_VGA_Decoder/u_Pixel_clk_Gen/pclk_i_1/O
                         net (fo=1, routed)           0.000     1.889    u_VGA_Decoder/u_Pixel_clk_Gen/pclk_i_1_n_0
    SLICE_X4Y35          FDCE                                         r  u_VGA_Decoder/u_Pixel_clk_Gen/pclk_reg/D
  -------------------------------------------------------------------    -------------------

                         (clock sys_clk_pin rise edge)
                                                      0.000     0.000 r  
    W5                                                0.000     0.000 r  clk (IN)
                         net (fo=0)                   0.000     0.000    clk
    W5                   IBUF (Prop_ibuf_I_O)         0.414     0.414 r  clk_IBUF_inst/O
                         net (fo=1, routed)           0.685     1.099    clk_IBUF
    BUFGCTRL_X0Y0        BUFG (Prop_bufg_I_O)         0.029     1.128 r  clk_IBUF_BUFG_inst/O
                         net (fo=3, routed)           0.859     1.986    u_VGA_Decoder/u_Pixel_clk_Gen/p_counter_reg[1]_0
    SLICE_X4Y35          FDCE                                         r  u_VGA_Decoder/u_Pixel_clk_Gen/pclk_reg/C
                         clock pessimism             -0.514     1.472    
    SLICE_X4Y35          FDCE (Hold_fdce_C_D)         0.107     1.579    u_VGA_Decoder/u_Pixel_clk_Gen/pclk_reg
  -------------------------------------------------------------------
                         required time                         -1.579    
                         arrival time                           1.889    
  -------------------------------------------------------------------
                         slack                                  0.310    

Slack (MET) :             0.327ns  (arrival time - required time)
  Source:                 u_VGA_Decoder/u_Pixel_clk_Gen/p_counter_reg[0]/C
                            (rising edge-triggered cell FDCE clocked by sys_clk_pin  {rise@0.000ns fall@5.000ns period=10.000ns})
  Destination:            u_VGA_Decoder/u_Pixel_clk_Gen/p_counter_reg[1]/D
                            (rising edge-triggered cell FDCE clocked by sys_clk_pin  {rise@0.000ns fall@5.000ns period=10.000ns})
  Path Group:             sys_clk_pin
  Path Type:              Hold (Min at Fast Process Corner)
  Requirement:            0.000ns  (sys_clk_pin rise@0.000ns - sys_clk_pin rise@0.000ns)
  Data Path Delay:        0.418ns  (logic 0.186ns (44.494%)  route 0.232ns (55.506%))
  Logic Levels:           1  (LUT2=1)
  Clock Path Skew:        0.000ns (DCD - SCD - CPR)
    Destination Clock Delay (DCD):    1.986ns
    Source Clock Delay      (SCD):    1.472ns
    Clock Pessimism Removal (CPR):    0.514ns

    Location             Delay type                Incr(ns)  Path(ns)    Netlist Resource(s)
  -------------------------------------------------------------------    -------------------
                         (clock sys_clk_pin rise edge)
                                                      0.000     0.000 r  
    W5                                                0.000     0.000 r  clk (IN)
                         net (fo=0)                   0.000     0.000    clk
    W5                   IBUF (Prop_ibuf_I_O)         0.226     0.226 r  clk_IBUF_inst/O
                         net (fo=1, routed)           0.631     0.858    clk_IBUF
    BUFGCTRL_X0Y0        BUFG (Prop_bufg_I_O)         0.026     0.884 r  clk_IBUF_BUFG_inst/O
                         net (fo=3, routed)           0.589     1.472    u_VGA_Decoder/u_Pixel_clk_Gen/p_counter_reg[1]_0
    SLICE_X4Y35          FDCE                                         r  u_VGA_Decoder/u_Pixel_clk_Gen/p_counter_reg[0]/C
  -------------------------------------------------------------------    -------------------
    SLICE_X4Y35          FDCE (Prop_fdce_C_Q)         0.141     1.613 r  u_VGA_Decoder/u_Pixel_clk_Gen/p_counter_reg[0]/Q
                         net (fo=3, routed)           0.232     1.845    u_VGA_Decoder/u_Pixel_clk_Gen/p_counter[0]
    SLICE_X4Y35          LUT2 (Prop_lut2_I0_O)        0.045     1.890 r  u_VGA_Decoder/u_Pixel_clk_Gen/p_counter[1]_i_1/O
                         net (fo=1, routed)           0.000     1.890    u_VGA_Decoder/u_Pixel_clk_Gen/p_counter[1]_i_1_n_0
    SLICE_X4Y35          FDCE                                         r  u_VGA_Decoder/u_Pixel_clk_Gen/p_counter_reg[1]/D
  -------------------------------------------------------------------    -------------------

                         (clock sys_clk_pin rise edge)
                                                      0.000     0.000 r  
    W5                                                0.000     0.000 r  clk (IN)
                         net (fo=0)                   0.000     0.000    clk
    W5                   IBUF (Prop_ibuf_I_O)         0.414     0.414 r  clk_IBUF_inst/O
                         net (fo=1, routed)           0.685     1.099    clk_IBUF
    BUFGCTRL_X0Y0        BUFG (Prop_bufg_I_O)         0.029     1.128 r  clk_IBUF_BUFG_inst/O
                         net (fo=3, routed)           0.859     1.986    u_VGA_Decoder/u_Pixel_clk_Gen/p_counter_reg[1]_0
    SLICE_X4Y35          FDCE                                         r  u_VGA_Decoder/u_Pixel_clk_Gen/p_counter_reg[1]/C
                         clock pessimism             -0.514     1.472    
    SLICE_X4Y35          FDCE (Hold_fdce_C_D)         0.091     1.563    u_VGA_Decoder/u_Pixel_clk_Gen/p_counter_reg[1]
  -------------------------------------------------------------------
                         required time                         -1.563    
                         arrival time                           1.890    
  -------------------------------------------------------------------
                         slack                                  0.327    

Slack (MET) :             0.330ns  (arrival time - required time)
  Source:                 u_VGA_Decoder/u_Pixel_clk_Gen/p_counter_reg[0]/C
                            (rising edge-triggered cell FDCE clocked by sys_clk_pin  {rise@0.000ns fall@5.000ns period=10.000ns})
  Destination:            u_VGA_Decoder/u_Pixel_clk_Gen/p_counter_reg[0]/D
                            (rising edge-triggered cell FDCE clocked by sys_clk_pin  {rise@0.000ns fall@5.000ns period=10.000ns})
  Path Group:             sys_clk_pin
  Path Type:              Hold (Min at Fast Process Corner)
  Requirement:            0.000ns  (sys_clk_pin rise@0.000ns - sys_clk_pin rise@0.000ns)
  Data Path Delay:        0.422ns  (logic 0.186ns (44.105%)  route 0.236ns (55.895%))
  Logic Levels:           1  (LUT1=1)
  Clock Path Skew:        0.000ns (DCD - SCD - CPR)
    Destination Clock Delay (DCD):    1.986ns
    Source Clock Delay      (SCD):    1.472ns
    Clock Pessimism Removal (CPR):    0.514ns

    Location             Delay type                Incr(ns)  Path(ns)    Netlist Resource(s)
  -------------------------------------------------------------------    -------------------
                         (clock sys_clk_pin rise edge)
                                                      0.000     0.000 r  
    W5                                                0.000     0.000 r  clk (IN)
                         net (fo=0)                   0.000     0.000    clk
    W5                   IBUF (Prop_ibuf_I_O)         0.226     0.226 r  clk_IBUF_inst/O
                         net (fo=1, routed)           0.631     0.858    clk_IBUF
    BUFGCTRL_X0Y0        BUFG (Prop_bufg_I_O)         0.026     0.884 r  clk_IBUF_BUFG_inst/O
                         net (fo=3, routed)           0.589     1.472    u_VGA_Decoder/u_Pixel_clk_Gen/p_counter_reg[1]_0
    SLICE_X4Y35          FDCE                                         r  u_VGA_Decoder/u_Pixel_clk_Gen/p_counter_reg[0]/C
  -------------------------------------------------------------------    -------------------
    SLICE_X4Y35          FDCE (Prop_fdce_C_Q)         0.141     1.613 f  u_VGA_Decoder/u_Pixel_clk_Gen/p_counter_reg[0]/Q
                         net (fo=3, routed)           0.236     1.849    u_VGA_Decoder/u_Pixel_clk_Gen/p_counter[0]
    SLICE_X4Y35          LUT1 (Prop_lut1_I0_O)        0.045     1.894 r  u_VGA_Decoder/u_Pixel_clk_Gen/p_counter[0]_i_1/O
                         net (fo=1, routed)           0.000     1.894    u_VGA_Decoder/u_Pixel_clk_Gen/p_counter[0]_i_1_n_0
    SLICE_X4Y35          FDCE                                         r  u_VGA_Decoder/u_Pixel_clk_Gen/p_counter_reg[0]/D
  -------------------------------------------------------------------    -------------------

                         (clock sys_clk_pin rise edge)
                                                      0.000     0.000 r  
    W5                                                0.000     0.000 r  clk (IN)
                         net (fo=0)                   0.000     0.000    clk
    W5                   IBUF (Prop_ibuf_I_O)         0.414     0.414 r  clk_IBUF_inst/O
                         net (fo=1, routed)           0.685     1.099    clk_IBUF
    BUFGCTRL_X0Y0        BUFG (Prop_bufg_I_O)         0.029     1.128 r  clk_IBUF_BUFG_inst/O
                         net (fo=3, routed)           0.859     1.986    u_VGA_Decoder/u_Pixel_clk_Gen/p_counter_reg[1]_0
    SLICE_X4Y35          FDCE                                         r  u_VGA_Decoder/u_Pixel_clk_Gen/p_counter_reg[0]/C
                         clock pessimism             -0.514     1.472    
    SLICE_X4Y35          FDCE (Hold_fdce_C_D)         0.092     1.564    u_VGA_Decoder/u_Pixel_clk_Gen/p_counter_reg[0]
  -------------------------------------------------------------------
                         required time                         -1.564    
                         arrival time                           1.894    
  -------------------------------------------------------------------
                         slack                                  0.330    





Pulse Width Checks
--------------------------------------------------------------------------------------
Clock Name:         sys_clk_pin
Waveform(ns):       { 0.000 5.000 }
Period(ns):         10.000
Sources:            { clk }

Check Type        Corner  Lib Pin  Reference Pin  Required(ns)  Actual(ns)  Slack(ns)  Location       Pin
Min Period        n/a     BUFG/I   n/a            2.155         10.000      7.845      BUFGCTRL_X0Y0  clk_IBUF_BUFG_inst/I
Min Period        n/a     FDCE/C   n/a            1.000         10.000      9.000      SLICE_X4Y35    u_VGA_Decoder/u_Pixel_clk_Gen/p_counter_reg[0]/C
Min Period        n/a     FDCE/C   n/a            1.000         10.000      9.000      SLICE_X4Y35    u_VGA_Decoder/u_Pixel_clk_Gen/p_counter_reg[1]/C
Min Period        n/a     FDCE/C   n/a            1.000         10.000      9.000      SLICE_X4Y35    u_VGA_Decoder/u_Pixel_clk_Gen/pclk_reg/C
Low Pulse Width   Slow    FDCE/C   n/a            0.500         5.000       4.500      SLICE_X4Y35    u_VGA_Decoder/u_Pixel_clk_Gen/p_counter_reg[0]/C
Low Pulse Width   Fast    FDCE/C   n/a            0.500         5.000       4.500      SLICE_X4Y35    u_VGA_Decoder/u_Pixel_clk_Gen/p_counter_reg[0]/C
Low Pulse Width   Slow    FDCE/C   n/a            0.500         5.000       4.500      SLICE_X4Y35    u_VGA_Decoder/u_Pixel_clk_Gen/p_counter_reg[1]/C
Low Pulse Width   Fast    FDCE/C   n/a            0.500         5.000       4.500      SLICE_X4Y35    u_VGA_Decoder/u_Pixel_clk_Gen/p_counter_reg[1]/C
Low Pulse Width   Slow    FDCE/C   n/a            0.500         5.000       4.500      SLICE_X4Y35    u_VGA_Decoder/u_Pixel_clk_Gen/pclk_reg/C
Low Pulse Width   Fast    FDCE/C   n/a            0.500         5.000       4.500      SLICE_X4Y35    u_VGA_Decoder/u_Pixel_clk_Gen/pclk_reg/C
High Pulse Width  Slow    FDCE/C   n/a            0.500         5.000       4.500      SLICE_X4Y35    u_VGA_Decoder/u_Pixel_clk_Gen/p_counter_reg[0]/C
High Pulse Width  Slow    FDCE/C   n/a            0.500         5.000       4.500      SLICE_X4Y35    u_VGA_Decoder/u_Pixel_clk_Gen/p_counter_reg[1]/C
High Pulse Width  Slow    FDCE/C   n/a            0.500         5.000       4.500      SLICE_X4Y35    u_VGA_Decoder/u_Pixel_clk_Gen/pclk_reg/C
High Pulse Width  Fast    FDCE/C   n/a            0.500         5.000       4.500      SLICE_X4Y35    u_VGA_Decoder/u_Pixel_clk_Gen/p_counter_reg[0]/C
High Pulse Width  Fast    FDCE/C   n/a            0.500         5.000       4.500      SLICE_X4Y35    u_VGA_Decoder/u_Pixel_clk_Gen/p_counter_reg[1]/C
High Pulse Width  Fast    FDCE/C   n/a            0.500         5.000       4.500      SLICE_X4Y35    u_VGA_Decoder/u_Pixel_clk_Gen/pclk_reg/C



