Copyright 1986-2020 Xilinx, Inc. All Rights Reserved.
---------------------------------------------------------------------------------------------------------------------
| Tool Version : Vivado v.2020.2 (win64) Build 3064766 Wed Nov 18 09:12:45 MST 2020
| Date         : Fri May 23 11:35:28 2025
| Host         : DESKTOP-7CFQ9ND running 64-bit major release  (build 9200)
| Command      : report_drc -file SPI_Slave_drc_routed.rpt -pb SPI_Slave_drc_routed.pb -rpx SPI_Slave_drc_routed.rpx
| Design       : SPI_Slave
| Device       : xc7a35tcpg236-1
| Speed File   : -1
| Design State : Fully Routed
---------------------------------------------------------------------------------------------------------------------

Report DRC

Table of Contents
-----------------
1. REPORT SUMMARY
2. REPORT DETAILS

1. REPORT SUMMARY
-----------------
            Netlist: netlist
          Floorplan: design_1
      Design limits: <entire design considered>
           Ruledeck: default
             Max violations: <unlimited>
             Violations found: 4
+----------+----------+-------------------+------------+
| Rule     | Severity | Description       | Violations |
+----------+----------+-------------------+------------+
| PDRC-153 | Warning  | Gated clock check | 4          |
+----------+----------+-------------------+------------+

2. REPORT DETAILS
-----------------
PDRC-153#1 Warning
Gated clock check  
Net U_SPI_Slave_Reg/slv_reg0 is a gated clock net sourced by a combinational pin U_SPI_Slave_Reg/slv_reg0_reg[7]_i_1/O, cell U_SPI_Slave_Reg/slv_reg0_reg[7]_i_1. This is not good design practice and will likely impact performance. For SLICE registers, for example, use the CE pin to control the loading of data.
Related violations: <none>

PDRC-153#2 Warning
Gated clock check  
Net U_SPI_Slave_Reg/slv_reg1 is a gated clock net sourced by a combinational pin U_SPI_Slave_Reg/slv_reg1_reg[7]_i_1/O, cell U_SPI_Slave_Reg/slv_reg1_reg[7]_i_1. This is not good design practice and will likely impact performance. For SLICE registers, for example, use the CE pin to control the loading of data.
Related violations: <none>

PDRC-153#3 Warning
Gated clock check  
Net U_SPI_Slave_Reg/slv_reg2 is a gated clock net sourced by a combinational pin U_SPI_Slave_Reg/slv_reg2_reg[7]_i_1/O, cell U_SPI_Slave_Reg/slv_reg2_reg[7]_i_1. This is not good design practice and will likely impact performance. For SLICE registers, for example, use the CE pin to control the loading of data.
Related violations: <none>

PDRC-153#4 Warning
Gated clock check  
Net U_SPI_Slave_Reg/slv_reg3 is a gated clock net sourced by a combinational pin U_SPI_Slave_Reg/slv_reg3_reg[7]_i_1/O, cell U_SPI_Slave_Reg/slv_reg3_reg[7]_i_1. This is not good design practice and will likely impact performance. For SLICE registers, for example, use the CE pin to control the loading of data.
Related violations: <none>


