Copyright 1986-2020 Xilinx, Inc. All Rights Reserved.
-----------------------------------------------------------------------------------------------------------------------------------------------------------------
| Tool Version : Vivado v.2020.2 (win64) Build 3064766 Wed Nov 18 09:12:45 MST 2020
| Date         : Mon May 26 11:22:15 2025
| Host         : DESKTOP-7CFQ9ND running 64-bit major release  (build 9200)
| Command      : report_methodology -file SPI_Slave_methodology_drc_routed.rpt -pb SPI_Slave_methodology_drc_routed.pb -rpx SPI_Slave_methodology_drc_routed.rpx
| Design       : SPI_Slave
| Device       : xc7a35tcpg236-1
| Speed File   : -1
| Design State : Fully Routed
-----------------------------------------------------------------------------------------------------------------------------------------------------------------

Report Methodology

Table of Contents
-----------------
1. REPORT SUMMARY
2. REPORT DETAILS

1. REPORT SUMMARY
-----------------
            Netlist: netlist
          Floorplan: design_1
      Design limits: <entire design considered>
             Max violations: <unlimited>
             Violations found: 50
+-----------+----------+-------------------------------+------------+
| Rule      | Severity | Description                   | Violations |
+-----------+----------+-------------------------------+------------+
| TIMING-18 | Warning  | Missing input or output delay | 18         |
| TIMING-20 | Warning  | Non-clocked latch             | 32         |
+-----------+----------+-------------------------------+------------+

2. REPORT DETAILS
-----------------
TIMING-18#1 Warning
Missing input or output delay  
An input delay is missing on MOSI relative to clock(s) sys_clk_pin
Related violations: <none>

TIMING-18#2 Warning
Missing input or output delay  
An input delay is missing on SCLK relative to clock(s) sys_clk_pin
Related violations: <none>

TIMING-18#3 Warning
Missing input or output delay  
An input delay is missing on SS relative to clock(s) sys_clk_pin
Related violations: <none>

TIMING-18#4 Warning
Missing input or output delay  
An input delay is missing on reset relative to clock(s) sys_clk_pin
Related violations: <none>

TIMING-18#5 Warning
Missing input or output delay  
An output delay is missing on MISO relative to clock(s) sys_clk_pin
Related violations: <none>

TIMING-18#6 Warning
Missing input or output delay  
An output delay is missing on fndcomm[0] relative to clock(s) sys_clk_pin
Related violations: <none>

TIMING-18#7 Warning
Missing input or output delay  
An output delay is missing on fndcomm[1] relative to clock(s) sys_clk_pin
Related violations: <none>

TIMING-18#8 Warning
Missing input or output delay  
An output delay is missing on fndcomm[2] relative to clock(s) sys_clk_pin
Related violations: <none>

TIMING-18#9 Warning
Missing input or output delay  
An output delay is missing on fndcomm[3] relative to clock(s) sys_clk_pin
Related violations: <none>

TIMING-18#10 Warning
Missing input or output delay  
An output delay is missing on fndfont[0] relative to clock(s) sys_clk_pin
Related violations: <none>

TIMING-18#11 Warning
Missing input or output delay  
An output delay is missing on fndfont[1] relative to clock(s) sys_clk_pin
Related violations: <none>

TIMING-18#12 Warning
Missing input or output delay  
An output delay is missing on fndfont[2] relative to clock(s) sys_clk_pin
Related violations: <none>

TIMING-18#13 Warning
Missing input or output delay  
An output delay is missing on fndfont[3] relative to clock(s) sys_clk_pin
Related violations: <none>

TIMING-18#14 Warning
Missing input or output delay  
An output delay is missing on fndfont[4] relative to clock(s) sys_clk_pin
Related violations: <none>

TIMING-18#15 Warning
Missing input or output delay  
An output delay is missing on fndfont[5] relative to clock(s) sys_clk_pin
Related violations: <none>

TIMING-18#16 Warning
Missing input or output delay  
An output delay is missing on fndfont[6] relative to clock(s) sys_clk_pin
Related violations: <none>

TIMING-18#17 Warning
Missing input or output delay  
An output delay is missing on fndfont[7] relative to clock(s) sys_clk_pin
Related violations: <none>

TIMING-18#18 Warning
Missing input or output delay  
An output delay is missing on slv_ready relative to clock(s) sys_clk_pin
Related violations: <none>

TIMING-20#1 Warning
Non-clocked latch  
The latch U_SPI_Slave_Reg/slv_reg0_reg[0] cannot be properly analyzed as its control pin U_SPI_Slave_Reg/slv_reg0_reg[0]/G is not reached by a timing clock
Related violations: <none>

TIMING-20#2 Warning
Non-clocked latch  
The latch U_SPI_Slave_Reg/slv_reg0_reg[1] cannot be properly analyzed as its control pin U_SPI_Slave_Reg/slv_reg0_reg[1]/G is not reached by a timing clock
Related violations: <none>

TIMING-20#3 Warning
Non-clocked latch  
The latch U_SPI_Slave_Reg/slv_reg0_reg[2] cannot be properly analyzed as its control pin U_SPI_Slave_Reg/slv_reg0_reg[2]/G is not reached by a timing clock
Related violations: <none>

TIMING-20#4 Warning
Non-clocked latch  
The latch U_SPI_Slave_Reg/slv_reg0_reg[3] cannot be properly analyzed as its control pin U_SPI_Slave_Reg/slv_reg0_reg[3]/G is not reached by a timing clock
Related violations: <none>

TIMING-20#5 Warning
Non-clocked latch  
The latch U_SPI_Slave_Reg/slv_reg0_reg[4] cannot be properly analyzed as its control pin U_SPI_Slave_Reg/slv_reg0_reg[4]/G is not reached by a timing clock
Related violations: <none>

TIMING-20#6 Warning
Non-clocked latch  
The latch U_SPI_Slave_Reg/slv_reg0_reg[5] cannot be properly analyzed as its control pin U_SPI_Slave_Reg/slv_reg0_reg[5]/G is not reached by a timing clock
Related violations: <none>

TIMING-20#7 Warning
Non-clocked latch  
The latch U_SPI_Slave_Reg/slv_reg0_reg[6] cannot be properly analyzed as its control pin U_SPI_Slave_Reg/slv_reg0_reg[6]/G is not reached by a timing clock
Related violations: <none>

TIMING-20#8 Warning
Non-clocked latch  
The latch U_SPI_Slave_Reg/slv_reg0_reg[7] cannot be properly analyzed as its control pin U_SPI_Slave_Reg/slv_reg0_reg[7]/G is not reached by a timing clock
Related violations: <none>

TIMING-20#9 Warning
Non-clocked latch  
The latch U_SPI_Slave_Reg/slv_reg1_reg[0] cannot be properly analyzed as its control pin U_SPI_Slave_Reg/slv_reg1_reg[0]/G is not reached by a timing clock
Related violations: <none>

TIMING-20#10 Warning
Non-clocked latch  
The latch U_SPI_Slave_Reg/slv_reg1_reg[1] cannot be properly analyzed as its control pin U_SPI_Slave_Reg/slv_reg1_reg[1]/G is not reached by a timing clock
Related violations: <none>

TIMING-20#11 Warning
Non-clocked latch  
The latch U_SPI_Slave_Reg/slv_reg1_reg[2] cannot be properly analyzed as its control pin U_SPI_Slave_Reg/slv_reg1_reg[2]/G is not reached by a timing clock
Related violations: <none>

TIMING-20#12 Warning
Non-clocked latch  
The latch U_SPI_Slave_Reg/slv_reg1_reg[3] cannot be properly analyzed as its control pin U_SPI_Slave_Reg/slv_reg1_reg[3]/G is not reached by a timing clock
Related violations: <none>

TIMING-20#13 Warning
Non-clocked latch  
The latch U_SPI_Slave_Reg/slv_reg1_reg[4] cannot be properly analyzed as its control pin U_SPI_Slave_Reg/slv_reg1_reg[4]/G is not reached by a timing clock
Related violations: <none>

TIMING-20#14 Warning
Non-clocked latch  
The latch U_SPI_Slave_Reg/slv_reg1_reg[5] cannot be properly analyzed as its control pin U_SPI_Slave_Reg/slv_reg1_reg[5]/G is not reached by a timing clock
Related violations: <none>

TIMING-20#15 Warning
Non-clocked latch  
The latch U_SPI_Slave_Reg/slv_reg1_reg[6] cannot be properly analyzed as its control pin U_SPI_Slave_Reg/slv_reg1_reg[6]/G is not reached by a timing clock
Related violations: <none>

TIMING-20#16 Warning
Non-clocked latch  
The latch U_SPI_Slave_Reg/slv_reg1_reg[7] cannot be properly analyzed as its control pin U_SPI_Slave_Reg/slv_reg1_reg[7]/G is not reached by a timing clock
Related violations: <none>

TIMING-20#17 Warning
Non-clocked latch  
The latch U_SPI_Slave_Reg/slv_reg2_reg[0] cannot be properly analyzed as its control pin U_SPI_Slave_Reg/slv_reg2_reg[0]/G is not reached by a timing clock
Related violations: <none>

TIMING-20#18 Warning
Non-clocked latch  
The latch U_SPI_Slave_Reg/slv_reg2_reg[1] cannot be properly analyzed as its control pin U_SPI_Slave_Reg/slv_reg2_reg[1]/G is not reached by a timing clock
Related violations: <none>

TIMING-20#19 Warning
Non-clocked latch  
The latch U_SPI_Slave_Reg/slv_reg2_reg[2] cannot be properly analyzed as its control pin U_SPI_Slave_Reg/slv_reg2_reg[2]/G is not reached by a timing clock
Related violations: <none>

TIMING-20#20 Warning
Non-clocked latch  
The latch U_SPI_Slave_Reg/slv_reg2_reg[3] cannot be properly analyzed as its control pin U_SPI_Slave_Reg/slv_reg2_reg[3]/G is not reached by a timing clock
Related violations: <none>

TIMING-20#21 Warning
Non-clocked latch  
The latch U_SPI_Slave_Reg/slv_reg2_reg[4] cannot be properly analyzed as its control pin U_SPI_Slave_Reg/slv_reg2_reg[4]/G is not reached by a timing clock
Related violations: <none>

TIMING-20#22 Warning
Non-clocked latch  
The latch U_SPI_Slave_Reg/slv_reg2_reg[5] cannot be properly analyzed as its control pin U_SPI_Slave_Reg/slv_reg2_reg[5]/G is not reached by a timing clock
Related violations: <none>

TIMING-20#23 Warning
Non-clocked latch  
The latch U_SPI_Slave_Reg/slv_reg2_reg[6] cannot be properly analyzed as its control pin U_SPI_Slave_Reg/slv_reg2_reg[6]/G is not reached by a timing clock
Related violations: <none>

TIMING-20#24 Warning
Non-clocked latch  
The latch U_SPI_Slave_Reg/slv_reg2_reg[7] cannot be properly analyzed as its control pin U_SPI_Slave_Reg/slv_reg2_reg[7]/G is not reached by a timing clock
Related violations: <none>

TIMING-20#25 Warning
Non-clocked latch  
The latch U_SPI_Slave_Reg/slv_reg3_reg[0] cannot be properly analyzed as its control pin U_SPI_Slave_Reg/slv_reg3_reg[0]/G is not reached by a timing clock
Related violations: <none>

TIMING-20#26 Warning
Non-clocked latch  
The latch U_SPI_Slave_Reg/slv_reg3_reg[1] cannot be properly analyzed as its control pin U_SPI_Slave_Reg/slv_reg3_reg[1]/G is not reached by a timing clock
Related violations: <none>

TIMING-20#27 Warning
Non-clocked latch  
The latch U_SPI_Slave_Reg/slv_reg3_reg[2] cannot be properly analyzed as its control pin U_SPI_Slave_Reg/slv_reg3_reg[2]/G is not reached by a timing clock
Related violations: <none>

TIMING-20#28 Warning
Non-clocked latch  
The latch U_SPI_Slave_Reg/slv_reg3_reg[3] cannot be properly analyzed as its control pin U_SPI_Slave_Reg/slv_reg3_reg[3]/G is not reached by a timing clock
Related violations: <none>

TIMING-20#29 Warning
Non-clocked latch  
The latch U_SPI_Slave_Reg/slv_reg3_reg[4] cannot be properly analyzed as its control pin U_SPI_Slave_Reg/slv_reg3_reg[4]/G is not reached by a timing clock
Related violations: <none>

TIMING-20#30 Warning
Non-clocked latch  
The latch U_SPI_Slave_Reg/slv_reg3_reg[5] cannot be properly analyzed as its control pin U_SPI_Slave_Reg/slv_reg3_reg[5]/G is not reached by a timing clock
Related violations: <none>

TIMING-20#31 Warning
Non-clocked latch  
The latch U_SPI_Slave_Reg/slv_reg3_reg[6] cannot be properly analyzed as its control pin U_SPI_Slave_Reg/slv_reg3_reg[6]/G is not reached by a timing clock
Related violations: <none>

TIMING-20#32 Warning
Non-clocked latch  
The latch U_SPI_Slave_Reg/slv_reg3_reg[7] cannot be properly analyzed as its control pin U_SPI_Slave_Reg/slv_reg3_reg[7]/G is not reached by a timing clock
Related violations: <none>


