Copyright 1986-2020 Xilinx, Inc. All Rights Reserved.
--------------------------------------------------------------------------------------
| Tool Version : Vivado v.2020.2 (win64) Build 3064766 Wed Nov 18 09:12:45 MST 2020
| Date         : Fri May 23 11:35:17 2025
| Host         : DESKTOP-7CFQ9ND running 64-bit major release  (build 9200)
| Command      : report_control_sets -verbose -file SPI_Slave_control_sets_placed.rpt
| Design       : SPI_Slave
| Device       : xc7a35t
--------------------------------------------------------------------------------------

Control Set Information

Table of Contents
-----------------
1. Summary
2. Histogram
3. Flip-Flop Distribution
4. Detailed Control Set Information

1. Summary
----------

+----------------------------------------------------------+-------+
|                          Status                          | Count |
+----------------------------------------------------------+-------+
| Total control sets                                       |     8 |
|    Minimum number of control sets                        |     8 |
|    Addition due to synthesis replication                 |     0 |
|    Addition due to physical synthesis replication        |     0 |
| Unused register locations in slices containing registers |    13 |
+----------------------------------------------------------+-------+
* Control sets can be merged at opt_design using control_set_merge or merge_equivalent_drivers
** Run report_qor_suggestions for automated merging and remapping suggestions


2. Histogram
------------

+--------------------+-------+
|       Fanout       | Count |
+--------------------+-------+
| Total control sets |     8 |
| >= 0 to < 4        |     0 |
| >= 4 to < 6        |     1 |
| >= 6 to < 8        |     0 |
| >= 8 to < 10       |     5 |
| >= 10 to < 12      |     1 |
| >= 12 to < 14      |     0 |
| >= 14 to < 16      |     0 |
| >= 16              |     1 |
+--------------------+-------+
* Control sets can be remapped at either synth_design or opt_design


3. Flip-Flop Distribution
-------------------------

+--------------+-----------------------+------------------------+-----------------+--------------+
| Clock Enable | Synchronous Set/Reset | Asynchronous Set/Reset | Total Registers | Total Slices |
+--------------+-----------------------+------------------------+-----------------+--------------+
| No           | No                    | No                     |              32 |           12 |
| No           | No                    | Yes                    |              27 |            8 |
| No           | Yes                   | No                     |               0 |            0 |
| Yes          | No                    | No                     |               0 |            0 |
| Yes          | No                    | Yes                    |              24 |            5 |
| Yes          | Yes                   | No                     |               0 |            0 |
+--------------+-----------------------+------------------------+-----------------+--------------+


4. Detailed Control Set Information
-----------------------------------

+---------------------------+----------------------------------------------+------------------+------------------+----------------+--------------+
|        Clock Signal       |                 Enable Signal                | Set/Reset Signal | Slice Load Count | Bel Load Count | Bels / Slice |
+---------------------------+----------------------------------------------+------------------+------------------+----------------+--------------+
|  clk_IBUF_BUFG            | U_SPI_Slave_Reg/FSM_onehot_state[4]_i_1_n_0  | reset_IBUF       |                1 |              5 |         5.00 |
|  U_SPI_Slave_Reg/slv_reg2 |                                              |                  |                3 |              8 |         2.67 |
|  U_SPI_Slave_Reg/slv_reg0 |                                              |                  |                3 |              8 |         2.67 |
|  U_SPI_Slave_Reg/slv_reg1 |                                              |                  |                3 |              8 |         2.67 |
|  U_SPI_Slave_Reg/slv_reg3 |                                              |                  |                3 |              8 |         2.67 |
|  clk_IBUF_BUFG            | U_SPI_Slave_Intf/si_data_reg[7]_i_1_n_0      | reset_IBUF       |                1 |              8 |         8.00 |
|  clk_IBUF_BUFG            | U_SPI_Slave_Intf/so_bit_count_reg[2]_i_1_n_0 | reset_IBUF       |                3 |             11 |         3.67 |
|  clk_IBUF_BUFG            |                                              | reset_IBUF       |                8 |             27 |         3.38 |
+---------------------------+----------------------------------------------+------------------+------------------+----------------+--------------+


