Copyright 1986-2020 Xilinx, Inc. All Rights Reserved.
--------------------------------------------------------------------------------------------------------------------------------------------------------------------------------------------------
| Tool Version : Vivado v.2020.2 (win64) Build 3064766 Wed Nov 18 09:12:45 MST 2020
| Date         : Mon May 26 11:22:15 2025
| Host         : DESKTOP-7CFQ9ND running 64-bit major release  (build 9200)
| Command      : report_timing_summary -max_paths 10 -file SPI_Slave_timing_summary_routed.rpt -pb SPI_Slave_timing_summary_routed.pb -rpx SPI_Slave_timing_summary_routed.rpx -warn_on_violation
| Design       : SPI_Slave
| Device       : 7a35t-cpg236
| Speed File   : -1  PRODUCTION 1.23 2018-06-13
--------------------------------------------------------------------------------------------------------------------------------------------------------------------------------------------------

Timing Summary Report

------------------------------------------------------------------------------------------------
| Timer Settings
| --------------
------------------------------------------------------------------------------------------------

  Enable Multi Corner Analysis               :  Yes
  Enable Pessimism Removal                   :  Yes
  Pessimism Removal Resolution               :  Nearest Common Node
  Enable Input Delay Default Clock           :  No
  Enable Preset / Clear Arcs                 :  No
  Disable Flight Delays                      :  No
  Ignore I/O Paths                           :  No
  Timing Early Launch at Borrowing Latches   :  No
  Borrow Time for Max Delay Exceptions       :  Yes
  Merge Timing Exceptions                    :  Yes

  Corner  Analyze    Analyze    
  Name    Max Paths  Min Paths  
  ------  ---------  ---------  
  Slow    Yes        Yes        
  Fast    Yes        Yes        



check_timing report

Table of Contents
-----------------
1. checking no_clock (160)
2. checking constant_clock (0)
3. checking pulse_width_clock (0)
4. checking unconstrained_internal_endpoints (32)
5. checking no_input_delay (4)
6. checking no_output_delay (14)
7. checking multiple_clock (0)
8. checking generated_clocks (0)
9. checking loops (0)
10. checking partial_input_delay (0)
11. checking partial_output_delay (0)
12. checking latch_loops (0)

1. checking no_clock (160)
--------------------------
 There are 32 register/latch pins with no clock driven by root clock pin: SS (HIGH)

 There are 32 register/latch pins with no clock driven by root clock pin: U_SPI_Slave_Intf/si_done_reg_reg/Q (HIGH)

 There are 32 register/latch pins with no clock driven by root clock pin: U_SPI_Slave_Reg/FSM_onehot_state_reg[2]/Q (HIGH)

 There are 32 register/latch pins with no clock driven by root clock pin: U_SPI_Slave_Reg/addr_reg_reg[0]/Q (HIGH)

 There are 32 register/latch pins with no clock driven by root clock pin: U_SPI_Slave_Reg/addr_reg_reg[1]/Q (HIGH)


2. checking constant_clock (0)
------------------------------
 There are 0 register/latch pins with constant_clock.


3. checking pulse_width_clock (0)
---------------------------------
 There are 0 register/latch pins which need pulse_width check


4. checking unconstrained_internal_endpoints (32)
-------------------------------------------------
 There are 32 pins that are not constrained for maximum delay. (HIGH)

 There are 0 pins that are not constrained for maximum delay due to constant clock.


5. checking no_input_delay (4)
------------------------------
 There are 4 input ports with no input delay specified. (HIGH)

 There are 0 input ports with no input delay but user has a false path constraint.


6. checking no_output_delay (14)
--------------------------------
 There are 14 ports with no output delay specified. (HIGH)

 There are 0 ports with no output delay but user has a false path constraint

 There are 0 ports with no output delay but with a timing clock defined on it or propagating through it


7. checking multiple_clock (0)
------------------------------
 There are 0 register/latch pins with multiple clocks.


8. checking generated_clocks (0)
--------------------------------
 There are 0 generated clocks that are not connected to a clock source.


9. checking loops (0)
---------------------
 There are 0 combinational loops in the design.


10. checking partial_input_delay (0)
------------------------------------
 There are 0 input ports with partial input delay specified.


11. checking partial_output_delay (0)
-------------------------------------
 There are 0 ports with partial output delay specified.


12. checking latch_loops (0)
----------------------------
 There are 0 combinational latch loops in the design through latch input



------------------------------------------------------------------------------------------------
| Design Timing Summary
| ---------------------
------------------------------------------------------------------------------------------------

    WNS(ns)      TNS(ns)  TNS Failing Endpoints  TNS Total Endpoints      WHS(ns)      THS(ns)  THS Failing Endpoints  THS Total Endpoints     WPWS(ns)     TPWS(ns)  TPWS Failing Endpoints  TPWS Total Endpoints  
    -------      -------  ---------------------  -------------------      -------      -------  ---------------------  -------------------     --------     --------  ----------------------  --------------------  
      7.031        0.000                      0                   74        0.136        0.000                      0                   74        4.500        0.000                       0                    53  


All user specified timing constraints are met.


------------------------------------------------------------------------------------------------
| Clock Summary
| -------------
------------------------------------------------------------------------------------------------

Clock        Waveform(ns)       Period(ns)      Frequency(MHz)
-----        ------------       ----------      --------------
sys_clk_pin  {0.000 5.000}      10.000          100.000         


------------------------------------------------------------------------------------------------
| Intra Clock Table
| -----------------
------------------------------------------------------------------------------------------------

Clock             WNS(ns)      TNS(ns)  TNS Failing Endpoints  TNS Total Endpoints      WHS(ns)      THS(ns)  THS Failing Endpoints  THS Total Endpoints     WPWS(ns)     TPWS(ns)  TPWS Failing Endpoints  TPWS Total Endpoints  
-----             -------      -------  ---------------------  -------------------      -------      -------  ---------------------  -------------------     --------     --------  ----------------------  --------------------  
sys_clk_pin         7.031        0.000                      0                   74        0.136        0.000                      0                   74        4.500        0.000                       0                    53  


------------------------------------------------------------------------------------------------
| Inter Clock Table
| -----------------
------------------------------------------------------------------------------------------------

From Clock    To Clock          WNS(ns)      TNS(ns)  TNS Failing Endpoints  TNS Total Endpoints      WHS(ns)      THS(ns)  THS Failing Endpoints  THS Total Endpoints  
----------    --------          -------      -------  ---------------------  -------------------      -------      -------  ---------------------  -------------------  


------------------------------------------------------------------------------------------------
| Other Path Groups Table
| -----------------------
------------------------------------------------------------------------------------------------

Path Group    From Clock    To Clock          WNS(ns)      TNS(ns)  TNS Failing Endpoints  TNS Total Endpoints      WHS(ns)      THS(ns)  THS Failing Endpoints  THS Total Endpoints  
----------    ----------    --------          -------      -------  ---------------------  -------------------      -------      -------  ---------------------  -------------------  


------------------------------------------------------------------------------------------------
| Timing Details
| --------------
------------------------------------------------------------------------------------------------


---------------------------------------------------------------------------------------------------
From Clock:  sys_clk_pin
  To Clock:  sys_clk_pin

Setup :            0  Failing Endpoints,  Worst Slack        7.031ns,  Total Violation        0.000ns
Hold  :            0  Failing Endpoints,  Worst Slack        0.136ns,  Total Violation        0.000ns
PW    :            0  Failing Endpoints,  Worst Slack        4.500ns,  Total Violation        0.000ns
---------------------------------------------------------------------------------------------------


Max Delay Paths
--------------------------------------------------------------------------------------
Slack (MET) :             7.031ns  (required time - arrival time)
  Source:                 U_fnd/U_clk_div_1khz/div_counter_reg[9]/C
                            (rising edge-triggered cell FDCE clocked by sys_clk_pin  {rise@0.000ns fall@5.000ns period=10.000ns})
  Destination:            U_fnd/U_clk_div_1khz/div_counter_reg[7]/D
                            (rising edge-triggered cell FDCE clocked by sys_clk_pin  {rise@0.000ns fall@5.000ns period=10.000ns})
  Path Group:             sys_clk_pin
  Path Type:              Setup (Max at Slow Process Corner)
  Requirement:            10.000ns  (sys_clk_pin rise@10.000ns - sys_clk_pin rise@0.000ns)
  Data Path Delay:        2.991ns  (logic 1.078ns (36.047%)  route 1.913ns (63.953%))
  Logic Levels:           2  (LUT4=1 LUT6=1)
  Clock Path Skew:        -0.022ns (DCD - SCD + CPR)
    Destination Clock Delay (DCD):    4.844ns = ( 14.844 - 10.000 ) 
    Source Clock Delay      (SCD):    5.140ns
    Clock Pessimism Removal (CPR):    0.274ns
  Clock Uncertainty:      0.035ns  ((TSJ^2 + TIJ^2)^1/2 + DJ) / 2 + PE
    Total System Jitter     (TSJ):    0.071ns
    Total Input Jitter      (TIJ):    0.000ns
    Discrete Jitter          (DJ):    0.000ns
    Phase Error              (PE):    0.000ns

    Location             Delay type                Incr(ns)  Path(ns)    Netlist Resource(s)
  -------------------------------------------------------------------    -------------------
                         (clock sys_clk_pin rise edge)
                                                      0.000     0.000 r  
    W5                                                0.000     0.000 r  clk (IN)
                         net (fo=0)                   0.000     0.000    clk
    W5                   IBUF (Prop_ibuf_I_O)         1.458     1.458 r  clk_IBUF_inst/O
                         net (fo=1, routed)           1.967     3.425    clk_IBUF
    BUFGCTRL_X0Y0        BUFG (Prop_bufg_I_O)         0.096     3.521 r  clk_IBUF_BUFG_inst/O
                         net (fo=52, routed)          1.619     5.140    U_fnd/U_clk_div_1khz/clk_IBUF_BUFG
    SLICE_X58Y26         FDCE                                         r  U_fnd/U_clk_div_1khz/div_counter_reg[9]/C
  -------------------------------------------------------------------    -------------------
    SLICE_X58Y26         FDCE (Prop_fdce_C_Q)         0.419     5.559 f  U_fnd/U_clk_div_1khz/div_counter_reg[9]/Q
                         net (fo=5, routed)           1.304     6.863    U_fnd/U_clk_div_1khz/div_counter[9]
    SLICE_X58Y26         LUT4 (Prop_lut4_I1_O)        0.327     7.190 r  U_fnd/U_clk_div_1khz/div_counter[7]_i_2/O
                         net (fo=3, routed)           0.609     7.799    U_fnd/U_clk_div_1khz/div_counter[7]_i_2_n_0
    SLICE_X60Y26         LUT6 (Prop_lut6_I4_O)        0.332     8.131 r  U_fnd/U_clk_div_1khz/div_counter[7]_i_1/O
                         net (fo=1, routed)           0.000     8.131    U_fnd/U_clk_div_1khz/div_counter_0[7]
    SLICE_X60Y26         FDCE                                         r  U_fnd/U_clk_div_1khz/div_counter_reg[7]/D
  -------------------------------------------------------------------    -------------------

                         (clock sys_clk_pin rise edge)
                                                     10.000    10.000 r  
    W5                                                0.000    10.000 r  clk (IN)
                         net (fo=0)                   0.000    10.000    clk
    W5                   IBUF (Prop_ibuf_I_O)         1.388    11.388 r  clk_IBUF_inst/O
                         net (fo=1, routed)           1.862    13.250    clk_IBUF
    BUFGCTRL_X0Y0        BUFG (Prop_bufg_I_O)         0.091    13.341 r  clk_IBUF_BUFG_inst/O
                         net (fo=52, routed)          1.503    14.844    U_fnd/U_clk_div_1khz/clk_IBUF_BUFG
    SLICE_X60Y26         FDCE                                         r  U_fnd/U_clk_div_1khz/div_counter_reg[7]/C
                         clock pessimism              0.274    15.118    
                         clock uncertainty           -0.035    15.083    
    SLICE_X60Y26         FDCE (Setup_fdce_C_D)        0.079    15.162    U_fnd/U_clk_div_1khz/div_counter_reg[7]
  -------------------------------------------------------------------
                         required time                         15.162    
                         arrival time                          -8.131    
  -------------------------------------------------------------------
                         slack                                  7.031    

Slack (MET) :             7.033ns  (required time - arrival time)
  Source:                 U_fnd/U_clk_div_1khz/div_counter_reg[9]/C
                            (rising edge-triggered cell FDCE clocked by sys_clk_pin  {rise@0.000ns fall@5.000ns period=10.000ns})
  Destination:            U_fnd/U_clk_div_1khz/div_counter_reg[6]/D
                            (rising edge-triggered cell FDCE clocked by sys_clk_pin  {rise@0.000ns fall@5.000ns period=10.000ns})
  Path Group:             sys_clk_pin
  Path Type:              Setup (Max at Slow Process Corner)
  Requirement:            10.000ns  (sys_clk_pin rise@10.000ns - sys_clk_pin rise@0.000ns)
  Data Path Delay:        2.991ns  (logic 1.078ns (36.047%)  route 1.913ns (63.953%))
  Logic Levels:           2  (LUT4=1 LUT6=1)
  Clock Path Skew:        -0.022ns (DCD - SCD + CPR)
    Destination Clock Delay (DCD):    4.844ns = ( 14.844 - 10.000 ) 
    Source Clock Delay      (SCD):    5.140ns
    Clock Pessimism Removal (CPR):    0.274ns
  Clock Uncertainty:      0.035ns  ((TSJ^2 + TIJ^2)^1/2 + DJ) / 2 + PE
    Total System Jitter     (TSJ):    0.071ns
    Total Input Jitter      (TIJ):    0.000ns
    Discrete Jitter          (DJ):    0.000ns
    Phase Error              (PE):    0.000ns

    Location             Delay type                Incr(ns)  Path(ns)    Netlist Resource(s)
  -------------------------------------------------------------------    -------------------
                         (clock sys_clk_pin rise edge)
                                                      0.000     0.000 r  
    W5                                                0.000     0.000 r  clk (IN)
                         net (fo=0)                   0.000     0.000    clk
    W5                   IBUF (Prop_ibuf_I_O)         1.458     1.458 r  clk_IBUF_inst/O
                         net (fo=1, routed)           1.967     3.425    clk_IBUF
    BUFGCTRL_X0Y0        BUFG (Prop_bufg_I_O)         0.096     3.521 r  clk_IBUF_BUFG_inst/O
                         net (fo=52, routed)          1.619     5.140    U_fnd/U_clk_div_1khz/clk_IBUF_BUFG
    SLICE_X58Y26         FDCE                                         r  U_fnd/U_clk_div_1khz/div_counter_reg[9]/C
  -------------------------------------------------------------------    -------------------
    SLICE_X58Y26         FDCE (Prop_fdce_C_Q)         0.419     5.559 f  U_fnd/U_clk_div_1khz/div_counter_reg[9]/Q
                         net (fo=5, routed)           1.304     6.863    U_fnd/U_clk_div_1khz/div_counter[9]
    SLICE_X58Y26         LUT4 (Prop_lut4_I1_O)        0.327     7.190 r  U_fnd/U_clk_div_1khz/div_counter[7]_i_2/O
                         net (fo=3, routed)           0.609     7.799    U_fnd/U_clk_div_1khz/div_counter[7]_i_2_n_0
    SLICE_X60Y26         LUT6 (Prop_lut6_I4_O)        0.332     8.131 r  U_fnd/U_clk_div_1khz/div_counter[6]_i_1/O
                         net (fo=1, routed)           0.000     8.131    U_fnd/U_clk_div_1khz/div_counter_0[6]
    SLICE_X60Y26         FDCE                                         r  U_fnd/U_clk_div_1khz/div_counter_reg[6]/D
  -------------------------------------------------------------------    -------------------

                         (clock sys_clk_pin rise edge)
                                                     10.000    10.000 r  
    W5                                                0.000    10.000 r  clk (IN)
                         net (fo=0)                   0.000    10.000    clk
    W5                   IBUF (Prop_ibuf_I_O)         1.388    11.388 r  clk_IBUF_inst/O
                         net (fo=1, routed)           1.862    13.250    clk_IBUF
    BUFGCTRL_X0Y0        BUFG (Prop_bufg_I_O)         0.091    13.341 r  clk_IBUF_BUFG_inst/O
                         net (fo=52, routed)          1.503    14.844    U_fnd/U_clk_div_1khz/clk_IBUF_BUFG
    SLICE_X60Y26         FDCE                                         r  U_fnd/U_clk_div_1khz/div_counter_reg[6]/C
                         clock pessimism              0.274    15.118    
                         clock uncertainty           -0.035    15.083    
    SLICE_X60Y26         FDCE (Setup_fdce_C_D)        0.081    15.164    U_fnd/U_clk_div_1khz/div_counter_reg[6]
  -------------------------------------------------------------------
                         required time                         15.164    
                         arrival time                          -8.131    
  -------------------------------------------------------------------
                         slack                                  7.033    

Slack (MET) :             7.169ns  (required time - arrival time)
  Source:                 U_SPI_Slave_Intf/sclk_sync1_reg/C
                            (rising edge-triggered cell FDCE clocked by sys_clk_pin  {rise@0.000ns fall@5.000ns period=10.000ns})
  Destination:            U_SPI_Slave_Intf/so_data_reg_reg[7]/CE
                            (rising edge-triggered cell FDCE clocked by sys_clk_pin  {rise@0.000ns fall@5.000ns period=10.000ns})
  Path Group:             sys_clk_pin
  Path Type:              Setup (Max at Slow Process Corner)
  Requirement:            10.000ns  (sys_clk_pin rise@10.000ns - sys_clk_pin rise@0.000ns)
  Data Path Delay:        2.566ns  (logic 0.718ns (27.983%)  route 1.848ns (72.017%))
  Logic Levels:           1  (LUT6=1)
  Clock Path Skew:        -0.025ns (DCD - SCD + CPR)
    Destination Clock Delay (DCD):    4.845ns = ( 14.845 - 10.000 ) 
    Source Clock Delay      (SCD):    5.144ns
    Clock Pessimism Removal (CPR):    0.274ns
  Clock Uncertainty:      0.035ns  ((TSJ^2 + TIJ^2)^1/2 + DJ) / 2 + PE
    Total System Jitter     (TSJ):    0.071ns
    Total Input Jitter      (TIJ):    0.000ns
    Discrete Jitter          (DJ):    0.000ns
    Phase Error              (PE):    0.000ns

    Location             Delay type                Incr(ns)  Path(ns)    Netlist Resource(s)
  -------------------------------------------------------------------    -------------------
                         (clock sys_clk_pin rise edge)
                                                      0.000     0.000 r  
    W5                                                0.000     0.000 r  clk (IN)
                         net (fo=0)                   0.000     0.000    clk
    W5                   IBUF (Prop_ibuf_I_O)         1.458     1.458 r  clk_IBUF_inst/O
                         net (fo=1, routed)           1.967     3.425    clk_IBUF
    BUFGCTRL_X0Y0        BUFG (Prop_bufg_I_O)         0.096     3.521 r  clk_IBUF_BUFG_inst/O
                         net (fo=52, routed)          1.623     5.144    U_SPI_Slave_Intf/clk_IBUF_BUFG
    SLICE_X61Y28         FDCE                                         r  U_SPI_Slave_Intf/sclk_sync1_reg/C
  -------------------------------------------------------------------    -------------------
    SLICE_X61Y28         FDCE (Prop_fdce_C_Q)         0.419     5.563 r  U_SPI_Slave_Intf/sclk_sync1_reg/Q
                         net (fo=8, routed)           1.268     6.831    U_SPI_Slave_Intf/sclk_sync1
    SLICE_X61Y27         LUT6 (Prop_lut6_I3_O)        0.299     7.130 r  U_SPI_Slave_Intf/so_bit_count_reg[2]_i_1/O
                         net (fo=11, routed)          0.580     7.710    U_SPI_Slave_Intf/so_bit_count_reg[2]_i_1_n_0
    SLICE_X61Y27         FDCE                                         r  U_SPI_Slave_Intf/so_data_reg_reg[7]/CE
  -------------------------------------------------------------------    -------------------

                         (clock sys_clk_pin rise edge)
                                                     10.000    10.000 r  
    W5                                                0.000    10.000 r  clk (IN)
                         net (fo=0)                   0.000    10.000    clk
    W5                   IBUF (Prop_ibuf_I_O)         1.388    11.388 r  clk_IBUF_inst/O
                         net (fo=1, routed)           1.862    13.250    clk_IBUF
    BUFGCTRL_X0Y0        BUFG (Prop_bufg_I_O)         0.091    13.341 r  clk_IBUF_BUFG_inst/O
                         net (fo=52, routed)          1.504    14.845    U_SPI_Slave_Intf/clk_IBUF_BUFG
    SLICE_X61Y27         FDCE                                         r  U_SPI_Slave_Intf/so_data_reg_reg[7]/C
                         clock pessimism              0.274    15.119    
                         clock uncertainty           -0.035    15.084    
    SLICE_X61Y27         FDCE (Setup_fdce_C_CE)      -0.205    14.879    U_SPI_Slave_Intf/so_data_reg_reg[7]
  -------------------------------------------------------------------
                         required time                         14.879    
                         arrival time                          -7.710    
  -------------------------------------------------------------------
                         slack                                  7.169    

Slack (MET) :             7.173ns  (required time - arrival time)
  Source:                 U_SPI_Slave_Intf/sclk_sync1_reg/C
                            (rising edge-triggered cell FDCE clocked by sys_clk_pin  {rise@0.000ns fall@5.000ns period=10.000ns})
  Destination:            U_SPI_Slave_Intf/so_data_reg_reg[0]/CE
                            (rising edge-triggered cell FDCE clocked by sys_clk_pin  {rise@0.000ns fall@5.000ns period=10.000ns})
  Path Group:             sys_clk_pin
  Path Type:              Setup (Max at Slow Process Corner)
  Requirement:            10.000ns  (sys_clk_pin rise@10.000ns - sys_clk_pin rise@0.000ns)
  Data Path Delay:        2.547ns  (logic 0.718ns (28.187%)  route 1.829ns (71.813%))
  Logic Levels:           1  (LUT6=1)
  Clock Path Skew:        -0.039ns (DCD - SCD + CPR)
    Destination Clock Delay (DCD):    4.845ns = ( 14.845 - 10.000 ) 
    Source Clock Delay      (SCD):    5.144ns
    Clock Pessimism Removal (CPR):    0.260ns
  Clock Uncertainty:      0.035ns  ((TSJ^2 + TIJ^2)^1/2 + DJ) / 2 + PE
    Total System Jitter     (TSJ):    0.071ns
    Total Input Jitter      (TIJ):    0.000ns
    Discrete Jitter          (DJ):    0.000ns
    Phase Error              (PE):    0.000ns

    Location             Delay type                Incr(ns)  Path(ns)    Netlist Resource(s)
  -------------------------------------------------------------------    -------------------
                         (clock sys_clk_pin rise edge)
                                                      0.000     0.000 r  
    W5                                                0.000     0.000 r  clk (IN)
                         net (fo=0)                   0.000     0.000    clk
    W5                   IBUF (Prop_ibuf_I_O)         1.458     1.458 r  clk_IBUF_inst/O
                         net (fo=1, routed)           1.967     3.425    clk_IBUF
    BUFGCTRL_X0Y0        BUFG (Prop_bufg_I_O)         0.096     3.521 r  clk_IBUF_BUFG_inst/O
                         net (fo=52, routed)          1.623     5.144    U_SPI_Slave_Intf/clk_IBUF_BUFG
    SLICE_X61Y28         FDCE                                         r  U_SPI_Slave_Intf/sclk_sync1_reg/C
  -------------------------------------------------------------------    -------------------
    SLICE_X61Y28         FDCE (Prop_fdce_C_Q)         0.419     5.563 r  U_SPI_Slave_Intf/sclk_sync1_reg/Q
                         net (fo=8, routed)           1.268     6.831    U_SPI_Slave_Intf/sclk_sync1
    SLICE_X61Y27         LUT6 (Prop_lut6_I3_O)        0.299     7.130 r  U_SPI_Slave_Intf/so_bit_count_reg[2]_i_1/O
                         net (fo=11, routed)          0.562     7.692    U_SPI_Slave_Intf/so_bit_count_reg[2]_i_1_n_0
    SLICE_X62Y26         FDCE                                         r  U_SPI_Slave_Intf/so_data_reg_reg[0]/CE
  -------------------------------------------------------------------    -------------------

                         (clock sys_clk_pin rise edge)
                                                     10.000    10.000 r  
    W5                                                0.000    10.000 r  clk (IN)
                         net (fo=0)                   0.000    10.000    clk
    W5                   IBUF (Prop_ibuf_I_O)         1.388    11.388 r  clk_IBUF_inst/O
                         net (fo=1, routed)           1.862    13.250    clk_IBUF
    BUFGCTRL_X0Y0        BUFG (Prop_bufg_I_O)         0.091    13.341 r  clk_IBUF_BUFG_inst/O
                         net (fo=52, routed)          1.504    14.845    U_SPI_Slave_Intf/clk_IBUF_BUFG
    SLICE_X62Y26         FDCE                                         r  U_SPI_Slave_Intf/so_data_reg_reg[0]/C
                         clock pessimism              0.260    15.105    
                         clock uncertainty           -0.035    15.070    
    SLICE_X62Y26         FDCE (Setup_fdce_C_CE)      -0.205    14.865    U_SPI_Slave_Intf/so_data_reg_reg[0]
  -------------------------------------------------------------------
                         required time                         14.865    
                         arrival time                          -7.692    
  -------------------------------------------------------------------
                         slack                                  7.173    

Slack (MET) :             7.173ns  (required time - arrival time)
  Source:                 U_SPI_Slave_Intf/sclk_sync1_reg/C
                            (rising edge-triggered cell FDCE clocked by sys_clk_pin  {rise@0.000ns fall@5.000ns period=10.000ns})
  Destination:            U_SPI_Slave_Intf/so_data_reg_reg[1]/CE
                            (rising edge-triggered cell FDCE clocked by sys_clk_pin  {rise@0.000ns fall@5.000ns period=10.000ns})
  Path Group:             sys_clk_pin
  Path Type:              Setup (Max at Slow Process Corner)
  Requirement:            10.000ns  (sys_clk_pin rise@10.000ns - sys_clk_pin rise@0.000ns)
  Data Path Delay:        2.547ns  (logic 0.718ns (28.187%)  route 1.829ns (71.813%))
  Logic Levels:           1  (LUT6=1)
  Clock Path Skew:        -0.039ns (DCD - SCD + CPR)
    Destination Clock Delay (DCD):    4.845ns = ( 14.845 - 10.000 ) 
    Source Clock Delay      (SCD):    5.144ns
    Clock Pessimism Removal (CPR):    0.260ns
  Clock Uncertainty:      0.035ns  ((TSJ^2 + TIJ^2)^1/2 + DJ) / 2 + PE
    Total System Jitter     (TSJ):    0.071ns
    Total Input Jitter      (TIJ):    0.000ns
    Discrete Jitter          (DJ):    0.000ns
    Phase Error              (PE):    0.000ns

    Location             Delay type                Incr(ns)  Path(ns)    Netlist Resource(s)
  -------------------------------------------------------------------    -------------------
                         (clock sys_clk_pin rise edge)
                                                      0.000     0.000 r  
    W5                                                0.000     0.000 r  clk (IN)
                         net (fo=0)                   0.000     0.000    clk
    W5                   IBUF (Prop_ibuf_I_O)         1.458     1.458 r  clk_IBUF_inst/O
                         net (fo=1, routed)           1.967     3.425    clk_IBUF
    BUFGCTRL_X0Y0        BUFG (Prop_bufg_I_O)         0.096     3.521 r  clk_IBUF_BUFG_inst/O
                         net (fo=52, routed)          1.623     5.144    U_SPI_Slave_Intf/clk_IBUF_BUFG
    SLICE_X61Y28         FDCE                                         r  U_SPI_Slave_Intf/sclk_sync1_reg/C
  -------------------------------------------------------------------    -------------------
    SLICE_X61Y28         FDCE (Prop_fdce_C_Q)         0.419     5.563 r  U_SPI_Slave_Intf/sclk_sync1_reg/Q
                         net (fo=8, routed)           1.268     6.831    U_SPI_Slave_Intf/sclk_sync1
    SLICE_X61Y27         LUT6 (Prop_lut6_I3_O)        0.299     7.130 r  U_SPI_Slave_Intf/so_bit_count_reg[2]_i_1/O
                         net (fo=11, routed)          0.562     7.692    U_SPI_Slave_Intf/so_bit_count_reg[2]_i_1_n_0
    SLICE_X62Y26         FDCE                                         r  U_SPI_Slave_Intf/so_data_reg_reg[1]/CE
  -------------------------------------------------------------------    -------------------

                         (clock sys_clk_pin rise edge)
                                                     10.000    10.000 r  
    W5                                                0.000    10.000 r  clk (IN)
                         net (fo=0)                   0.000    10.000    clk
    W5                   IBUF (Prop_ibuf_I_O)         1.388    11.388 r  clk_IBUF_inst/O
                         net (fo=1, routed)           1.862    13.250    clk_IBUF
    BUFGCTRL_X0Y0        BUFG (Prop_bufg_I_O)         0.091    13.341 r  clk_IBUF_BUFG_inst/O
                         net (fo=52, routed)          1.504    14.845    U_SPI_Slave_Intf/clk_IBUF_BUFG
    SLICE_X62Y26         FDCE                                         r  U_SPI_Slave_Intf/so_data_reg_reg[1]/C
                         clock pessimism              0.260    15.105    
                         clock uncertainty           -0.035    15.070    
    SLICE_X62Y26         FDCE (Setup_fdce_C_CE)      -0.205    14.865    U_SPI_Slave_Intf/so_data_reg_reg[1]
  -------------------------------------------------------------------
                         required time                         14.865    
                         arrival time                          -7.692    
  -------------------------------------------------------------------
                         slack                                  7.173    

Slack (MET) :             7.173ns  (required time - arrival time)
  Source:                 U_SPI_Slave_Intf/sclk_sync1_reg/C
                            (rising edge-triggered cell FDCE clocked by sys_clk_pin  {rise@0.000ns fall@5.000ns period=10.000ns})
  Destination:            U_SPI_Slave_Intf/so_data_reg_reg[6]/CE
                            (rising edge-triggered cell FDCE clocked by sys_clk_pin  {rise@0.000ns fall@5.000ns period=10.000ns})
  Path Group:             sys_clk_pin
  Path Type:              Setup (Max at Slow Process Corner)
  Requirement:            10.000ns  (sys_clk_pin rise@10.000ns - sys_clk_pin rise@0.000ns)
  Data Path Delay:        2.547ns  (logic 0.718ns (28.187%)  route 1.829ns (71.813%))
  Logic Levels:           1  (LUT6=1)
  Clock Path Skew:        -0.039ns (DCD - SCD + CPR)
    Destination Clock Delay (DCD):    4.845ns = ( 14.845 - 10.000 ) 
    Source Clock Delay      (SCD):    5.144ns
    Clock Pessimism Removal (CPR):    0.260ns
  Clock Uncertainty:      0.035ns  ((TSJ^2 + TIJ^2)^1/2 + DJ) / 2 + PE
    Total System Jitter     (TSJ):    0.071ns
    Total Input Jitter      (TIJ):    0.000ns
    Discrete Jitter          (DJ):    0.000ns
    Phase Error              (PE):    0.000ns

    Location             Delay type                Incr(ns)  Path(ns)    Netlist Resource(s)
  -------------------------------------------------------------------    -------------------
                         (clock sys_clk_pin rise edge)
                                                      0.000     0.000 r  
    W5                                                0.000     0.000 r  clk (IN)
                         net (fo=0)                   0.000     0.000    clk
    W5                   IBUF (Prop_ibuf_I_O)         1.458     1.458 r  clk_IBUF_inst/O
                         net (fo=1, routed)           1.967     3.425    clk_IBUF
    BUFGCTRL_X0Y0        BUFG (Prop_bufg_I_O)         0.096     3.521 r  clk_IBUF_BUFG_inst/O
                         net (fo=52, routed)          1.623     5.144    U_SPI_Slave_Intf/clk_IBUF_BUFG
    SLICE_X61Y28         FDCE                                         r  U_SPI_Slave_Intf/sclk_sync1_reg/C
  -------------------------------------------------------------------    -------------------
    SLICE_X61Y28         FDCE (Prop_fdce_C_Q)         0.419     5.563 r  U_SPI_Slave_Intf/sclk_sync1_reg/Q
                         net (fo=8, routed)           1.268     6.831    U_SPI_Slave_Intf/sclk_sync1
    SLICE_X61Y27         LUT6 (Prop_lut6_I3_O)        0.299     7.130 r  U_SPI_Slave_Intf/so_bit_count_reg[2]_i_1/O
                         net (fo=11, routed)          0.562     7.692    U_SPI_Slave_Intf/so_bit_count_reg[2]_i_1_n_0
    SLICE_X62Y26         FDCE                                         r  U_SPI_Slave_Intf/so_data_reg_reg[6]/CE
  -------------------------------------------------------------------    -------------------

                         (clock sys_clk_pin rise edge)
                                                     10.000    10.000 r  
    W5                                                0.000    10.000 r  clk (IN)
                         net (fo=0)                   0.000    10.000    clk
    W5                   IBUF (Prop_ibuf_I_O)         1.388    11.388 r  clk_IBUF_inst/O
                         net (fo=1, routed)           1.862    13.250    clk_IBUF
    BUFGCTRL_X0Y0        BUFG (Prop_bufg_I_O)         0.091    13.341 r  clk_IBUF_BUFG_inst/O
                         net (fo=52, routed)          1.504    14.845    U_SPI_Slave_Intf/clk_IBUF_BUFG
    SLICE_X62Y26         FDCE                                         r  U_SPI_Slave_Intf/so_data_reg_reg[6]/C
                         clock pessimism              0.260    15.105    
                         clock uncertainty           -0.035    15.070    
    SLICE_X62Y26         FDCE (Setup_fdce_C_CE)      -0.205    14.865    U_SPI_Slave_Intf/so_data_reg_reg[6]
  -------------------------------------------------------------------
                         required time                         14.865    
                         arrival time                          -7.692    
  -------------------------------------------------------------------
                         slack                                  7.173    

Slack (MET) :             7.176ns  (required time - arrival time)
  Source:                 U_fnd/U_clk_div_1khz/div_counter_reg[1]/C
                            (rising edge-triggered cell FDCE clocked by sys_clk_pin  {rise@0.000ns fall@5.000ns period=10.000ns})
  Destination:            U_fnd/U_clk_div_1khz/div_counter_reg[5]/D
                            (rising edge-triggered cell FDCE clocked by sys_clk_pin  {rise@0.000ns fall@5.000ns period=10.000ns})
  Path Group:             sys_clk_pin
  Path Type:              Setup (Max at Slow Process Corner)
  Requirement:            10.000ns  (sys_clk_pin rise@10.000ns - sys_clk_pin rise@0.000ns)
  Data Path Delay:        2.842ns  (logic 0.842ns (29.625%)  route 2.000ns (70.375%))
  Logic Levels:           2  (LUT3=1 LUT6=1)
  Clock Path Skew:        -0.023ns (DCD - SCD + CPR)
    Destination Clock Delay (DCD):    4.844ns = ( 14.844 - 10.000 ) 
    Source Clock Delay      (SCD):    5.141ns
    Clock Pessimism Removal (CPR):    0.274ns
  Clock Uncertainty:      0.035ns  ((TSJ^2 + TIJ^2)^1/2 + DJ) / 2 + PE
    Total System Jitter     (TSJ):    0.071ns
    Total Input Jitter      (TIJ):    0.000ns
    Discrete Jitter          (DJ):    0.000ns
    Phase Error              (PE):    0.000ns

    Location             Delay type                Incr(ns)  Path(ns)    Netlist Resource(s)
  -------------------------------------------------------------------    -------------------
                         (clock sys_clk_pin rise edge)
                                                      0.000     0.000 r  
    W5                                                0.000     0.000 r  clk (IN)
                         net (fo=0)                   0.000     0.000    clk
    W5                   IBUF (Prop_ibuf_I_O)         1.458     1.458 r  clk_IBUF_inst/O
                         net (fo=1, routed)           1.967     3.425    clk_IBUF
    BUFGCTRL_X0Y0        BUFG (Prop_bufg_I_O)         0.096     3.521 r  clk_IBUF_BUFG_inst/O
                         net (fo=52, routed)          1.620     5.141    U_fnd/U_clk_div_1khz/clk_IBUF_BUFG
    SLICE_X59Y27         FDCE                                         r  U_fnd/U_clk_div_1khz/div_counter_reg[1]/C
  -------------------------------------------------------------------    -------------------
    SLICE_X59Y27         FDCE (Prop_fdce_C_Q)         0.419     5.560 f  U_fnd/U_clk_div_1khz/div_counter_reg[1]/Q
                         net (fo=6, routed)           1.038     6.598    U_fnd/U_clk_div_1khz/div_counter[1]
    SLICE_X59Y26         LUT3 (Prop_lut3_I0_O)        0.299     6.897 r  U_fnd/U_clk_div_1khz/div_counter[5]_i_3/O
                         net (fo=2, routed)           0.962     7.860    U_fnd/U_clk_div_1khz/div_counter[5]_i_3_n_0
    SLICE_X60Y26         LUT6 (Prop_lut6_I5_O)        0.124     7.984 r  U_fnd/U_clk_div_1khz/div_counter[5]_i_1/O
                         net (fo=1, routed)           0.000     7.984    U_fnd/U_clk_div_1khz/div_counter_0[5]
    SLICE_X60Y26         FDCE                                         r  U_fnd/U_clk_div_1khz/div_counter_reg[5]/D
  -------------------------------------------------------------------    -------------------

                         (clock sys_clk_pin rise edge)
                                                     10.000    10.000 r  
    W5                                                0.000    10.000 r  clk (IN)
                         net (fo=0)                   0.000    10.000    clk
    W5                   IBUF (Prop_ibuf_I_O)         1.388    11.388 r  clk_IBUF_inst/O
                         net (fo=1, routed)           1.862    13.250    clk_IBUF
    BUFGCTRL_X0Y0        BUFG (Prop_bufg_I_O)         0.091    13.341 r  clk_IBUF_BUFG_inst/O
                         net (fo=52, routed)          1.503    14.844    U_fnd/U_clk_div_1khz/clk_IBUF_BUFG
    SLICE_X60Y26         FDCE                                         r  U_fnd/U_clk_div_1khz/div_counter_reg[5]/C
                         clock pessimism              0.274    15.118    
                         clock uncertainty           -0.035    15.083    
    SLICE_X60Y26         FDCE (Setup_fdce_C_D)        0.077    15.160    U_fnd/U_clk_div_1khz/div_counter_reg[5]
  -------------------------------------------------------------------
                         required time                         15.160    
                         arrival time                          -7.984    
  -------------------------------------------------------------------
                         slack                                  7.176    

Slack (MET) :             7.244ns  (required time - arrival time)
  Source:                 U_SPI_Slave_Intf/sclk_sync0_reg/C
                            (rising edge-triggered cell FDCE clocked by sys_clk_pin  {rise@0.000ns fall@5.000ns period=10.000ns})
  Destination:            U_SPI_Slave_Reg/FSM_onehot_state_reg[0]/CE
                            (rising edge-triggered cell FDPE clocked by sys_clk_pin  {rise@0.000ns fall@5.000ns period=10.000ns})
  Path Group:             sys_clk_pin
  Path Type:              Setup (Max at Slow Process Corner)
  Requirement:            10.000ns  (sys_clk_pin rise@10.000ns - sys_clk_pin rise@0.000ns)
  Data Path Delay:        2.494ns  (logic 0.842ns (33.760%)  route 1.652ns (66.240%))
  Logic Levels:           2  (LUT5=1 LUT6=1)
  Clock Path Skew:        -0.022ns (DCD - SCD + CPR)
    Destination Clock Delay (DCD):    4.849ns = ( 14.849 - 10.000 ) 
    Source Clock Delay      (SCD):    5.145ns
    Clock Pessimism Removal (CPR):    0.274ns
  Clock Uncertainty:      0.035ns  ((TSJ^2 + TIJ^2)^1/2 + DJ) / 2 + PE
    Total System Jitter     (TSJ):    0.071ns
    Total Input Jitter      (TIJ):    0.000ns
    Discrete Jitter          (DJ):    0.000ns
    Phase Error              (PE):    0.000ns

    Location             Delay type                Incr(ns)  Path(ns)    Netlist Resource(s)
  -------------------------------------------------------------------    -------------------
                         (clock sys_clk_pin rise edge)
                                                      0.000     0.000 r  
    W5                                                0.000     0.000 r  clk (IN)
                         net (fo=0)                   0.000     0.000    clk
    W5                   IBUF (Prop_ibuf_I_O)         1.458     1.458 r  clk_IBUF_inst/O
                         net (fo=1, routed)           1.967     3.425    clk_IBUF
    BUFGCTRL_X0Y0        BUFG (Prop_bufg_I_O)         0.096     3.521 r  clk_IBUF_BUFG_inst/O
                         net (fo=52, routed)          1.624     5.145    U_SPI_Slave_Intf/clk_IBUF_BUFG
    SLICE_X62Y28         FDCE                                         r  U_SPI_Slave_Intf/sclk_sync0_reg/C
  -------------------------------------------------------------------    -------------------
    SLICE_X62Y28         FDCE (Prop_fdce_C_Q)         0.419     5.564 r  U_SPI_Slave_Intf/sclk_sync0_reg/Q
                         net (fo=10, routed)          0.840     6.404    U_SPI_Slave_Reg/prev_SCLK
    SLICE_X62Y29         LUT6 (Prop_lut6_I4_O)        0.299     6.703 r  U_SPI_Slave_Reg/FSM_onehot_state[4]_i_2/O
                         net (fo=1, routed)           0.433     7.136    U_SPI_Slave_Reg/FSM_onehot_state[4]_i_2_n_0
    SLICE_X62Y29         LUT5 (Prop_lut5_I4_O)        0.124     7.260 r  U_SPI_Slave_Reg/FSM_onehot_state[4]_i_1/O
                         net (fo=5, routed)           0.379     7.639    U_SPI_Slave_Reg/FSM_onehot_state[4]_i_1_n_0
    SLICE_X62Y29         FDPE                                         r  U_SPI_Slave_Reg/FSM_onehot_state_reg[0]/CE
  -------------------------------------------------------------------    -------------------

                         (clock sys_clk_pin rise edge)
                                                     10.000    10.000 r  
    W5                                                0.000    10.000 r  clk (IN)
                         net (fo=0)                   0.000    10.000    clk
    W5                   IBUF (Prop_ibuf_I_O)         1.388    11.388 r  clk_IBUF_inst/O
                         net (fo=1, routed)           1.862    13.250    clk_IBUF
    BUFGCTRL_X0Y0        BUFG (Prop_bufg_I_O)         0.091    13.341 r  clk_IBUF_BUFG_inst/O
                         net (fo=52, routed)          1.508    14.849    U_SPI_Slave_Reg/clk_IBUF_BUFG
    SLICE_X62Y29         FDPE                                         r  U_SPI_Slave_Reg/FSM_onehot_state_reg[0]/C
                         clock pessimism              0.274    15.123    
                         clock uncertainty           -0.035    15.088    
    SLICE_X62Y29         FDPE (Setup_fdpe_C_CE)      -0.205    14.883    U_SPI_Slave_Reg/FSM_onehot_state_reg[0]
  -------------------------------------------------------------------
                         required time                         14.883    
                         arrival time                          -7.639    
  -------------------------------------------------------------------
                         slack                                  7.244    

Slack (MET) :             7.244ns  (required time - arrival time)
  Source:                 U_SPI_Slave_Intf/sclk_sync0_reg/C
                            (rising edge-triggered cell FDCE clocked by sys_clk_pin  {rise@0.000ns fall@5.000ns period=10.000ns})
  Destination:            U_SPI_Slave_Reg/FSM_onehot_state_reg[1]/CE
                            (rising edge-triggered cell FDCE clocked by sys_clk_pin  {rise@0.000ns fall@5.000ns period=10.000ns})
  Path Group:             sys_clk_pin
  Path Type:              Setup (Max at Slow Process Corner)
  Requirement:            10.000ns  (sys_clk_pin rise@10.000ns - sys_clk_pin rise@0.000ns)
  Data Path Delay:        2.494ns  (logic 0.842ns (33.760%)  route 1.652ns (66.240%))
  Logic Levels:           2  (LUT5=1 LUT6=1)
  Clock Path Skew:        -0.022ns (DCD - SCD + CPR)
    Destination Clock Delay (DCD):    4.849ns = ( 14.849 - 10.000 ) 
    Source Clock Delay      (SCD):    5.145ns
    Clock Pessimism Removal (CPR):    0.274ns
  Clock Uncertainty:      0.035ns  ((TSJ^2 + TIJ^2)^1/2 + DJ) / 2 + PE
    Total System Jitter     (TSJ):    0.071ns
    Total Input Jitter      (TIJ):    0.000ns
    Discrete Jitter          (DJ):    0.000ns
    Phase Error              (PE):    0.000ns

    Location             Delay type                Incr(ns)  Path(ns)    Netlist Resource(s)
  -------------------------------------------------------------------    -------------------
                         (clock sys_clk_pin rise edge)
                                                      0.000     0.000 r  
    W5                                                0.000     0.000 r  clk (IN)
                         net (fo=0)                   0.000     0.000    clk
    W5                   IBUF (Prop_ibuf_I_O)         1.458     1.458 r  clk_IBUF_inst/O
                         net (fo=1, routed)           1.967     3.425    clk_IBUF
    BUFGCTRL_X0Y0        BUFG (Prop_bufg_I_O)         0.096     3.521 r  clk_IBUF_BUFG_inst/O
                         net (fo=52, routed)          1.624     5.145    U_SPI_Slave_Intf/clk_IBUF_BUFG
    SLICE_X62Y28         FDCE                                         r  U_SPI_Slave_Intf/sclk_sync0_reg/C
  -------------------------------------------------------------------    -------------------
    SLICE_X62Y28         FDCE (Prop_fdce_C_Q)         0.419     5.564 r  U_SPI_Slave_Intf/sclk_sync0_reg/Q
                         net (fo=10, routed)          0.840     6.404    U_SPI_Slave_Reg/prev_SCLK
    SLICE_X62Y29         LUT6 (Prop_lut6_I4_O)        0.299     6.703 r  U_SPI_Slave_Reg/FSM_onehot_state[4]_i_2/O
                         net (fo=1, routed)           0.433     7.136    U_SPI_Slave_Reg/FSM_onehot_state[4]_i_2_n_0
    SLICE_X62Y29         LUT5 (Prop_lut5_I4_O)        0.124     7.260 r  U_SPI_Slave_Reg/FSM_onehot_state[4]_i_1/O
                         net (fo=5, routed)           0.379     7.639    U_SPI_Slave_Reg/FSM_onehot_state[4]_i_1_n_0
    SLICE_X62Y29         FDCE                                         r  U_SPI_Slave_Reg/FSM_onehot_state_reg[1]/CE
  -------------------------------------------------------------------    -------------------

                         (clock sys_clk_pin rise edge)
                                                     10.000    10.000 r  
    W5                                                0.000    10.000 r  clk (IN)
                         net (fo=0)                   0.000    10.000    clk
    W5                   IBUF (Prop_ibuf_I_O)         1.388    11.388 r  clk_IBUF_inst/O
                         net (fo=1, routed)           1.862    13.250    clk_IBUF
    BUFGCTRL_X0Y0        BUFG (Prop_bufg_I_O)         0.091    13.341 r  clk_IBUF_BUFG_inst/O
                         net (fo=52, routed)          1.508    14.849    U_SPI_Slave_Reg/clk_IBUF_BUFG
    SLICE_X62Y29         FDCE                                         r  U_SPI_Slave_Reg/FSM_onehot_state_reg[1]/C
                         clock pessimism              0.274    15.123    
                         clock uncertainty           -0.035    15.088    
    SLICE_X62Y29         FDCE (Setup_fdce_C_CE)      -0.205    14.883    U_SPI_Slave_Reg/FSM_onehot_state_reg[1]
  -------------------------------------------------------------------
                         required time                         14.883    
                         arrival time                          -7.639    
  -------------------------------------------------------------------
                         slack                                  7.244    

Slack (MET) :             7.244ns  (required time - arrival time)
  Source:                 U_SPI_Slave_Intf/sclk_sync0_reg/C
                            (rising edge-triggered cell FDCE clocked by sys_clk_pin  {rise@0.000ns fall@5.000ns period=10.000ns})
  Destination:            U_SPI_Slave_Reg/FSM_onehot_state_reg[2]/CE
                            (rising edge-triggered cell FDCE clocked by sys_clk_pin  {rise@0.000ns fall@5.000ns period=10.000ns})
  Path Group:             sys_clk_pin
  Path Type:              Setup (Max at Slow Process Corner)
  Requirement:            10.000ns  (sys_clk_pin rise@10.000ns - sys_clk_pin rise@0.000ns)
  Data Path Delay:        2.494ns  (logic 0.842ns (33.760%)  route 1.652ns (66.240%))
  Logic Levels:           2  (LUT5=1 LUT6=1)
  Clock Path Skew:        -0.022ns (DCD - SCD + CPR)
    Destination Clock Delay (DCD):    4.849ns = ( 14.849 - 10.000 ) 
    Source Clock Delay      (SCD):    5.145ns
    Clock Pessimism Removal (CPR):    0.274ns
  Clock Uncertainty:      0.035ns  ((TSJ^2 + TIJ^2)^1/2 + DJ) / 2 + PE
    Total System Jitter     (TSJ):    0.071ns
    Total Input Jitter      (TIJ):    0.000ns
    Discrete Jitter          (DJ):    0.000ns
    Phase Error              (PE):    0.000ns

    Location             Delay type                Incr(ns)  Path(ns)    Netlist Resource(s)
  -------------------------------------------------------------------    -------------------
                         (clock sys_clk_pin rise edge)
                                                      0.000     0.000 r  
    W5                                                0.000     0.000 r  clk (IN)
                         net (fo=0)                   0.000     0.000    clk
    W5                   IBUF (Prop_ibuf_I_O)         1.458     1.458 r  clk_IBUF_inst/O
                         net (fo=1, routed)           1.967     3.425    clk_IBUF
    BUFGCTRL_X0Y0        BUFG (Prop_bufg_I_O)         0.096     3.521 r  clk_IBUF_BUFG_inst/O
                         net (fo=52, routed)          1.624     5.145    U_SPI_Slave_Intf/clk_IBUF_BUFG
    SLICE_X62Y28         FDCE                                         r  U_SPI_Slave_Intf/sclk_sync0_reg/C
  -------------------------------------------------------------------    -------------------
    SLICE_X62Y28         FDCE (Prop_fdce_C_Q)         0.419     5.564 r  U_SPI_Slave_Intf/sclk_sync0_reg/Q
                         net (fo=10, routed)          0.840     6.404    U_SPI_Slave_Reg/prev_SCLK
    SLICE_X62Y29         LUT6 (Prop_lut6_I4_O)        0.299     6.703 r  U_SPI_Slave_Reg/FSM_onehot_state[4]_i_2/O
                         net (fo=1, routed)           0.433     7.136    U_SPI_Slave_Reg/FSM_onehot_state[4]_i_2_n_0
    SLICE_X62Y29         LUT5 (Prop_lut5_I4_O)        0.124     7.260 r  U_SPI_Slave_Reg/FSM_onehot_state[4]_i_1/O
                         net (fo=5, routed)           0.379     7.639    U_SPI_Slave_Reg/FSM_onehot_state[4]_i_1_n_0
    SLICE_X62Y29         FDCE                                         r  U_SPI_Slave_Reg/FSM_onehot_state_reg[2]/CE
  -------------------------------------------------------------------    -------------------

                         (clock sys_clk_pin rise edge)
                                                     10.000    10.000 r  
    W5                                                0.000    10.000 r  clk (IN)
                         net (fo=0)                   0.000    10.000    clk
    W5                   IBUF (Prop_ibuf_I_O)         1.388    11.388 r  clk_IBUF_inst/O
                         net (fo=1, routed)           1.862    13.250    clk_IBUF
    BUFGCTRL_X0Y0        BUFG (Prop_bufg_I_O)         0.091    13.341 r  clk_IBUF_BUFG_inst/O
                         net (fo=52, routed)          1.508    14.849    U_SPI_Slave_Reg/clk_IBUF_BUFG
    SLICE_X62Y29         FDCE                                         r  U_SPI_Slave_Reg/FSM_onehot_state_reg[2]/C
                         clock pessimism              0.274    15.123    
                         clock uncertainty           -0.035    15.088    
    SLICE_X62Y29         FDCE (Setup_fdce_C_CE)      -0.205    14.883    U_SPI_Slave_Reg/FSM_onehot_state_reg[2]
  -------------------------------------------------------------------
                         required time                         14.883    
                         arrival time                          -7.639    
  -------------------------------------------------------------------
                         slack                                  7.244    





Min Delay Paths
--------------------------------------------------------------------------------------
Slack (MET) :             0.136ns  (arrival time - required time)
  Source:                 U_SPI_Slave_Intf/so_data_reg_reg[1]/C
                            (rising edge-triggered cell FDCE clocked by sys_clk_pin  {rise@0.000ns fall@5.000ns period=10.000ns})
  Destination:            U_SPI_Slave_Intf/so_data_reg_reg[2]/D
                            (rising edge-triggered cell FDCE clocked by sys_clk_pin  {rise@0.000ns fall@5.000ns period=10.000ns})
  Path Group:             sys_clk_pin
  Path Type:              Hold (Min at Fast Process Corner)
  Requirement:            0.000ns  (sys_clk_pin rise@0.000ns - sys_clk_pin rise@0.000ns)
  Data Path Delay:        0.240ns  (logic 0.186ns (77.515%)  route 0.054ns (22.485%))
  Logic Levels:           1  (LUT5=1)
  Clock Path Skew:        0.013ns (DCD - SCD - CPR)
    Destination Clock Delay (DCD):    1.978ns
    Source Clock Delay      (SCD):    1.466ns
    Clock Pessimism Removal (CPR):    0.499ns

    Location             Delay type                Incr(ns)  Path(ns)    Netlist Resource(s)
  -------------------------------------------------------------------    -------------------
                         (clock sys_clk_pin rise edge)
                                                      0.000     0.000 r  
    W5                                                0.000     0.000 r  clk (IN)
                         net (fo=0)                   0.000     0.000    clk
    W5                   IBUF (Prop_ibuf_I_O)         0.226     0.226 r  clk_IBUF_inst/O
                         net (fo=1, routed)           0.631     0.858    clk_IBUF
    BUFGCTRL_X0Y0        BUFG (Prop_bufg_I_O)         0.026     0.884 r  clk_IBUF_BUFG_inst/O
                         net (fo=52, routed)          0.583     1.466    U_SPI_Slave_Intf/clk_IBUF_BUFG
    SLICE_X62Y26         FDCE                                         r  U_SPI_Slave_Intf/so_data_reg_reg[1]/C
  -------------------------------------------------------------------    -------------------
    SLICE_X62Y26         FDCE (Prop_fdce_C_Q)         0.141     1.607 r  U_SPI_Slave_Intf/so_data_reg_reg[1]/Q
                         net (fo=1, routed)           0.054     1.661    U_SPI_Slave_Intf/in6[2]
    SLICE_X63Y26         LUT5 (Prop_lut5_I3_O)        0.045     1.706 r  U_SPI_Slave_Intf/so_data_reg[2]_i_1/O
                         net (fo=1, routed)           0.000     1.706    U_SPI_Slave_Intf/so_data_reg[2]_i_1_n_0
    SLICE_X63Y26         FDCE                                         r  U_SPI_Slave_Intf/so_data_reg_reg[2]/D
  -------------------------------------------------------------------    -------------------

                         (clock sys_clk_pin rise edge)
                                                      0.000     0.000 r  
    W5                                                0.000     0.000 r  clk (IN)
                         net (fo=0)                   0.000     0.000    clk
    W5                   IBUF (Prop_ibuf_I_O)         0.414     0.414 r  clk_IBUF_inst/O
                         net (fo=1, routed)           0.685     1.099    clk_IBUF
    BUFGCTRL_X0Y0        BUFG (Prop_bufg_I_O)         0.029     1.128 r  clk_IBUF_BUFG_inst/O
                         net (fo=52, routed)          0.851     1.978    U_SPI_Slave_Intf/clk_IBUF_BUFG
    SLICE_X63Y26         FDCE                                         r  U_SPI_Slave_Intf/so_data_reg_reg[2]/C
                         clock pessimism             -0.499     1.479    
    SLICE_X63Y26         FDCE (Hold_fdce_C_D)         0.091     1.570    U_SPI_Slave_Intf/so_data_reg_reg[2]
  -------------------------------------------------------------------
                         required time                         -1.570    
                         arrival time                           1.706    
  -------------------------------------------------------------------
                         slack                                  0.136    

Slack (MET) :             0.140ns  (arrival time - required time)
  Source:                 U_SPI_Slave_Reg/FSM_onehot_state_reg[0]/C
                            (rising edge-triggered cell FDPE clocked by sys_clk_pin  {rise@0.000ns fall@5.000ns period=10.000ns})
  Destination:            U_SPI_Slave_Reg/FSM_onehot_state_reg[1]/D
                            (rising edge-triggered cell FDCE clocked by sys_clk_pin  {rise@0.000ns fall@5.000ns period=10.000ns})
  Path Group:             sys_clk_pin
  Path Type:              Hold (Min at Fast Process Corner)
  Requirement:            0.000ns  (sys_clk_pin rise@0.000ns - sys_clk_pin rise@0.000ns)
  Data Path Delay:        0.211ns  (logic 0.141ns (66.870%)  route 0.070ns (33.130%))
  Logic Levels:           0  
  Clock Path Skew:        0.000ns (DCD - SCD - CPR)
    Destination Clock Delay (DCD):    1.982ns
    Source Clock Delay      (SCD):    1.469ns
    Clock Pessimism Removal (CPR):    0.513ns

    Location             Delay type                Incr(ns)  Path(ns)    Netlist Resource(s)
  -------------------------------------------------------------------    -------------------
                         (clock sys_clk_pin rise edge)
                                                      0.000     0.000 r  
    W5                                                0.000     0.000 r  clk (IN)
                         net (fo=0)                   0.000     0.000    clk
    W5                   IBUF (Prop_ibuf_I_O)         0.226     0.226 r  clk_IBUF_inst/O
                         net (fo=1, routed)           0.631     0.858    clk_IBUF
    BUFGCTRL_X0Y0        BUFG (Prop_bufg_I_O)         0.026     0.884 r  clk_IBUF_BUFG_inst/O
                         net (fo=52, routed)          0.586     1.469    U_SPI_Slave_Reg/clk_IBUF_BUFG
    SLICE_X62Y29         FDPE                                         r  U_SPI_Slave_Reg/FSM_onehot_state_reg[0]/C
  -------------------------------------------------------------------    -------------------
    SLICE_X62Y29         FDPE (Prop_fdpe_C_Q)         0.141     1.610 r  U_SPI_Slave_Reg/FSM_onehot_state_reg[0]/Q
                         net (fo=5, routed)           0.070     1.680    U_SPI_Slave_Reg/FSM_onehot_state_reg_n_0_[0]
    SLICE_X62Y29         FDCE                                         r  U_SPI_Slave_Reg/FSM_onehot_state_reg[1]/D
  -------------------------------------------------------------------    -------------------

                         (clock sys_clk_pin rise edge)
                                                      0.000     0.000 r  
    W5                                                0.000     0.000 r  clk (IN)
                         net (fo=0)                   0.000     0.000    clk
    W5                   IBUF (Prop_ibuf_I_O)         0.414     0.414 r  clk_IBUF_inst/O
                         net (fo=1, routed)           0.685     1.099    clk_IBUF
    BUFGCTRL_X0Y0        BUFG (Prop_bufg_I_O)         0.029     1.128 r  clk_IBUF_BUFG_inst/O
                         net (fo=52, routed)          0.855     1.982    U_SPI_Slave_Reg/clk_IBUF_BUFG
    SLICE_X62Y29         FDCE                                         r  U_SPI_Slave_Reg/FSM_onehot_state_reg[1]/C
                         clock pessimism             -0.513     1.469    
    SLICE_X62Y29         FDCE (Hold_fdce_C_D)         0.071     1.540    U_SPI_Slave_Reg/FSM_onehot_state_reg[1]
  -------------------------------------------------------------------
                         required time                         -1.540    
                         arrival time                           1.680    
  -------------------------------------------------------------------
                         slack                                  0.140    

Slack (MET) :             0.193ns  (arrival time - required time)
  Source:                 U_SPI_Slave_Intf/si_data_reg_reg[3]/C
                            (rising edge-triggered cell FDCE clocked by sys_clk_pin  {rise@0.000ns fall@5.000ns period=10.000ns})
  Destination:            U_SPI_Slave_Intf/si_data_reg_reg[4]/D
                            (rising edge-triggered cell FDCE clocked by sys_clk_pin  {rise@0.000ns fall@5.000ns period=10.000ns})
  Path Group:             sys_clk_pin
  Path Type:              Hold (Min at Fast Process Corner)
  Requirement:            0.000ns  (sys_clk_pin rise@0.000ns - sys_clk_pin rise@0.000ns)
  Data Path Delay:        0.265ns  (logic 0.141ns (53.167%)  route 0.124ns (46.833%))
  Logic Levels:           0  
  Clock Path Skew:        0.013ns (DCD - SCD - CPR)
    Destination Clock Delay (DCD):    1.981ns
    Source Clock Delay      (SCD):    1.468ns
    Clock Pessimism Removal (CPR):    0.500ns

    Location             Delay type                Incr(ns)  Path(ns)    Netlist Resource(s)
  -------------------------------------------------------------------    -------------------
                         (clock sys_clk_pin rise edge)
                                                      0.000     0.000 r  
    W5                                                0.000     0.000 r  clk (IN)
                         net (fo=0)                   0.000     0.000    clk
    W5                   IBUF (Prop_ibuf_I_O)         0.226     0.226 r  clk_IBUF_inst/O
                         net (fo=1, routed)           0.631     0.858    clk_IBUF
    BUFGCTRL_X0Y0        BUFG (Prop_bufg_I_O)         0.026     0.884 r  clk_IBUF_BUFG_inst/O
                         net (fo=52, routed)          0.585     1.468    U_SPI_Slave_Intf/clk_IBUF_BUFG
    SLICE_X65Y28         FDCE                                         r  U_SPI_Slave_Intf/si_data_reg_reg[3]/C
  -------------------------------------------------------------------    -------------------
    SLICE_X65Y28         FDCE (Prop_fdce_C_Q)         0.141     1.609 r  U_SPI_Slave_Intf/si_data_reg_reg[3]/Q
                         net (fo=5, routed)           0.124     1.733    U_SPI_Slave_Intf/si_data_reg_reg[7]_0[3]
    SLICE_X64Y28         FDCE                                         r  U_SPI_Slave_Intf/si_data_reg_reg[4]/D
  -------------------------------------------------------------------    -------------------

                         (clock sys_clk_pin rise edge)
                                                      0.000     0.000 r  
    W5                                                0.000     0.000 r  clk (IN)
                         net (fo=0)                   0.000     0.000    clk
    W5                   IBUF (Prop_ibuf_I_O)         0.414     0.414 r  clk_IBUF_inst/O
                         net (fo=1, routed)           0.685     1.099    clk_IBUF
    BUFGCTRL_X0Y0        BUFG (Prop_bufg_I_O)         0.029     1.128 r  clk_IBUF_BUFG_inst/O
                         net (fo=52, routed)          0.854     1.981    U_SPI_Slave_Intf/clk_IBUF_BUFG
    SLICE_X64Y28         FDCE                                         r  U_SPI_Slave_Intf/si_data_reg_reg[4]/C
                         clock pessimism             -0.500     1.481    
    SLICE_X64Y28         FDCE (Hold_fdce_C_D)         0.059     1.540    U_SPI_Slave_Intf/si_data_reg_reg[4]
  -------------------------------------------------------------------
                         required time                         -1.540    
                         arrival time                           1.733    
  -------------------------------------------------------------------
                         slack                                  0.193    

Slack (MET) :             0.211ns  (arrival time - required time)
  Source:                 U_fnd/U_clk_div_1khz/div_counter_reg[3]/C
                            (rising edge-triggered cell FDCE clocked by sys_clk_pin  {rise@0.000ns fall@5.000ns period=10.000ns})
  Destination:            U_fnd/U_clk_div_1khz/div_counter_reg[9]/D
                            (rising edge-triggered cell FDCE clocked by sys_clk_pin  {rise@0.000ns fall@5.000ns period=10.000ns})
  Path Group:             sys_clk_pin
  Path Type:              Hold (Min at Fast Process Corner)
  Requirement:            0.000ns  (sys_clk_pin rise@0.000ns - sys_clk_pin rise@0.000ns)
  Data Path Delay:        0.331ns  (logic 0.189ns (57.046%)  route 0.142ns (42.954%))
  Logic Levels:           1  (LUT5=1)
  Clock Path Skew:        0.013ns (DCD - SCD - CPR)
    Destination Clock Delay (DCD):    1.976ns
    Source Clock Delay      (SCD):    1.465ns
    Clock Pessimism Removal (CPR):    0.498ns

    Location             Delay type                Incr(ns)  Path(ns)    Netlist Resource(s)
  -------------------------------------------------------------------    -------------------
                         (clock sys_clk_pin rise edge)
                                                      0.000     0.000 r  
    W5                                                0.000     0.000 r  clk (IN)
                         net (fo=0)                   0.000     0.000    clk
    W5                   IBUF (Prop_ibuf_I_O)         0.226     0.226 r  clk_IBUF_inst/O
                         net (fo=1, routed)           0.631     0.858    clk_IBUF
    BUFGCTRL_X0Y0        BUFG (Prop_bufg_I_O)         0.026     0.884 r  clk_IBUF_BUFG_inst/O
                         net (fo=52, routed)          0.582     1.465    U_fnd/U_clk_div_1khz/clk_IBUF_BUFG
    SLICE_X59Y26         FDCE                                         r  U_fnd/U_clk_div_1khz/div_counter_reg[3]/C
  -------------------------------------------------------------------    -------------------
    SLICE_X59Y26         FDCE (Prop_fdce_C_Q)         0.141     1.606 r  U_fnd/U_clk_div_1khz/div_counter_reg[3]/Q
                         net (fo=9, routed)           0.142     1.748    U_fnd/U_clk_div_1khz/div_counter[3]
    SLICE_X58Y26         LUT5 (Prop_lut5_I4_O)        0.048     1.796 r  U_fnd/U_clk_div_1khz/div_counter[9]_i_1/O
                         net (fo=1, routed)           0.000     1.796    U_fnd/U_clk_div_1khz/div_counter_0[9]
    SLICE_X58Y26         FDCE                                         r  U_fnd/U_clk_div_1khz/div_counter_reg[9]/D
  -------------------------------------------------------------------    -------------------

                         (clock sys_clk_pin rise edge)
                                                      0.000     0.000 r  
    W5                                                0.000     0.000 r  clk (IN)
                         net (fo=0)                   0.000     0.000    clk
    W5                   IBUF (Prop_ibuf_I_O)         0.414     0.414 r  clk_IBUF_inst/O
                         net (fo=1, routed)           0.685     1.099    clk_IBUF
    BUFGCTRL_X0Y0        BUFG (Prop_bufg_I_O)         0.029     1.128 r  clk_IBUF_BUFG_inst/O
                         net (fo=52, routed)          0.849     1.976    U_fnd/U_clk_div_1khz/clk_IBUF_BUFG
    SLICE_X58Y26         FDCE                                         r  U_fnd/U_clk_div_1khz/div_counter_reg[9]/C
                         clock pessimism             -0.498     1.478    
    SLICE_X58Y26         FDCE (Hold_fdce_C_D)         0.107     1.585    U_fnd/U_clk_div_1khz/div_counter_reg[9]
  -------------------------------------------------------------------
                         required time                         -1.585    
                         arrival time                           1.796    
  -------------------------------------------------------------------
                         slack                                  0.211    

Slack (MET) :             0.215ns  (arrival time - required time)
  Source:                 U_fnd/U_clk_div_1khz/div_counter_reg[3]/C
                            (rising edge-triggered cell FDCE clocked by sys_clk_pin  {rise@0.000ns fall@5.000ns period=10.000ns})
  Destination:            U_fnd/U_clk_div_1khz/div_counter_reg[6]/D
                            (rising edge-triggered cell FDCE clocked by sys_clk_pin  {rise@0.000ns fall@5.000ns period=10.000ns})
  Path Group:             sys_clk_pin
  Path Type:              Hold (Min at Fast Process Corner)
  Requirement:            0.000ns  (sys_clk_pin rise@0.000ns - sys_clk_pin rise@0.000ns)
  Data Path Delay:        0.349ns  (logic 0.186ns (53.347%)  route 0.163ns (46.653%))
  Logic Levels:           1  (LUT6=1)
  Clock Path Skew:        0.013ns (DCD - SCD - CPR)
    Destination Clock Delay (DCD):    1.976ns
    Source Clock Delay      (SCD):    1.465ns
    Clock Pessimism Removal (CPR):    0.498ns

    Location             Delay type                Incr(ns)  Path(ns)    Netlist Resource(s)
  -------------------------------------------------------------------    -------------------
                         (clock sys_clk_pin rise edge)
                                                      0.000     0.000 r  
    W5                                                0.000     0.000 r  clk (IN)
                         net (fo=0)                   0.000     0.000    clk
    W5                   IBUF (Prop_ibuf_I_O)         0.226     0.226 r  clk_IBUF_inst/O
                         net (fo=1, routed)           0.631     0.858    clk_IBUF
    BUFGCTRL_X0Y0        BUFG (Prop_bufg_I_O)         0.026     0.884 r  clk_IBUF_BUFG_inst/O
                         net (fo=52, routed)          0.582     1.465    U_fnd/U_clk_div_1khz/clk_IBUF_BUFG
    SLICE_X59Y26         FDCE                                         r  U_fnd/U_clk_div_1khz/div_counter_reg[3]/C
  -------------------------------------------------------------------    -------------------
    SLICE_X59Y26         FDCE (Prop_fdce_C_Q)         0.141     1.606 r  U_fnd/U_clk_div_1khz/div_counter_reg[3]/Q
                         net (fo=9, routed)           0.163     1.769    U_fnd/U_clk_div_1khz/div_counter[3]
    SLICE_X60Y26         LUT6 (Prop_lut6_I1_O)        0.045     1.814 r  U_fnd/U_clk_div_1khz/div_counter[6]_i_1/O
                         net (fo=1, routed)           0.000     1.814    U_fnd/U_clk_div_1khz/div_counter_0[6]
    SLICE_X60Y26         FDCE                                         r  U_fnd/U_clk_div_1khz/div_counter_reg[6]/D
  -------------------------------------------------------------------    -------------------

                         (clock sys_clk_pin rise edge)
                                                      0.000     0.000 r  
    W5                                                0.000     0.000 r  clk (IN)
                         net (fo=0)                   0.000     0.000    clk
    W5                   IBUF (Prop_ibuf_I_O)         0.414     0.414 r  clk_IBUF_inst/O
                         net (fo=1, routed)           0.685     1.099    clk_IBUF
    BUFGCTRL_X0Y0        BUFG (Prop_bufg_I_O)         0.029     1.128 r  clk_IBUF_BUFG_inst/O
                         net (fo=52, routed)          0.849     1.976    U_fnd/U_clk_div_1khz/clk_IBUF_BUFG
    SLICE_X60Y26         FDCE                                         r  U_fnd/U_clk_div_1khz/div_counter_reg[6]/C
                         clock pessimism             -0.498     1.478    
    SLICE_X60Y26         FDCE (Hold_fdce_C_D)         0.121     1.599    U_fnd/U_clk_div_1khz/div_counter_reg[6]
  -------------------------------------------------------------------
                         required time                         -1.599    
                         arrival time                           1.814    
  -------------------------------------------------------------------
                         slack                                  0.215    

Slack (MET) :             0.215ns  (arrival time - required time)
  Source:                 U_fnd/U_clk_div_1khz/div_counter_reg[3]/C
                            (rising edge-triggered cell FDCE clocked by sys_clk_pin  {rise@0.000ns fall@5.000ns period=10.000ns})
  Destination:            U_fnd/U_clk_div_1khz/div_counter_reg[7]/D
                            (rising edge-triggered cell FDCE clocked by sys_clk_pin  {rise@0.000ns fall@5.000ns period=10.000ns})
  Path Group:             sys_clk_pin
  Path Type:              Hold (Min at Fast Process Corner)
  Requirement:            0.000ns  (sys_clk_pin rise@0.000ns - sys_clk_pin rise@0.000ns)
  Data Path Delay:        0.349ns  (logic 0.186ns (53.347%)  route 0.163ns (46.653%))
  Logic Levels:           1  (LUT6=1)
  Clock Path Skew:        0.013ns (DCD - SCD - CPR)
    Destination Clock Delay (DCD):    1.976ns
    Source Clock Delay      (SCD):    1.465ns
    Clock Pessimism Removal (CPR):    0.498ns

    Location             Delay type                Incr(ns)  Path(ns)    Netlist Resource(s)
  -------------------------------------------------------------------    -------------------
                         (clock sys_clk_pin rise edge)
                                                      0.000     0.000 r  
    W5                                                0.000     0.000 r  clk (IN)
                         net (fo=0)                   0.000     0.000    clk
    W5                   IBUF (Prop_ibuf_I_O)         0.226     0.226 r  clk_IBUF_inst/O
                         net (fo=1, routed)           0.631     0.858    clk_IBUF
    BUFGCTRL_X0Y0        BUFG (Prop_bufg_I_O)         0.026     0.884 r  clk_IBUF_BUFG_inst/O
                         net (fo=52, routed)          0.582     1.465    U_fnd/U_clk_div_1khz/clk_IBUF_BUFG
    SLICE_X59Y26         FDCE                                         r  U_fnd/U_clk_div_1khz/div_counter_reg[3]/C
  -------------------------------------------------------------------    -------------------
    SLICE_X59Y26         FDCE (Prop_fdce_C_Q)         0.141     1.606 r  U_fnd/U_clk_div_1khz/div_counter_reg[3]/Q
                         net (fo=9, routed)           0.163     1.769    U_fnd/U_clk_div_1khz/div_counter[3]
    SLICE_X60Y26         LUT6 (Prop_lut6_I0_O)        0.045     1.814 r  U_fnd/U_clk_div_1khz/div_counter[7]_i_1/O
                         net (fo=1, routed)           0.000     1.814    U_fnd/U_clk_div_1khz/div_counter_0[7]
    SLICE_X60Y26         FDCE                                         r  U_fnd/U_clk_div_1khz/div_counter_reg[7]/D
  -------------------------------------------------------------------    -------------------

                         (clock sys_clk_pin rise edge)
                                                      0.000     0.000 r  
    W5                                                0.000     0.000 r  clk (IN)
                         net (fo=0)                   0.000     0.000    clk
    W5                   IBUF (Prop_ibuf_I_O)         0.414     0.414 r  clk_IBUF_inst/O
                         net (fo=1, routed)           0.685     1.099    clk_IBUF
    BUFGCTRL_X0Y0        BUFG (Prop_bufg_I_O)         0.029     1.128 r  clk_IBUF_BUFG_inst/O
                         net (fo=52, routed)          0.849     1.976    U_fnd/U_clk_div_1khz/clk_IBUF_BUFG
    SLICE_X60Y26         FDCE                                         r  U_fnd/U_clk_div_1khz/div_counter_reg[7]/C
                         clock pessimism             -0.498     1.478    
    SLICE_X60Y26         FDCE (Hold_fdce_C_D)         0.121     1.599    U_fnd/U_clk_div_1khz/div_counter_reg[7]
  -------------------------------------------------------------------
                         required time                         -1.599    
                         arrival time                           1.814    
  -------------------------------------------------------------------
                         slack                                  0.215    

Slack (MET) :             0.218ns  (arrival time - required time)
  Source:                 U_SPI_Slave_Reg/FSM_onehot_state_reg[0]/C
                            (rising edge-triggered cell FDPE clocked by sys_clk_pin  {rise@0.000ns fall@5.000ns period=10.000ns})
  Destination:            U_SPI_Slave_Reg/so_start_reg_reg/D
                            (rising edge-triggered cell FDCE clocked by sys_clk_pin  {rise@0.000ns fall@5.000ns period=10.000ns})
  Path Group:             sys_clk_pin
  Path Type:              Hold (Min at Fast Process Corner)
  Requirement:            0.000ns  (sys_clk_pin rise@0.000ns - sys_clk_pin rise@0.000ns)
  Data Path Delay:        0.323ns  (logic 0.186ns (57.590%)  route 0.137ns (42.410%))
  Logic Levels:           1  (LUT4=1)
  Clock Path Skew:        0.013ns (DCD - SCD - CPR)
    Destination Clock Delay (DCD):    1.981ns
    Source Clock Delay      (SCD):    1.469ns
    Clock Pessimism Removal (CPR):    0.499ns

    Location             Delay type                Incr(ns)  Path(ns)    Netlist Resource(s)
  -------------------------------------------------------------------    -------------------
                         (clock sys_clk_pin rise edge)
                                                      0.000     0.000 r  
    W5                                                0.000     0.000 r  clk (IN)
                         net (fo=0)                   0.000     0.000    clk
    W5                   IBUF (Prop_ibuf_I_O)         0.226     0.226 r  clk_IBUF_inst/O
                         net (fo=1, routed)           0.631     0.858    clk_IBUF
    BUFGCTRL_X0Y0        BUFG (Prop_bufg_I_O)         0.026     0.884 r  clk_IBUF_BUFG_inst/O
                         net (fo=52, routed)          0.586     1.469    U_SPI_Slave_Reg/clk_IBUF_BUFG
    SLICE_X62Y29         FDPE                                         r  U_SPI_Slave_Reg/FSM_onehot_state_reg[0]/C
  -------------------------------------------------------------------    -------------------
    SLICE_X62Y29         FDPE (Prop_fdpe_C_Q)         0.141     1.610 r  U_SPI_Slave_Reg/FSM_onehot_state_reg[0]/Q
                         net (fo=5, routed)           0.137     1.747    U_SPI_Slave_Reg/FSM_onehot_state_reg_n_0_[0]
    SLICE_X63Y28         LUT4 (Prop_lut4_I0_O)        0.045     1.792 r  U_SPI_Slave_Reg/so_start_reg_i_1/O
                         net (fo=1, routed)           0.000     1.792    U_SPI_Slave_Reg/so_start_reg_i_1_n_0
    SLICE_X63Y28         FDCE                                         r  U_SPI_Slave_Reg/so_start_reg_reg/D
  -------------------------------------------------------------------    -------------------

                         (clock sys_clk_pin rise edge)
                                                      0.000     0.000 r  
    W5                                                0.000     0.000 r  clk (IN)
                         net (fo=0)                   0.000     0.000    clk
    W5                   IBUF (Prop_ibuf_I_O)         0.414     0.414 r  clk_IBUF_inst/O
                         net (fo=1, routed)           0.685     1.099    clk_IBUF
    BUFGCTRL_X0Y0        BUFG (Prop_bufg_I_O)         0.029     1.128 r  clk_IBUF_BUFG_inst/O
                         net (fo=52, routed)          0.854     1.981    U_SPI_Slave_Reg/clk_IBUF_BUFG
    SLICE_X63Y28         FDCE                                         r  U_SPI_Slave_Reg/so_start_reg_reg/C
                         clock pessimism             -0.499     1.482    
    SLICE_X63Y28         FDCE (Hold_fdce_C_D)         0.092     1.574    U_SPI_Slave_Reg/so_start_reg_reg
  -------------------------------------------------------------------
                         required time                         -1.574    
                         arrival time                           1.792    
  -------------------------------------------------------------------
                         slack                                  0.218    

Slack (MET) :             0.224ns  (arrival time - required time)
  Source:                 U_fnd/U_clk_div_1khz/div_counter_reg[3]/C
                            (rising edge-triggered cell FDCE clocked by sys_clk_pin  {rise@0.000ns fall@5.000ns period=10.000ns})
  Destination:            U_fnd/U_clk_div_1khz/div_counter_reg[8]/D
                            (rising edge-triggered cell FDCE clocked by sys_clk_pin  {rise@0.000ns fall@5.000ns period=10.000ns})
  Path Group:             sys_clk_pin
  Path Type:              Hold (Min at Fast Process Corner)
  Requirement:            0.000ns  (sys_clk_pin rise@0.000ns - sys_clk_pin rise@0.000ns)
  Data Path Delay:        0.328ns  (logic 0.186ns (56.653%)  route 0.142ns (43.347%))
  Logic Levels:           1  (LUT5=1)
  Clock Path Skew:        0.013ns (DCD - SCD - CPR)
    Destination Clock Delay (DCD):    1.976ns
    Source Clock Delay      (SCD):    1.465ns
    Clock Pessimism Removal (CPR):    0.498ns

    Location             Delay type                Incr(ns)  Path(ns)    Netlist Resource(s)
  -------------------------------------------------------------------    -------------------
                         (clock sys_clk_pin rise edge)
                                                      0.000     0.000 r  
    W5                                                0.000     0.000 r  clk (IN)
                         net (fo=0)                   0.000     0.000    clk
    W5                   IBUF (Prop_ibuf_I_O)         0.226     0.226 r  clk_IBUF_inst/O
                         net (fo=1, routed)           0.631     0.858    clk_IBUF
    BUFGCTRL_X0Y0        BUFG (Prop_bufg_I_O)         0.026     0.884 r  clk_IBUF_BUFG_inst/O
                         net (fo=52, routed)          0.582     1.465    U_fnd/U_clk_div_1khz/clk_IBUF_BUFG
    SLICE_X59Y26         FDCE                                         r  U_fnd/U_clk_div_1khz/div_counter_reg[3]/C
  -------------------------------------------------------------------    -------------------
    SLICE_X59Y26         FDCE (Prop_fdce_C_Q)         0.141     1.606 r  U_fnd/U_clk_div_1khz/div_counter_reg[3]/Q
                         net (fo=9, routed)           0.142     1.748    U_fnd/U_clk_div_1khz/div_counter[3]
    SLICE_X58Y26         LUT5 (Prop_lut5_I4_O)        0.045     1.793 r  U_fnd/U_clk_div_1khz/div_counter[8]_i_1/O
                         net (fo=1, routed)           0.000     1.793    U_fnd/U_clk_div_1khz/div_counter_0[8]
    SLICE_X58Y26         FDCE                                         r  U_fnd/U_clk_div_1khz/div_counter_reg[8]/D
  -------------------------------------------------------------------    -------------------

                         (clock sys_clk_pin rise edge)
                                                      0.000     0.000 r  
    W5                                                0.000     0.000 r  clk (IN)
                         net (fo=0)                   0.000     0.000    clk
    W5                   IBUF (Prop_ibuf_I_O)         0.414     0.414 r  clk_IBUF_inst/O
                         net (fo=1, routed)           0.685     1.099    clk_IBUF
    BUFGCTRL_X0Y0        BUFG (Prop_bufg_I_O)         0.029     1.128 r  clk_IBUF_BUFG_inst/O
                         net (fo=52, routed)          0.849     1.976    U_fnd/U_clk_div_1khz/clk_IBUF_BUFG
    SLICE_X58Y26         FDCE                                         r  U_fnd/U_clk_div_1khz/div_counter_reg[8]/C
                         clock pessimism             -0.498     1.478    
    SLICE_X58Y26         FDCE (Hold_fdce_C_D)         0.091     1.569    U_fnd/U_clk_div_1khz/div_counter_reg[8]
  -------------------------------------------------------------------
                         required time                         -1.569    
                         arrival time                           1.793    
  -------------------------------------------------------------------
                         slack                                  0.224    

Slack (MET) :             0.224ns  (arrival time - required time)
  Source:                 U_fnd/U_clk_div_1khz/div_counter_reg[3]/C
                            (rising edge-triggered cell FDCE clocked by sys_clk_pin  {rise@0.000ns fall@5.000ns period=10.000ns})
  Destination:            U_fnd/U_clk_div_1khz/tick_reg/D
                            (rising edge-triggered cell FDCE clocked by sys_clk_pin  {rise@0.000ns fall@5.000ns period=10.000ns})
  Path Group:             sys_clk_pin
  Path Type:              Hold (Min at Fast Process Corner)
  Requirement:            0.000ns  (sys_clk_pin rise@0.000ns - sys_clk_pin rise@0.000ns)
  Data Path Delay:        0.329ns  (logic 0.186ns (56.481%)  route 0.143ns (43.519%))
  Logic Levels:           1  (LUT5=1)
  Clock Path Skew:        0.013ns (DCD - SCD - CPR)
    Destination Clock Delay (DCD):    1.976ns
    Source Clock Delay      (SCD):    1.465ns
    Clock Pessimism Removal (CPR):    0.498ns

    Location             Delay type                Incr(ns)  Path(ns)    Netlist Resource(s)
  -------------------------------------------------------------------    -------------------
                         (clock sys_clk_pin rise edge)
                                                      0.000     0.000 r  
    W5                                                0.000     0.000 r  clk (IN)
                         net (fo=0)                   0.000     0.000    clk
    W5                   IBUF (Prop_ibuf_I_O)         0.226     0.226 r  clk_IBUF_inst/O
                         net (fo=1, routed)           0.631     0.858    clk_IBUF
    BUFGCTRL_X0Y0        BUFG (Prop_bufg_I_O)         0.026     0.884 r  clk_IBUF_BUFG_inst/O
                         net (fo=52, routed)          0.582     1.465    U_fnd/U_clk_div_1khz/clk_IBUF_BUFG
    SLICE_X59Y26         FDCE                                         r  U_fnd/U_clk_div_1khz/div_counter_reg[3]/C
  -------------------------------------------------------------------    -------------------
    SLICE_X59Y26         FDCE (Prop_fdce_C_Q)         0.141     1.606 f  U_fnd/U_clk_div_1khz/div_counter_reg[3]/Q
                         net (fo=9, routed)           0.143     1.749    U_fnd/U_clk_div_1khz/div_counter[3]
    SLICE_X58Y26         LUT5 (Prop_lut5_I0_O)        0.045     1.794 r  U_fnd/U_clk_div_1khz/tick_i_1/O
                         net (fo=1, routed)           0.000     1.794    U_fnd/U_clk_div_1khz/tick_1
    SLICE_X58Y26         FDCE                                         r  U_fnd/U_clk_div_1khz/tick_reg/D
  -------------------------------------------------------------------    -------------------

                         (clock sys_clk_pin rise edge)
                                                      0.000     0.000 r  
    W5                                                0.000     0.000 r  clk (IN)
                         net (fo=0)                   0.000     0.000    clk
    W5                   IBUF (Prop_ibuf_I_O)         0.414     0.414 r  clk_IBUF_inst/O
                         net (fo=1, routed)           0.685     1.099    clk_IBUF
    BUFGCTRL_X0Y0        BUFG (Prop_bufg_I_O)         0.029     1.128 r  clk_IBUF_BUFG_inst/O
                         net (fo=52, routed)          0.849     1.976    U_fnd/U_clk_div_1khz/clk_IBUF_BUFG
    SLICE_X58Y26         FDCE                                         r  U_fnd/U_clk_div_1khz/tick_reg/C
                         clock pessimism             -0.498     1.478    
    SLICE_X58Y26         FDCE (Hold_fdce_C_D)         0.092     1.570    U_fnd/U_clk_div_1khz/tick_reg
  -------------------------------------------------------------------
                         required time                         -1.570    
                         arrival time                           1.794    
  -------------------------------------------------------------------
                         slack                                  0.224    

Slack (MET) :             0.225ns  (arrival time - required time)
  Source:                 U_SPI_Slave_Intf/si_bit_count_reg_reg[1]/C
                            (rising edge-triggered cell FDCE clocked by sys_clk_pin  {rise@0.000ns fall@5.000ns period=10.000ns})
  Destination:            U_SPI_Slave_Intf/si_bit_count_reg_reg[2]/D
                            (rising edge-triggered cell FDCE clocked by sys_clk_pin  {rise@0.000ns fall@5.000ns period=10.000ns})
  Path Group:             sys_clk_pin
  Path Type:              Hold (Min at Fast Process Corner)
  Requirement:            0.000ns  (sys_clk_pin rise@0.000ns - sys_clk_pin rise@0.000ns)
  Data Path Delay:        0.346ns  (logic 0.246ns (71.147%)  route 0.100ns (28.853%))
  Logic Levels:           1  (LUT6=1)
  Clock Path Skew:        0.000ns (DCD - SCD - CPR)
    Destination Clock Delay (DCD):    1.979ns
    Source Clock Delay      (SCD):    1.467ns
    Clock Pessimism Removal (CPR):    0.512ns

    Location             Delay type                Incr(ns)  Path(ns)    Netlist Resource(s)
  -------------------------------------------------------------------    -------------------
                         (clock sys_clk_pin rise edge)
                                                      0.000     0.000 r  
    W5                                                0.000     0.000 r  clk (IN)
                         net (fo=0)                   0.000     0.000    clk
    W5                   IBUF (Prop_ibuf_I_O)         0.226     0.226 r  clk_IBUF_inst/O
                         net (fo=1, routed)           0.631     0.858    clk_IBUF
    BUFGCTRL_X0Y0        BUFG (Prop_bufg_I_O)         0.026     0.884 r  clk_IBUF_BUFG_inst/O
                         net (fo=52, routed)          0.584     1.467    U_SPI_Slave_Intf/clk_IBUF_BUFG
    SLICE_X60Y28         FDCE                                         r  U_SPI_Slave_Intf/si_bit_count_reg_reg[1]/C
  -------------------------------------------------------------------    -------------------
    SLICE_X60Y28         FDCE (Prop_fdce_C_Q)         0.148     1.615 r  U_SPI_Slave_Intf/si_bit_count_reg_reg[1]/Q
                         net (fo=4, routed)           0.100     1.715    U_SPI_Slave_Intf/si_bit_count_reg[1]
    SLICE_X60Y28         LUT6 (Prop_lut6_I0_O)        0.098     1.813 r  U_SPI_Slave_Intf/si_bit_count_reg[2]_i_1/O
                         net (fo=1, routed)           0.000     1.813    U_SPI_Slave_Intf/si_bit_count_reg[2]_i_1_n_0
    SLICE_X60Y28         FDCE                                         r  U_SPI_Slave_Intf/si_bit_count_reg_reg[2]/D
  -------------------------------------------------------------------    -------------------

                         (clock sys_clk_pin rise edge)
                                                      0.000     0.000 r  
    W5                                                0.000     0.000 r  clk (IN)
                         net (fo=0)                   0.000     0.000    clk
    W5                   IBUF (Prop_ibuf_I_O)         0.414     0.414 r  clk_IBUF_inst/O
                         net (fo=1, routed)           0.685     1.099    clk_IBUF
    BUFGCTRL_X0Y0        BUFG (Prop_bufg_I_O)         0.029     1.128 r  clk_IBUF_BUFG_inst/O
                         net (fo=52, routed)          0.852     1.979    U_SPI_Slave_Intf/clk_IBUF_BUFG
    SLICE_X60Y28         FDCE                                         r  U_SPI_Slave_Intf/si_bit_count_reg_reg[2]/C
                         clock pessimism             -0.512     1.467    
    SLICE_X60Y28         FDCE (Hold_fdce_C_D)         0.121     1.588    U_SPI_Slave_Intf/si_bit_count_reg_reg[2]
  -------------------------------------------------------------------
                         required time                         -1.588    
                         arrival time                           1.813    
  -------------------------------------------------------------------
                         slack                                  0.225    





Pulse Width Checks
--------------------------------------------------------------------------------------
Clock Name:         sys_clk_pin
Waveform(ns):       { 0.000 5.000 }
Period(ns):         10.000
Sources:            { clk }

Check Type        Corner  Lib Pin  Reference Pin  Required(ns)  Actual(ns)  Slack(ns)  Location       Pin
Min Period        n/a     BUFG/I   n/a            2.155         10.000      7.845      BUFGCTRL_X0Y0  clk_IBUF_BUFG_inst/I
Min Period        n/a     FDPE/C   n/a            1.000         10.000      9.000      SLICE_X63Y28   U_SPI_Slave_Intf/FSM_onehot_so_state_reg[0]/C
Min Period        n/a     FDCE/C   n/a            1.000         10.000      9.000      SLICE_X63Y28   U_SPI_Slave_Intf/FSM_onehot_so_state_reg[1]/C
Min Period        n/a     FDCE/C   n/a            1.000         10.000      9.000      SLICE_X63Y28   U_SPI_Slave_Intf/FSM_onehot_so_state_reg[2]/C
Min Period        n/a     FDCE/C   n/a            1.000         10.000      9.000      SLICE_X62Y28   U_SPI_Slave_Intf/sclk_sync0_reg/C
Min Period        n/a     FDCE/C   n/a            1.000         10.000      9.000      SLICE_X61Y28   U_SPI_Slave_Intf/sclk_sync1_reg/C
Min Period        n/a     FDCE/C   n/a            1.000         10.000      9.000      SLICE_X60Y28   U_SPI_Slave_Intf/si_bit_count_reg_reg[0]/C
Min Period        n/a     FDCE/C   n/a            1.000         10.000      9.000      SLICE_X60Y28   U_SPI_Slave_Intf/si_bit_count_reg_reg[1]/C
Min Period        n/a     FDCE/C   n/a            1.000         10.000      9.000      SLICE_X60Y28   U_SPI_Slave_Intf/si_bit_count_reg_reg[2]/C
Min Period        n/a     FDCE/C   n/a            1.000         10.000      9.000      SLICE_X65Y28   U_SPI_Slave_Intf/si_data_reg_reg[0]/C
Low Pulse Width   Slow    FDPE/C   n/a            0.500         5.000       4.500      SLICE_X63Y28   U_SPI_Slave_Intf/FSM_onehot_so_state_reg[0]/C
Low Pulse Width   Fast    FDPE/C   n/a            0.500         5.000       4.500      SLICE_X63Y28   U_SPI_Slave_Intf/FSM_onehot_so_state_reg[0]/C
Low Pulse Width   Slow    FDCE/C   n/a            0.500         5.000       4.500      SLICE_X63Y28   U_SPI_Slave_Intf/FSM_onehot_so_state_reg[1]/C
Low Pulse Width   Fast    FDCE/C   n/a            0.500         5.000       4.500      SLICE_X63Y28   U_SPI_Slave_Intf/FSM_onehot_so_state_reg[1]/C
Low Pulse Width   Slow    FDCE/C   n/a            0.500         5.000       4.500      SLICE_X63Y28   U_SPI_Slave_Intf/FSM_onehot_so_state_reg[2]/C
Low Pulse Width   Fast    FDCE/C   n/a            0.500         5.000       4.500      SLICE_X63Y28   U_SPI_Slave_Intf/FSM_onehot_so_state_reg[2]/C
Low Pulse Width   Slow    FDCE/C   n/a            0.500         5.000       4.500      SLICE_X62Y28   U_SPI_Slave_Intf/sclk_sync0_reg/C
Low Pulse Width   Fast    FDCE/C   n/a            0.500         5.000       4.500      SLICE_X62Y28   U_SPI_Slave_Intf/sclk_sync0_reg/C
Low Pulse Width   Slow    FDCE/C   n/a            0.500         5.000       4.500      SLICE_X61Y28   U_SPI_Slave_Intf/sclk_sync1_reg/C
Low Pulse Width   Slow    FDCE/C   n/a            0.500         5.000       4.500      SLICE_X60Y28   U_SPI_Slave_Intf/si_bit_count_reg_reg[0]/C
High Pulse Width  Slow    FDCE/C   n/a            0.500         5.000       4.500      SLICE_X60Y27   U_SPI_Slave_Intf/so_bit_count_reg_reg[0]/C
High Pulse Width  Slow    FDCE/C   n/a            0.500         5.000       4.500      SLICE_X60Y27   U_SPI_Slave_Intf/so_bit_count_reg_reg[1]/C
High Pulse Width  Slow    FDCE/C   n/a            0.500         5.000       4.500      SLICE_X60Y27   U_SPI_Slave_Intf/so_bit_count_reg_reg[2]/C
High Pulse Width  Slow    FDCE/C   n/a            0.500         5.000       4.500      SLICE_X62Y26   U_SPI_Slave_Intf/so_data_reg_reg[0]/C
High Pulse Width  Slow    FDCE/C   n/a            0.500         5.000       4.500      SLICE_X62Y26   U_SPI_Slave_Intf/so_data_reg_reg[1]/C
High Pulse Width  Slow    FDCE/C   n/a            0.500         5.000       4.500      SLICE_X63Y26   U_SPI_Slave_Intf/so_data_reg_reg[2]/C
High Pulse Width  Slow    FDCE/C   n/a            0.500         5.000       4.500      SLICE_X63Y26   U_SPI_Slave_Intf/so_data_reg_reg[3]/C
High Pulse Width  Slow    FDCE/C   n/a            0.500         5.000       4.500      SLICE_X63Y26   U_SPI_Slave_Intf/so_data_reg_reg[4]/C
High Pulse Width  Slow    FDCE/C   n/a            0.500         5.000       4.500      SLICE_X63Y26   U_SPI_Slave_Intf/so_data_reg_reg[5]/C
High Pulse Width  Slow    FDCE/C   n/a            0.500         5.000       4.500      SLICE_X62Y26   U_SPI_Slave_Intf/so_data_reg_reg[6]/C



