Copyright 1986-2020 Xilinx, Inc. All Rights Reserved.
------------------------------------------------------------------------------------
| Tool Version : Vivado v.2020.2 (win64) Build 3064766 Wed Nov 18 09:12:45 MST 2020
| Date         : Wed Apr 30 16:17:48 2025
| Host         : DESKTOP-7CFQ9ND running 64-bit major release  (build 9200)
| Command      : report_control_sets -verbose -file MCU_control_sets_placed.rpt
| Design       : MCU
| Device       : xc7a35t
------------------------------------------------------------------------------------

Control Set Information

Table of Contents
-----------------
1. Summary
2. Histogram
3. Flip-Flop Distribution
4. Detailed Control Set Information

1. Summary
----------

+----------------------------------------------------------+-------+
|                          Status                          | Count |
+----------------------------------------------------------+-------+
| Total control sets                                       |    40 |
|    Minimum number of control sets                        |    40 |
|    Addition due to synthesis replication                 |     0 |
|    Addition due to physical synthesis replication        |     0 |
| Unused register locations in slices containing registers |    88 |
+----------------------------------------------------------+-------+
* Control sets can be merged at opt_design using control_set_merge or merge_equivalent_drivers
** Run report_qor_suggestions for automated merging and remapping suggestions


2. Histogram
------------

+--------------------+-------+
|       Fanout       | Count |
+--------------------+-------+
| Total control sets |    40 |
| >= 0 to < 4        |     9 |
| >= 4 to < 6        |     2 |
| >= 6 to < 8        |     1 |
| >= 8 to < 10       |     1 |
| >= 10 to < 12      |     1 |
| >= 12 to < 14      |     0 |
| >= 14 to < 16      |     0 |
| >= 16              |    26 |
+--------------------+-------+
* Control sets can be remapped at either synth_design or opt_design


3. Flip-Flop Distribution
-------------------------

+--------------+-----------------------+------------------------+-----------------+--------------+
| Clock Enable | Synchronous Set/Reset | Asynchronous Set/Reset | Total Registers | Total Slices |
+--------------+-----------------------+------------------------+-----------------+--------------+
| No           | No                    | No                     |              10 |            5 |
| No           | No                    | Yes                    |             270 |          101 |
| No           | Yes                   | No                     |               0 |            0 |
| Yes          | No                    | No                     |             168 |           55 |
| Yes          | No                    | Yes                    |             602 |          176 |
| Yes          | Yes                   | No                     |              30 |            6 |
+--------------+-----------------------+------------------------+-----------------+--------------+


4. Detailed Control Set Information
-----------------------------------

+--------------------------------+------------------------------------------------------+-------------------------------------+------------------+----------------+--------------+
|          Clock Signal          |                     Enable Signal                    |           Set/Reset Signal          | Slice Load Count | Bel Load Count | Bels / Slice |
+--------------------------------+------------------------------------------------------+-------------------------------------+------------------+----------------+--------------+
|  clk_IBUF_BUFG                 | U_FIFO_Peri/U_Uart_main_RX/U_Uart_rx/rx_data_next[7] | reset_IBUF                          |                1 |              1 |         1.00 |
|  clk_IBUF_BUFG                 | U_FIFO_Peri/U_Uart_main_RX/U_Uart_rx/rx_data_next[6] | reset_IBUF                          |                1 |              1 |         1.00 |
|  clk_IBUF_BUFG                 | U_FIFO_Peri/U_Uart_main_RX/U_Uart_rx/rx_data_next[1] | reset_IBUF                          |                1 |              1 |         1.00 |
|  clk_IBUF_BUFG                 | U_FIFO_Peri/U_Uart_main_RX/U_Uart_rx/rx_data_next[4] | reset_IBUF                          |                1 |              1 |         1.00 |
|  clk_IBUF_BUFG                 | U_FIFO_Peri/U_Uart_main_RX/U_Uart_rx/rx_data_next[3] | reset_IBUF                          |                1 |              1 |         1.00 |
|  clk_IBUF_BUFG                 | U_FIFO_Peri/U_Uart_main_RX/U_Uart_rx/rx_data_next[2] | reset_IBUF                          |                1 |              1 |         1.00 |
|  clk_IBUF_BUFG                 | U_FIFO_Peri/U_Uart_main_RX/U_Uart_rx/rx_data_next[0] | reset_IBUF                          |                1 |              1 |         1.00 |
|  clk_IBUF_BUFG                 | U_FIFO_Peri/U_Uart_main_RX/U_Uart_rx/rx_data_next[5] | reset_IBUF                          |                1 |              1 |         1.00 |
|  U_GPOE/U_FND_IP/U_clk_div/CLK |                                                      | reset_IBUF                          |                2 |              2 |         1.00 |
|  clk_IBUF_BUFG                 | U_Core/U_ControlUnit/FSM_sequential_state[3]_i_1_n_0 | reset_IBUF                          |                3 |              4 |         1.33 |
|  clk_IBUF_BUFG                 | U_FIFO_Peri/U_Uart_main_RX/U_Uart_rx/tick_count_next | reset_IBUF                          |                1 |              5 |         5.00 |
|  clk_IBUF_BUFG                 | U_APB_Master/temp_write_reg_reg_8                    | U_APB_Master/temp_addr_reg_reg[2]_0 |                2 |              6 |         3.00 |
|  clk_IBUF_BUFG                 | U_APB_Master/temp_write_reg_reg_5[0]                 |                                     |                3 |              8 |         2.67 |
|  clk_IBUF_BUFG                 |                                                      |                                     |                5 |             10 |         2.00 |
|  clk_IBUF_BUFG                 | U_FIFO_Peri/U_Uart_main_RX/U_Uart_rx/I15             |                                     |                2 |             16 |         8.00 |
|  clk_IBUF_BUFG                 | U_APB_Master/temp_write_reg_reg_5[0]                 | U_APB_Master/temp_write_reg_reg_10  |                4 |             24 |         6.00 |
|  clk_IBUF_BUFG                 | U_Core/U_ControlUnit/E[0]                            | reset_IBUF                          |               11 |             32 |         2.91 |
|  clk_IBUF_BUFG                 | U_APB_Master/slv_reg0_0                              | reset_IBUF                          |                8 |             32 |         4.00 |
|  clk_IBUF_BUFG                 | U_APB_Master/temp_write_reg_reg_1[0]                 | reset_IBUF                          |               12 |             32 |         2.67 |
|  clk_IBUF_BUFG                 | U_APB_Master/temp_write_reg_reg_9[0]                 |                                     |               11 |             32 |         2.91 |
|  clk_IBUF_BUFG                 | U_APB_Master/temp_write_reg_reg_4[0]                 |                                     |                4 |             32 |         8.00 |
|  clk_IBUF_BUFG                 | U_APB_Master/temp_write_reg_reg_7[0]                 |                                     |               14 |             32 |         2.29 |
|  clk_IBUF_BUFG                 | U_APB_Master/temp_write_reg_reg_0[0]                 |                                     |               11 |             32 |         2.91 |
|  clk_IBUF_BUFG                 | U_APB_Master/temp_write_reg_reg_2[0]                 | reset_IBUF                          |                9 |             32 |         3.56 |
|  clk_IBUF_BUFG                 | U_APB_Master/temp_write_reg_reg_6[0]                 |                                     |               12 |             32 |         2.67 |
|  clk_IBUF_BUFG                 | U_APB_Master/temp_write_reg_reg_3[0]                 | reset_IBUF                          |                7 |             32 |         4.57 |
|  clk_IBUF_BUFG                 | U_APB_Master/temp_addr_reg_reg[3]_0[0]               | reset_IBUF                          |                9 |             32 |         3.56 |
|  clk_IBUF_BUFG                 | U_APB_Master/temp_addr_reg_reg[3]_2[0]               | reset_IBUF                          |                8 |             32 |         4.00 |
|  clk_IBUF_BUFG                 | U_APB_Master/temp_addr_reg_reg[2]_rep_3[0]           | reset_IBUF                          |                8 |             32 |         4.00 |
|  clk_IBUF_BUFG                 | U_APB_Master/temp_addr_reg_reg[2]_rep_1[0]           | reset_IBUF                          |               10 |             32 |         3.20 |
|  clk_IBUF_BUFG                 | U_APB_Master/temp_addr_reg_reg[3]_1[0]               | reset_IBUF                          |               11 |             32 |         2.91 |
|  clk_IBUF_BUFG                 | U_APB_Master/E[0]                                    | reset_IBUF                          |                5 |             32 |         6.40 |
|  clk_IBUF_BUFG                 | U_APB_Master/slv_reg0_1                              | reset_IBUF                          |               11 |             32 |         2.91 |
|  clk_IBUF_BUFG                 | U_APB_Master/slv_reg0                                | reset_IBUF                          |                6 |             32 |         5.33 |
|  clk_IBUF_BUFG                 | U_timer_Peri/U_timer_IP/U_Counter/TCNT_n_0           | reset_IBUF                          |                5 |             32 |         6.40 |
|  clk_IBUF_BUFG                 | U_timer_Peri/U_APB_Intf_timer/E[0]                   | reset_IBUF                          |                5 |             33 |         6.60 |
|  clk_IBUF_BUFG                 | U_APB_Master/temp_addr_reg_reg[2]_rep_2[0]           | reset_IBUF                          |                8 |             40 |         5.00 |
|  clk_IBUF_BUFG                 | U_Core/U_ControlUnit/temp_addr_next                  | reset_IBUF                          |               31 |             64 |         2.06 |
|  clk_IBUF_BUFG                 | U_Core/U_ControlUnit/regFileWe                       |                                     |               12 |             96 |         8.00 |
|  clk_IBUF_BUFG                 |                                                      | reset_IBUF                          |               99 |            268 |         2.71 |
+--------------------------------+------------------------------------------------------+-------------------------------------+------------------+----------------+--------------+


