Copyright 1986-2020 Xilinx, Inc. All Rights Reserved.
------------------------------------------------------------------------------------
| Tool Version : Vivado v.2020.2 (win64) Build 3064766 Wed Nov 18 09:12:45 MST 2020
| Date         : Thu May  1 16:03:04 2025
| Host         : DESKTOP-7CFQ9ND running 64-bit major release  (build 9200)
| Command      : report_control_sets -verbose -file MCU_control_sets_placed.rpt
| Design       : MCU
| Device       : xc7a35t
------------------------------------------------------------------------------------

Control Set Information

Table of Contents
-----------------
1. Summary
2. Histogram
3. Flip-Flop Distribution
4. Detailed Control Set Information

1. Summary
----------

+----------------------------------------------------------+-------+
|                          Status                          | Count |
+----------------------------------------------------------+-------+
| Total control sets                                       |    44 |
|    Minimum number of control sets                        |    44 |
|    Addition due to synthesis replication                 |     0 |
|    Addition due to physical synthesis replication        |     0 |
| Unused register locations in slices containing registers |    96 |
+----------------------------------------------------------+-------+
* Control sets can be merged at opt_design using control_set_merge or merge_equivalent_drivers
** Run report_qor_suggestions for automated merging and remapping suggestions


2. Histogram
------------

+--------------------+-------+
|       Fanout       | Count |
+--------------------+-------+
| Total control sets |    44 |
| >= 0 to < 4        |    10 |
| >= 4 to < 6        |     3 |
| >= 6 to < 8        |     1 |
| >= 8 to < 10       |     2 |
| >= 10 to < 12      |     1 |
| >= 12 to < 14      |     0 |
| >= 14 to < 16      |     0 |
| >= 16              |    27 |
+--------------------+-------+
* Control sets can be remapped at either synth_design or opt_design


3. Flip-Flop Distribution
-------------------------

+--------------+-----------------------+------------------------+-----------------+--------------+
| Clock Enable | Synchronous Set/Reset | Asynchronous Set/Reset | Total Registers | Total Slices |
+--------------+-----------------------+------------------------+-----------------+--------------+
| No           | No                    | No                     |              10 |            4 |
| No           | No                    | Yes                    |             281 |          107 |
| No           | Yes                   | No                     |               0 |            0 |
| Yes          | No                    | No                     |             174 |           59 |
| Yes          | No                    | Yes                    |             615 |          181 |
| Yes          | Yes                   | No                     |              24 |            6 |
+--------------+-----------------------+------------------------+-----------------+--------------+


4. Detailed Control Set Information
-----------------------------------

+--------------------------------+-----------------------------------------------------------------+------------------------------------+------------------+----------------+--------------+
|          Clock Signal          |                          Enable Signal                          |          Set/Reset Signal          | Slice Load Count | Bel Load Count | Bels / Slice |
+--------------------------------+-----------------------------------------------------------------+------------------------------------+------------------+----------------+--------------+
|  clk_IBUF_BUFG                 | U_Uart/U_uart_fifo_IP/RX_TX/U_UART_RX/rx_data_next[6]           | reset_IBUF                         |                1 |              1 |         1.00 |
|  clk_IBUF_BUFG                 | U_Uart/U_uart_fifo_IP/RX_TX/U_UART_RX/rx_data_next[2]           | reset_IBUF                         |                1 |              1 |         1.00 |
|  clk_IBUF_BUFG                 | U_Uart/U_uart_fifo_IP/RX_TX/U_UART_RX/rx_data_next[3]           | reset_IBUF                         |                1 |              1 |         1.00 |
|  clk_IBUF_BUFG                 | U_Uart/U_uart_fifo_IP/RX_TX/U_UART_RX/rx_data_next[5]           | reset_IBUF                         |                1 |              1 |         1.00 |
|  clk_IBUF_BUFG                 | U_Uart/U_uart_fifo_IP/RX_TX/U_UART_RX/rx_data_next[1]           | reset_IBUF                         |                1 |              1 |         1.00 |
|  clk_IBUF_BUFG                 | U_Uart/U_uart_fifo_IP/RX_TX/U_UART_RX/rx_data_next[0]           | reset_IBUF                         |                1 |              1 |         1.00 |
|  clk_IBUF_BUFG                 | U_Uart/U_uart_fifo_IP/RX_TX/U_UART_RX/rx_data_next[4]           | reset_IBUF                         |                1 |              1 |         1.00 |
|  clk_IBUF_BUFG                 | U_Uart/U_uart_fifo_IP/RX_TX/U_UART_RX/rx_data_next[7]           | reset_IBUF                         |                1 |              1 |         1.00 |
|  clk_IBUF_BUFG                 | U_Uart/U_uart_fifo_IP/RX_TX/U_UART_TX/tx_next                   | reset_IBUF                         |                1 |              1 |         1.00 |
|  U_GPOE/U_FND_IP/U_clk_div/CLK |                                                                 | reset_IBUF                         |                1 |              2 |         2.00 |
|  clk_IBUF_BUFG                 | U_Core/U_ControlUnit/FSM_sequential_state[3]_i_1_n_0            | reset_IBUF                         |                2 |              4 |         2.00 |
|  clk_IBUF_BUFG                 | U_Uart/U_uart_fifo_IP/RX_TX/U_UART_TX/tick_count_next           | reset_IBUF                         |                2 |              4 |         2.00 |
|  clk_IBUF_BUFG                 | U_Uart/U_uart_fifo_IP/RX_TX/U_UART_RX/tick_count_next           | reset_IBUF                         |                1 |              5 |         5.00 |
|  clk_IBUF_BUFG                 | U_APB_Master/temp_write_reg_reg_8                               |                                    |                1 |              6 |         6.00 |
|  clk_IBUF_BUFG                 | U_APB_Master/temp_write_reg_reg_5[0]                            |                                    |                2 |              8 |         4.00 |
|  clk_IBUF_BUFG                 | U_Uart/U_uart_fifo_IP/RX_TX/U_UART_TX/temp_data_next            | reset_IBUF                         |                2 |              8 |         4.00 |
|  clk_IBUF_BUFG                 |                                                                 |                                    |                4 |             10 |         2.50 |
|  clk_IBUF_BUFG                 | U_Uart/U_uart_fifo_IP/RX_TX/U_UART_RX/I24                       |                                    |                2 |             16 |         8.00 |
|  clk_IBUF_BUFG                 | U_Uart/U_uart_fifo_IP/FIFO_TX/U_FIFO_ControlUnit/full_reg_reg_1 |                                    |                2 |             16 |         8.00 |
|  clk_IBUF_BUFG                 | U_APB_Master/temp_write_reg_reg_5[0]                            | U_APB_Master/temp_write_reg_reg_10 |                6 |             24 |         4.00 |
|  clk_IBUF_BUFG                 | U_APB_Master/temp_write_reg_reg_6[0]                            |                                    |               14 |             32 |         2.29 |
|  clk_IBUF_BUFG                 | U_APB_Master/temp_write_reg_reg_4[0]                            |                                    |                8 |             32 |         4.00 |
|  clk_IBUF_BUFG                 | U_Core/U_ControlUnit/E[0]                                       | reset_IBUF                         |                9 |             32 |         3.56 |
|  clk_IBUF_BUFG                 | U_APB_Master/temp_write_reg_reg_1[0]                            | reset_IBUF                         |                6 |             32 |         5.33 |
|  clk_IBUF_BUFG                 | U_APB_Master/temp_write_reg_reg_0[0]                            |                                    |               10 |             32 |         3.20 |
|  clk_IBUF_BUFG                 | U_APB_Master/temp_write_reg_reg_2[0]                            | reset_IBUF                         |                8 |             32 |         4.00 |
|  clk_IBUF_BUFG                 | U_APB_Master/temp_write_reg_reg_7[0]                            |                                    |               15 |             32 |         2.13 |
|  clk_IBUF_BUFG                 | U_APB_Master/temp_write_reg_reg_9[0]                            |                                    |                9 |             32 |         3.56 |
|  clk_IBUF_BUFG                 | U_APB_Master/slv_reg0_0                                         | reset_IBUF                         |               10 |             32 |         3.20 |
|  clk_IBUF_BUFG                 | U_APB_Master/slv_reg0_1                                         | reset_IBUF                         |               10 |             32 |         3.20 |
|  clk_IBUF_BUFG                 | U_APB_Master/slv_reg0                                           | reset_IBUF                         |                8 |             32 |         4.00 |
|  clk_IBUF_BUFG                 | U_APB_Master/E[0]                                               | reset_IBUF                         |                8 |             32 |         4.00 |
|  clk_IBUF_BUFG                 | U_APB_Master/temp_addr_reg_reg[3]_0[0]                          | reset_IBUF                         |               12 |             32 |         2.67 |
|  clk_IBUF_BUFG                 | U_APB_Master/temp_addr_reg_reg[2]_rep_1[0]                      | reset_IBUF                         |                8 |             32 |         4.00 |
|  clk_IBUF_BUFG                 | U_APB_Master/temp_write_reg_reg_3[0]                            | reset_IBUF                         |                8 |             32 |         4.00 |
|  clk_IBUF_BUFG                 | U_APB_Master/temp_addr_reg_reg[3]_1[0]                          | reset_IBUF                         |               12 |             32 |         2.67 |
|  clk_IBUF_BUFG                 | U_APB_Master/temp_addr_reg_reg[2]_rep_3[0]                      | reset_IBUF                         |                6 |             32 |         5.33 |
|  clk_IBUF_BUFG                 | U_APB_Master/temp_addr_reg_reg[3]_2[0]                          | reset_IBUF                         |                6 |             32 |         5.33 |
|  clk_IBUF_BUFG                 | U_timer_Peri/U_timer_IP/U_Counter/TCNT_n_0                      | reset_IBUF                         |                5 |             32 |         6.40 |
|  clk_IBUF_BUFG                 | U_timer_Peri/U_APB_Intf_timer/E[0]                              | reset_IBUF                         |                5 |             33 |         6.60 |
|  clk_IBUF_BUFG                 | U_APB_Master/temp_addr_reg_reg[2]_rep_2[0]                      | reset_IBUF                         |               14 |             40 |         2.86 |
|  clk_IBUF_BUFG                 | U_Core/U_ControlUnit/temp_addr_next                             | reset_IBUF                         |               30 |             64 |         2.13 |
|  clk_IBUF_BUFG                 | U_Core/U_ControlUnit/regFileWe                                  |                                    |               12 |             96 |         8.00 |
|  clk_IBUF_BUFG                 |                                                                 | reset_IBUF                         |              106 |            279 |         2.63 |
+--------------------------------+-----------------------------------------------------------------+------------------------------------+------------------+----------------+--------------+


