#-----------------------------------------------------------
# Vivado v2020.2 (64-bit)
# SW Build 3064766 on Wed Nov 18 09:12:45 MST 2020
# IP Build 3064653 on Wed Nov 18 14:17:31 MST 2020
# Start of session at: Thu Apr  3 21:06:43 2025
# Process ID: 9940
# Current directory: C:/Users/user/Desktop/test/250403_pro_uart
# Command line: vivado.exe -gui_launcher_event rodinguilauncherevent16956 C:\Users\user\Desktop\test\250403_pro_uart\250403_pro_uart.xpr
# Log file: C:/Users/user/Desktop/test/250403_pro_uart/vivado.log
# Journal file: C:/Users/user/Desktop/test/250403_pro_uart\vivado.jou
#-----------------------------------------------------------
start_gui
open_project C:/Users/user/Desktop/test/250403_pro_uart/250403_pro_uart.xpr
update_compile_order -fileset sources_1
synth_design -rtl -rtl_skip_mlo -name rtl_1
close [ open C:/Users/user/Desktop/test/250403_pro_uart/250403_pro_uart.srcs/sources_1/new/btn_control_unit.v w ]
add_files C:/Users/user/Desktop/test/250403_pro_uart/250403_pro_uart.srcs/sources_1/new/btn_control_unit.v
update_compile_order -fileset sources_1
refresh_design
refresh_design
refresh_design
update_compile_order -fileset sources_1
refresh_design
refresh_design
refresh_design
refresh_design
reset_run synth_1
launch_runs impl_1 -to_step write_bitstream -jobs 8
wait_on_run impl_1
open_run impl_1
open_hw_manager
connect_hw_server -allow_non_jtag
open_hw_target
set_property PROGRAM.FILE {C:/Users/user/Desktop/test/250403_pro_uart/250403_pro_uart.runs/impl_1/top_counter_up_down.bit} [get_hw_devices xc7a35t_0]
current_hw_device [get_hw_devices xc7a35t_0]
refresh_hw_device -update_hw_probes false [lindex [get_hw_devices xc7a35t_0] 0]
set_property PROBES.FILE {} [get_hw_devices xc7a35t_0]
set_property FULL_PROBES.FILE {} [get_hw_devices xc7a35t_0]
set_property PROGRAM.FILE {C:/Users/user/Desktop/test/250403_pro_uart/250403_pro_uart.runs/impl_1/top_counter_up_down.bit} [get_hw_devices xc7a35t_0]
program_hw_devices [get_hw_devices xc7a35t_0]
refresh_hw_device [lindex [get_hw_devices xc7a35t_0] 0]
current_design rtl_1
set_property PROBES.FILE {} [get_hw_devices xc7a35t_0]
set_property FULL_PROBES.FILE {} [get_hw_devices xc7a35t_0]
set_property PROGRAM.FILE {C:/Users/user/Desktop/test/250403_pro_uart/250403_pro_uart.runs/impl_1/top_counter_up_down.bit} [get_hw_devices xc7a35t_0]
program_hw_devices [get_hw_devices xc7a35t_0]
refresh_hw_device [lindex [get_hw_devices xc7a35t_0] 0]
refresh_design
refresh_design
reset_run synth_1
launch_runs impl_1 -to_step write_bitstream -jobs 8
wait_on_run impl_1
set_property PROBES.FILE {} [get_hw_devices xc7a35t_0]
set_property FULL_PROBES.FILE {} [get_hw_devices xc7a35t_0]
set_property PROGRAM.FILE {C:/Users/user/Desktop/test/250403_pro_uart/250403_pro_uart.runs/impl_1/top_counter_up_down.bit} [get_hw_devices xc7a35t_0]
program_hw_devices [get_hw_devices xc7a35t_0]
refresh_hw_device [lindex [get_hw_devices xc7a35t_0] 0]
set_property PROBES.FILE {} [get_hw_devices xc7a35t_0]
set_property FULL_PROBES.FILE {} [get_hw_devices xc7a35t_0]
set_property PROGRAM.FILE {C:/Users/user/Desktop/test/250403_pro_uart/250403_pro_uart.runs/impl_1/top_counter_up_down.bit} [get_hw_devices xc7a35t_0]
program_hw_devices [get_hw_devices xc7a35t_0]
refresh_hw_device [lindex [get_hw_devices xc7a35t_0] 0]
refresh_design
reset_run synth_1
launch_runs impl_1 -to_step write_bitstream -jobs 8
wait_on_run impl_1
set_property PROBES.FILE {} [get_hw_devices xc7a35t_0]
set_property FULL_PROBES.FILE {} [get_hw_devices xc7a35t_0]
set_property PROGRAM.FILE {C:/Users/user/Desktop/test/250403_pro_uart/250403_pro_uart.runs/impl_1/top_counter_up_down.bit} [get_hw_devices xc7a35t_0]
program_hw_devices [get_hw_devices xc7a35t_0]
refresh_hw_device [lindex [get_hw_devices xc7a35t_0] 0]
set_property PROBES.FILE {} [get_hw_devices xc7a35t_0]
set_property FULL_PROBES.FILE {} [get_hw_devices xc7a35t_0]
set_property PROGRAM.FILE {C:/Users/user/Desktop/test/250403_pro_uart/250403_pro_uart.runs/impl_1/top_counter_up_down.bit} [get_hw_devices xc7a35t_0]
program_hw_devices [get_hw_devices xc7a35t_0]
refresh_hw_device [lindex [get_hw_devices xc7a35t_0] 0]
