Copyright 1986-2020 Xilinx, Inc. All Rights Reserved.
------------------------------------------------------------------------------------------------------------------------------------
| Tool Version : Vivado v.2020.2 (win64) Build 3064766 Wed Nov 18 09:12:45 MST 2020
| Date         : Wed May 28 16:28:16 2025
| Host         : DESKTOP-7CFQ9ND running 64-bit major release  (build 9200)
| Command      : report_drc -file VGA_controller_drc_routed.rpt -pb VGA_controller_drc_routed.pb -rpx VGA_controller_drc_routed.rpx
| Design       : VGA_controller
| Device       : xc7a35tcpg236-1
| Speed File   : -1
| Design State : Fully Routed
------------------------------------------------------------------------------------------------------------------------------------

Report DRC

Table of Contents
-----------------
1. REPORT SUMMARY
2. REPORT DETAILS

1. REPORT SUMMARY
-----------------
            Netlist: netlist
          Floorplan: design_1
      Design limits: <entire design considered>
           Ruledeck: default
             Max violations: <unlimited>
             Violations found: 3
+----------+----------+-------------------+------------+
| Rule     | Severity | Description       | Violations |
+----------+----------+-------------------+------------+
| PDRC-153 | Warning  | Gated clock check | 3          |
+----------+----------+-------------------+------------+

2. REPORT DETAILS
-----------------
PDRC-153#1 Warning
Gated clock check  
Net u_VGA_Decoder/u_pix_counter/E[0] is a gated clock net sourced by a combinational pin u_VGA_Decoder/u_pix_counter/blue_port_reg[3]_i_2/O, cell u_VGA_Decoder/u_pix_counter/blue_port_reg[3]_i_2. This is not good design practice and will likely impact performance. For SLICE registers, for example, use the CE pin to control the loading of data.
Related violations: <none>

PDRC-153#2 Warning
Gated clock check  
Net u_VGA_Decoder/u_pix_counter/red_port_reg[3]_i_13_0[0] is a gated clock net sourced by a combinational pin u_VGA_Decoder/u_pix_counter/red_port_reg[3]_i_2/O, cell u_VGA_Decoder/u_pix_counter/red_port_reg[3]_i_2. This is not good design practice and will likely impact performance. For SLICE registers, for example, use the CE pin to control the loading of data.
Related violations: <none>

PDRC-153#3 Warning
Gated clock check  
Net u_VGA_Decoder/u_pix_counter/red_port_reg[3]_i_8_0 is a gated clock net sourced by a combinational pin u_VGA_Decoder/u_pix_counter/green_port_reg[3]_i_2/O, cell u_VGA_Decoder/u_pix_counter/green_port_reg[3]_i_2. This is not good design practice and will likely impact performance. For SLICE registers, for example, use the CE pin to control the loading of data.
Related violations: <none>


